May  2 08:57:29 iv-splv-link kernel: [1008485.065245] vmxnet3 0000:0b:00.0 eth0: NIC Link is Down
May  2 08:57:29 iv-splv-link kernel: [1008485.111339] vmxnet3 0000:0b:00.0 eth0: NIC Link is Up 10000 Mbps
May  2 09:51:18 iv-splv-link kernel: [1011689.188049] [link_supervision]IN=eth0 OUT=tun0 MAC=00:50:56:a3:24:51:00:50:56:a3:2e:62:08:00 SRC=10.10.10.151 DST=10.8.0.6 LEN=84 TOS=0x00 PREC=0x00 TTL=63 ID=29127 PROTO=ICMP TYPE=0 CODE=0 ID=52615 SEQ=0 
May  2 09:51:19 iv-splv-link kernel: [1011690.174944] [link_supervision]IN=tun0 OUT=eth0 MAC= SRC=10.8.0.6 DST=10.10.10.151 LEN=84 TOS=0x00 PREC=0x00 TTL=63 ID=38831 PROTO=ICMP TYPE=8 CODE=0 ID=52615 SEQ=1 
May  2 09:51:19 iv-splv-link kernel: [1011690.175046] [link_supervision]IN=eth0 OUT=tun0 MAC=00:50:56:a3:24:51:00:50:56:a3:2e:62:08:00 SRC=10.10.10.151 DST=10.8.0.6 LEN=84 TOS=0x00 PREC=0x00 TTL=63 ID=29236 PROTO=ICMP TYPE=0 CODE=0 ID=52615 SEQ=1 
May  2 09:51:20 iv-splv-link kernel: [1011691.176626] [link_supervision]IN=tun0 OUT=eth0 MAC= SRC=10.8.0.6 DST=10.10.10.151 LEN=84 TOS=0x00 PREC=0x00 TTL=63 ID=44862 PROTO=ICMP TYPE=8 CODE=0 ID=52615 SEQ=2 
May  2 09:51:20 iv-splv-link kernel: [1011691.176724] [link_supervision]IN=eth0 OUT=tun0 MAC=00:50:56:a3:24:51:00:50:56:a3:2e:62:08:00 SRC=10.10.10.151 DST=10.8.0.6 LEN=84 TOS=0x00 PREC=0x00 TTL=63 ID=29350 PROTO=ICMP TYPE=0 CODE=0 ID=52615 SEQ=2 
May  2 09:51:21 iv-splv-link kernel: [1011692.178506] [link_supervision]IN=tun0 OUT=eth0 MAC= SRC=10.8.0.6 DST=10.10.10.151 LEN=84 TOS=0x00 PREC=0x00 TTL=63 ID=14158 PROTO=ICMP TYPE=8 CODE=0 ID=52615 SEQ=3 
May  2 09:51:21 iv-splv-link kernel: [1011692.178606] [link_supervision]IN=eth0 OUT=tun0 MAC=00:50:56:a3:24:51:00:50:56:a3:2e:62:08:00 SRC=10.10.10.151 DST=10.8.0.6 LEN=84 TOS=0x00 PREC=0x00 TTL=63 ID=29600 PROTO=ICMP TYPE=0 CODE=0 ID=52615 SEQ=3 
May  2 09:51:22 iv-splv-link kernel: [1011693.183618] [link_supervision]IN=tun0 OUT=eth0 MAC= SRC=10.8.0.6 DST=10.10.10.151 LEN=84 TOS=0x00 PREC=0x00 TTL=63 ID=50944 PROTO=ICMP TYPE=8 CODE=0 ID=52615 SEQ=4 
May  2 09:51:22 iv-splv-link kernel: [1011693.183698] [link_supervision]IN=eth0 OUT=tun0 MAC=00:50:56:a3:24:51:00:50:56:a3:2e:62:08:00 SRC=10.10.10.151 DST=10.8.0.6 LEN=84 TOS=0x00 PREC=0x00 TTL=63 ID=29768 PROTO=ICMP TYPE=0 CODE=0 ID=52615 SEQ=4 
May  2 09:51:23 iv-splv-link kernel: [1011694.185462] [link_supervision]IN=tun0 OUT=eth0 MAC= SRC=10.8.0.6 DST=10.10.10.151 LEN=84 TOS=0x00 PREC=0x00 TTL=63 ID=34728 PROTO=ICMP TYPE=8 CODE=0 ID=52615 SEQ=5 
May  2 09:51:23 iv-splv-link kernel: [1011694.185540] [link_supervision]IN=eth0 OUT=tun0 MAC=00:50:56:a3:24:51:00:50:56:a3:2e:62:08:00 SRC=10.10.10.151 DST=10.8.0.6 LEN=84 TOS=0x00 PREC=0x00 TTL=63 ID=29886 PROTO=ICMP TYPE=0 CODE=0 ID=52615 SEQ=5 
May  2 09:51:24 iv-splv-link kernel: [1011695.187094] [link_supervision]IN=tun0 OUT=eth0 MAC= SRC=10.8.0.6 DST=10.10.10.151 LEN=84 TOS=0x00 PREC=0x00 TTL=63 ID=30656 PROTO=ICMP TYPE=8 CODE=0 ID=52615 SEQ=6 
May  2 09:51:24 iv-splv-link kernel: [1011695.187159] [link_supervision]IN=eth0 OUT=tun0 MAC=00:50:56:a3:24:51:00:50:56:a3:2e:62:08:00 SRC=10.10.10.151 DST=10.8.0.6 LEN=84 TOS=0x00 PREC=0x00 TTL=63 ID=30024 PROTO=ICMP TYPE=0 CODE=0 ID=52615 SEQ=6 
May  2 09:51:25 iv-splv-link kernel: [1011696.192118] [link_supervision]IN=tun0 OUT=eth0 MAC= SRC=10.8.0.6 DST=10.10.10.151 LEN=84 TOS=0x00 PREC=0x00 TTL=63 ID=63696 PROTO=ICMP TYPE=8 CODE=0 ID=52615 SEQ=7 
May  2 09:51:25 iv-splv-link kernel: [1011696.192227] [link_supervision]IN=eth0 OUT=tun0 MAC=00:50:56:a3:24:51:00:50:56:a3:2e:62:08:00 SRC=10.10.10.151 DST=10.8.0.6 LEN=84 TOS=0x00 PREC=0x00 TTL=63 ID=30098 PROTO=ICMP TYPE=0 CODE=0 ID=52615 SEQ=7 
May  2 09:51:26 iv-splv-link kernel: [1011697.192349] [link_supervision]IN=tun0 OUT=eth0 MAC= SRC=10.8.0.6 DST=10.10.10.151 LEN=84 TOS=0x00 PREC=0x00 TTL=63 ID=41772 PROTO=ICMP TYPE=8 CODE=0 ID=52615 SEQ=8 
May  2 09:51:26 iv-splv-link kernel: [1011697.192464] [link_supervision]IN=eth0 OUT=tun0 MAC=00:50:56:a3:24:51:00:50:56:a3:2e:62:08:00 SRC=10.10.10.151 DST=10.8.0.6 LEN=84 TOS=0x00 PREC=0x00 TTL=63 ID=30169 PROTO=ICMP TYPE=0 CODE=0 ID=52615 SEQ=8 
May  2 09:51:27 iv-splv-link kernel: [1011698.198399] [link_supervision]IN=tun0 OUT=eth0 MAC= SRC=10.8.0.6 DST=10.10.10.151 LEN=84 TOS=0x00 PREC=0x00 TTL=63 ID=57864 PROTO=ICMP TYPE=8 CODE=0 ID=52615 SEQ=9 
May  2 09:51:27 iv-splv-link kernel: [1011698.198494] [link_supervision]IN=eth0 OUT=tun0 MAC=00:50:56:a3:24:51:00:50:56:a3:2e:62:08:00 SRC=10.10.10.151 DST=10.8.0.6 LEN=84 TOS=0x00 PREC=0x00 TTL=63 ID=30281 PROTO=ICMP TYPE=0 CODE=0 ID=52615 SEQ=9 
May  2 09:51:28 iv-splv-link kernel: [1011699.200684] [link_supervision]IN=tun0 OUT=eth0 MAC= SRC=10.8.0.6 DST=10.10.10.151 LEN=84 TOS=0x00 PREC=0x00 TTL=63 ID=3874 PROTO=ICMP TYPE=8 CODE=0 ID=52615 SEQ=10 
May  2 09:51:28 iv-splv-link kernel: [1011699.200772] [link_supervision]IN=eth0 OUT=tun0 MAC=00:50:56:a3:24:51:00:50:56:a3:2e:62:08:00 SRC=10.10.10.151 DST=10.8.0.6 LEN=84 TOS=0x00 PREC=0x00 TTL=63 ID=30508 PROTO=ICMP TYPE=0 CODE=0 ID=52615 SEQ=10 
May  2 09:51:29 iv-splv-link kernel: [1011700.203027] [link_supervision]IN=tun0 OUT=eth0 MAC= SRC=10.8.0.6 DST=10.10.10.151 LEN=84 TOS=0x00 PREC=0x00 TTL=63 ID=33264 PROTO=ICMP TYPE=8 CODE=0 ID=52615 SEQ=11 
May  2 09:51:29 iv-splv-link kernel: [1011700.203107] [link_supervision]IN=eth0 OUT=tun0 MAC=00:50:56:a3:24:51:00:50:56:a3:2e:62:08:00 SRC=10.10.10.151 DST=10.8.0.6 LEN=84 TOS=0x00 PREC=0x00 TTL=63 ID=30683 PROTO=ICMP TYPE=0 CODE=0 ID=52615 SEQ=11 
May  2 09:51:30 iv-splv-link kernel: [1011701.203236] [link_supervision]IN=tun0 OUT=eth0 MAC= SRC=10.8.0.6 DST=10.10.10.151 LEN=84 TOS=0x00 PREC=0x00 TTL=63 ID=9068 PROTO=ICMP TYPE=8 CODE=0 ID=52615 SEQ=12 
May  2 09:51:30 iv-splv-link kernel: [1011701.203346] [link_supervision]IN=eth0 OUT=tun0 MAC=00:50:56:a3:24:51:00:50:56:a3:2e:62:08:00 SRC=10.10.10.151 DST=10.8.0.6 LEN=84 TOS=0x00 PREC=0x00 TTL=63 ID=30894 PROTO=ICMP TYPE=0 CODE=0 ID=52615 SEQ=12 
May  2 09:51:31 iv-splv-link kernel: [1011702.209389] [link_supervision]IN=tun0 OUT=eth0 MAC= SRC=10.8.0.6 DST=10.10.10.151 LEN=84 TOS=0x00 PREC=0x00 TTL=63 ID=15527 PROTO=ICMP TYPE=8 CODE=0 ID=52615 SEQ=13 
May  2 09:51:31 iv-splv-link kernel: [1011702.209492] [link_supervision]IN=eth0 OUT=tun0 MAC=00:50:56:a3:24:51:00:50:56:a3:2e:62:08:00 SRC=10.10.10.151 DST=10.8.0.6 LEN=84 TOS=0x00 PREC=0x00 TTL=63 ID=30945 PROTO=ICMP TYPE=0 CODE=0 ID=52615 SEQ=13 
May  2 09:51:32 iv-splv-link kernel: [1011703.212738] [link_supervision]IN=tun0 OUT=eth0 MAC= SRC=10.8.0.6 DST=10.10.10.151 LEN=84 TOS=0x00 PREC=0x00 TTL=63 ID=48036 PROTO=ICMP TYPE=8 CODE=0 ID=52615 SEQ=14 
May  2 09:51:32 iv-splv-link kernel: [1011703.212842] [link_supervision]IN=eth0 OUT=tun0 MAC=00:50:56:a3:24:51:00:50:56:a3:2e:62:08:00 SRC=10.10.10.151 DST=10.8.0.6 LEN=84 TOS=0x00 PREC=0x00 TTL=63 ID=31105 PROTO=ICMP TYPE=0 CODE=0 ID=52615 SEQ=14 
May  2 09:51:33 iv-splv-link kernel: [1011704.213608] [link_supervision]IN=tun0 OUT=eth0 MAC= SRC=10.8.0.6 DST=10.10.10.151 LEN=84 TOS=0x00 PREC=0x00 TTL=63 ID=39462 PROTO=ICMP TYPE=8 CODE=0 ID=52615 SEQ=15 
May  2 09:51:33 iv-splv-link kernel: [1011704.213727] [link_supervision]IN=eth0 OUT=tun0 MAC=00:50:56:a3:24:51:00:50:56:a3:2e:62:08:00 SRC=10.10.10.151 DST=10.8.0.6 LEN=84 TOS=0x00 PREC=0x00 TTL=63 ID=31240 PROTO=ICMP TYPE=0 CODE=0 ID=52615 SEQ=15 
May  2 09:51:34 iv-splv-link kernel: [1011705.217792] [link_supervision]IN=tun0 OUT=eth0 MAC= SRC=10.8.0.6 DST=10.10.10.151 LEN=84 TOS=0x00 PREC=0x00 TTL=63 ID=22480 PROTO=ICMP TYPE=8 CODE=0 ID=52615 SEQ=16 
May  2 09:51:34 iv-splv-link kernel: [1011705.217925] [link_supervision]IN=eth0 OUT=tun0 MAC=00:50:56:a3:24:51:00:50:56:a3:2e:62:08:00 SRC=10.10.10.151 DST=10.8.0.6 LEN=84 TOS=0x00 PREC=0x00 TTL=63 ID=31401 PROTO=ICMP TYPE=0 CODE=0 ID=52615 SEQ=16 
May  2 09:51:35 iv-splv-link kernel: [1011706.221844] [link_supervision]IN=tun0 OUT=eth0 MAC= SRC=10.8.0.6 DST=10.10.10.151 LEN=84 TOS=0x00 PREC=0x00 TTL=63 ID=29373 PROTO=ICMP TYPE=8 CODE=0 ID=52615 SEQ=17 
May  2 09:51:35 iv-splv-link kernel: [1011706.221939] [link_supervision]IN=eth0 OUT=tun0 MAC=00:50:56:a3:24:51:00:50:56:a3:2e:62:08:00 SRC=10.10.10.151 DST=10.8.0.6 LEN=84 TOS=0x00 PREC=0x00 TTL=63 ID=31495 PROTO=ICMP TYPE=0 CODE=0 ID=52615 SEQ=17 
May  2 09:59:20 iv-splv-link kernel: [1012171.427628] [link_supervision]IN=eth0 OUT=tun0 MAC=00:50:56:a3:24:51:00:50:56:a3:2e:62:08:00 SRC=10.10.10.151 DST=10.8.0.6 LEN=84 TOS=0x00 PREC=0x00 TTL=63 ID=16497 PROTO=ICMP TYPE=0 CODE=0 ID=61319 SEQ=0 
May  2 09:59:21 iv-splv-link kernel: [1012172.428750] [link_supervision]IN=tun0 OUT=eth0 MAC= SRC=10.8.0.6 DST=10.10.10.151 LEN=84 TOS=0x00 PREC=0x00 TTL=63 ID=41309 PROTO=ICMP TYPE=8 CODE=0 ID=61319 SEQ=1 
May  2 09:59:21 iv-splv-link kernel: [1012172.428867] [link_supervision]IN=eth0 OUT=tun0 MAC=00:50:56:a3:24:51:00:50:56:a3:2e:62:08:00 SRC=10.10.10.151 DST=10.8.0.6 LEN=84 TOS=0x00 PREC=0x00 TTL=63 ID=16569 PROTO=ICMP TYPE=0 CODE=0 ID=61319 SEQ=1 
May  2 09:59:22 iv-splv-link kernel: [1012173.431091] [link_supervision]IN=tun0 OUT=eth0 MAC= SRC=10.8.0.6 DST=10.10.10.151 LEN=84 TOS=0x00 PREC=0x00 TTL=63 ID=60675 PROTO=ICMP TYPE=8 CODE=0 ID=61319 SEQ=2 
May  2 09:59:22 iv-splv-link kernel: [1012173.431162] [link_supervision]IN=eth0 OUT=tun0 MAC=00:50:56:a3:24:51:00:50:56:a3:2e:62:08:00 SRC=10.10.10.151 DST=10.8.0.6 LEN=84 TOS=0x00 PREC=0x00 TTL=63 ID=16735 PROTO=ICMP TYPE=0 CODE=0 ID=61319 SEQ=2 
May  2 09:59:23 iv-splv-link kernel: [1012174.431265] [link_supervision]IN=tun0 OUT=eth0 MAC= SRC=10.8.0.6 DST=10.10.10.151 LEN=84 TOS=0x00 PREC=0x00 TTL=63 ID=30573 PROTO=ICMP TYPE=8 CODE=0 ID=61319 SEQ=3 
May  2 09:59:23 iv-splv-link kernel: [1012174.431390] [link_supervision]IN=eth0 OUT=tun0 MAC=00:50:56:a3:24:51:00:50:56:a3:2e:62:08:00 SRC=10.10.10.151 DST=10.8.0.6 LEN=84 TOS=0x00 PREC=0x00 TTL=63 ID=16950 PROTO=ICMP TYPE=0 CODE=0 ID=61319 SEQ=3 
May  2 09:59:24 iv-splv-link kernel: [1012175.434647] [link_supervision]IN=tun0 OUT=eth0 MAC= SRC=10.8.0.6 DST=10.10.10.151 LEN=84 TOS=0x00 PREC=0x00 TTL=63 ID=9241 PROTO=ICMP TYPE=8 CODE=0 ID=61319 SEQ=4 
May  2 09:59:24 iv-splv-link kernel: [1012175.434748] [link_supervision]IN=eth0 OUT=tun0 MAC=00:50:56:a3:24:51:00:50:56:a3:2e:62:08:00 SRC=10.10.10.151 DST=10.8.0.6 LEN=84 TOS=0x00 PREC=0x00 TTL=63 ID=16999 PROTO=ICMP TYPE=0 CODE=0 ID=61319 SEQ=4 
May  2 09:59:25 iv-splv-link kernel: [1012176.435304] [link_supervision]IN=tun0 OUT=eth0 MAC= SRC=10.8.0.6 DST=10.10.10.151 LEN=84 TOS=0x00 PREC=0x00 TTL=63 ID=51862 PROTO=ICMP TYPE=8 CODE=0 ID=61319 SEQ=5 
May  2 09:59:25 iv-splv-link kernel: [1012176.435401] [link_supervision]IN=eth0 OUT=tun0 MAC=00:50:56:a3:24:51:00:50:56:a3:2e:62:08:00 SRC=10.10.10.151 DST=10.8.0.6 LEN=84 TOS=0x00 PREC=0x00 TTL=63 ID=17224 PROTO=ICMP TYPE=0 CODE=0 ID=61319 SEQ=5 
May  2 09:59:26 iv-splv-link kernel: [1012177.436405] [link_supervision]IN=tun0 OUT=eth0 MAC= SRC=10.8.0.6 DST=10.10.10.151 LEN=84 TOS=0x00 PREC=0x00 TTL=63 ID=21245 PROTO=ICMP TYPE=8 CODE=0 ID=61319 SEQ=6 
May  2 09:59:26 iv-splv-link kernel: [1012177.436487] [link_supervision]IN=eth0 OUT=tun0 MAC=00:50:56:a3:24:51:00:50:56:a3:2e:62:08:00 SRC=10.10.10.151 DST=10.8.0.6 LEN=84 TOS=0x00 PREC=0x00 TTL=63 ID=17473 PROTO=ICMP TYPE=0 CODE=0 ID=61319 SEQ=6 
May  2 10:02:41 iv-splv-link kernel: [1012372.348084] [link_supervision]IN=eth0 OUT=tun0 MAC=00:50:56:a3:24:51:00:50:56:a3:2e:62:08:00 SRC=10.10.10.151 DST=10.8.0.6 LEN=84 TOS=0x00 PREC=0x00 TTL=63 ID=46353 PROTO=ICMP TYPE=0 CODE=0 ID=63879 SEQ=0 
May  2 10:02:42 iv-splv-link kernel: [1012373.350334] [link_supervision]IN=tun0 OUT=eth0 MAC= SRC=10.8.0.6 DST=10.10.10.151 LEN=84 TOS=0x00 PREC=0x00 TTL=63 ID=24012 PROTO=ICMP TYPE=8 CODE=0 ID=63879 SEQ=1 
May  2 10:02:42 iv-splv-link kernel: [1012373.350432] [link_supervision]IN=eth0 OUT=tun0 MAC=00:50:56:a3:24:51:00:50:56:a3:2e:62:08:00 SRC=10.10.10.151 DST=10.8.0.6 LEN=84 TOS=0x00 PREC=0x00 TTL=63 ID=46570 PROTO=ICMP TYPE=0 CODE=0 ID=63879 SEQ=1 
May  2 10:02:43 iv-splv-link kernel: [1012374.354220] [link_supervision]IN=tun0 OUT=eth0 MAC= SRC=10.8.0.6 DST=10.10.10.151 LEN=84 TOS=0x00 PREC=0x00 TTL=63 ID=36316 PROTO=ICMP TYPE=8 CODE=0 ID=63879 SEQ=2 
May  2 10:02:43 iv-splv-link kernel: [1012374.354343] [link_supervision]IN=eth0 OUT=tun0 MAC=00:50:56:a3:24:51:00:50:56:a3:2e:62:08:00 SRC=10.10.10.151 DST=10.8.0.6 LEN=84 TOS=0x00 PREC=0x00 TTL=63 ID=46619 PROTO=ICMP TYPE=0 CODE=0 ID=63879 SEQ=2 
May  2 10:02:44 iv-splv-link kernel: [1012375.356864] [link_supervision]IN=tun0 OUT=eth0 MAC= SRC=10.8.0.6 DST=10.10.10.151 LEN=84 TOS=0x00 PREC=0x00 TTL=63 ID=14006 PROTO=ICMP TYPE=8 CODE=0 ID=63879 SEQ=3 
May  2 10:02:44 iv-splv-link kernel: [1012375.356995] [link_supervision]IN=eth0 OUT=tun0 MAC=00:50:56:a3:24:51:00:50:56:a3:2e:62:08:00 SRC=10.10.10.151 DST=10.8.0.6 LEN=84 TOS=0x00 PREC=0x00 TTL=63 ID=46647 PROTO=ICMP TYPE=0 CODE=0 ID=63879 SEQ=3 
May  2 10:02:45 iv-splv-link kernel: [1012376.362002] [link_supervision]IN=tun0 OUT=eth0 MAC= SRC=10.8.0.6 DST=10.10.10.151 LEN=84 TOS=0x00 PREC=0x00 TTL=63 ID=27447 PROTO=ICMP TYPE=8 CODE=0 ID=63879 SEQ=4 
May  2 10:02:45 iv-splv-link kernel: [1012376.362114] [link_supervision]IN=eth0 OUT=tun0 MAC=00:50:56:a3:24:51:00:50:56:a3:2e:62:08:00 SRC=10.10.10.151 DST=10.8.0.6 LEN=84 TOS=0x00 PREC=0x00 TTL=63 ID=46838 PROTO=ICMP TYPE=0 CODE=0 ID=63879 SEQ=4 
May  2 10:02:46 iv-splv-link kernel: [1012377.366828] [link_supervision]IN=tun0 OUT=eth0 MAC= SRC=10.8.0.6 DST=10.10.10.151 LEN=84 TOS=0x00 PREC=0x00 TTL=63 ID=26228 PROTO=ICMP TYPE=8 CODE=0 ID=63879 SEQ=5 
May  2 10:02:46 iv-splv-link kernel: [1012377.366896] [link_supervision]IN=eth0 OUT=tun0 MAC=00:50:56:a3:24:51:00:50:56:a3:2e:62:08:00 SRC=10.10.10.151 DST=10.8.0.6 LEN=84 TOS=0x00 PREC=0x00 TTL=63 ID=47028 PROTO=ICMP TYPE=0 CODE=0 ID=63879 SEQ=5 
May  2 10:02:47 iv-splv-link kernel: [1012378.373514] [link_supervision]IN=tun0 OUT=eth0 MAC= SRC=10.8.0.6 DST=10.10.10.151 LEN=84 TOS=0x00 PREC=0x00 TTL=63 ID=58338 PROTO=ICMP TYPE=8 CODE=0 ID=63879 SEQ=6 
May  2 10:02:47 iv-splv-link kernel: [1012378.373598] [link_supervision]IN=eth0 OUT=tun0 MAC=00:50:56:a3:24:51:00:50:56:a3:2e:62:08:00 SRC=10.10.10.151 DST=10.8.0.6 LEN=84 TOS=0x00 PREC=0x00 TTL=63 ID=47051 PROTO=ICMP TYPE=0 CODE=0 ID=63879 SEQ=6 
May  2 10:02:48 iv-splv-link kernel: [1012379.372221] [link_supervision]IN=tun0 OUT=eth0 MAC= SRC=10.8.0.6 DST=10.10.10.151 LEN=84 TOS=0x00 PREC=0x00 TTL=63 ID=34822 PROTO=ICMP TYPE=8 CODE=0 ID=63879 SEQ=7 
May  2 10:02:48 iv-splv-link kernel: [1012379.372320] [link_supervision]IN=eth0 OUT=tun0 MAC=00:50:56:a3:24:51:00:50:56:a3:2e:62:08:00 SRC=10.10.10.151 DST=10.8.0.6 LEN=84 TOS=0x00 PREC=0x00 TTL=63 ID=47158 PROTO=ICMP TYPE=0 CODE=0 ID=63879 SEQ=7 
May  2 10:02:49 iv-splv-link kernel: [1012380.377791] [link_supervision]IN=tun0 OUT=eth0 MAC= SRC=10.8.0.6 DST=10.10.10.151 LEN=84 TOS=0x00 PREC=0x00 TTL=63 ID=816 PROTO=ICMP TYPE=8 CODE=0 ID=63879 SEQ=8 
May  2 10:02:49 iv-splv-link kernel: [1012380.377884] [link_supervision]IN=eth0 OUT=tun0 MAC=00:50:56:a3:24:51:00:50:56:a3:2e:62:08:00 SRC=10.10.10.151 DST=10.8.0.6 LEN=84 TOS=0x00 PREC=0x00 TTL=63 ID=47256 PROTO=ICMP TYPE=0 CODE=0 ID=63879 SEQ=8 
May  2 10:02:50 iv-splv-link kernel: [1012381.379672] [link_supervision]IN=tun0 OUT=eth0 MAC= SRC=10.8.0.6 DST=10.10.10.151 LEN=84 TOS=0x00 PREC=0x00 TTL=63 ID=30456 PROTO=ICMP TYPE=8 CODE=0 ID=63879 SEQ=9 
May  2 10:02:50 iv-splv-link kernel: [1012381.379757] [link_supervision]IN=eth0 OUT=tun0 MAC=00:50:56:a3:24:51:00:50:56:a3:2e:62:08:00 SRC=10.10.10.151 DST=10.8.0.6 LEN=84 TOS=0x00 PREC=0x00 TTL=63 ID=47344 PROTO=ICMP TYPE=0 CODE=0 ID=63879 SEQ=9 
May  2 10:02:51 iv-splv-link kernel: [1012382.386017] [link_supervision]IN=tun0 OUT=eth0 MAC= SRC=10.8.0.6 DST=10.10.10.151 LEN=84 TOS=0x00 PREC=0x00 TTL=63 ID=25939 PROTO=ICMP TYPE=8 CODE=0 ID=63879 SEQ=10 
May  2 10:02:51 iv-splv-link kernel: [1012382.386092] [link_supervision]IN=eth0 OUT=tun0 MAC=00:50:56:a3:24:51:00:50:56:a3:2e:62:08:00 SRC=10.10.10.151 DST=10.8.0.6 LEN=84 TOS=0x00 PREC=0x00 TTL=63 ID=47589 PROTO=ICMP TYPE=0 CODE=0 ID=63879 SEQ=10 
May  2 10:02:52 iv-splv-link kernel: [1012383.390184] [link_supervision]IN=tun0 OUT=eth0 MAC= SRC=10.8.0.6 DST=10.10.10.151 LEN=84 TOS=0x00 PREC=0x00 TTL=63 ID=16062 PROTO=ICMP TYPE=8 CODE=0 ID=63879 SEQ=11 
May  2 10:02:52 iv-splv-link kernel: [1012383.390290] [link_supervision]IN=eth0 OUT=tun0 MAC=00:50:56:a3:24:51:00:50:56:a3:2e:62:08:00 SRC=10.10.10.151 DST=10.8.0.6 LEN=84 TOS=0x00 PREC=0x00 TTL=63 ID=47774 PROTO=ICMP TYPE=0 CODE=0 ID=63879 SEQ=11 
May  2 10:02:53 iv-splv-link kernel: [1012384.393705] [link_supervision]IN=tun0 OUT=eth0 MAC= SRC=10.8.0.6 DST=10.10.10.151 LEN=84 TOS=0x00 PREC=0x00 TTL=63 ID=26732 PROTO=ICMP TYPE=8 CODE=0 ID=63879 SEQ=12 
May  2 10:02:53 iv-splv-link kernel: [1012384.393823] [link_supervision]IN=eth0 OUT=tun0 MAC=00:50:56:a3:24:51:00:50:56:a3:2e:62:08:00 SRC=10.10.10.151 DST=10.8.0.6 LEN=84 TOS=0x00 PREC=0x00 TTL=63 ID=47894 PROTO=ICMP TYPE=0 CODE=0 ID=63879 SEQ=12 
May  2 10:02:54 iv-splv-link kernel: [1012385.396429] [link_supervision]IN=tun0 OUT=eth0 MAC= SRC=10.8.0.6 DST=10.10.10.151 LEN=84 TOS=0x00 PREC=0x00 TTL=63 ID=17321 PROTO=ICMP TYPE=8 CODE=0 ID=63879 SEQ=13 
May  2 10:02:54 iv-splv-link kernel: [1012385.396517] [link_supervision]IN=eth0 OUT=tun0 MAC=00:50:56:a3:24:51:00:50:56:a3:2e:62:08:00 SRC=10.10.10.151 DST=10.8.0.6 LEN=84 TOS=0x00 PREC=0x00 TTL=63 ID=48007 PROTO=ICMP TYPE=0 CODE=0 ID=63879 SEQ=13 
May  2 10:02:55 iv-splv-link kernel: [1012386.400234] [link_supervision]IN=tun0 OUT=eth0 MAC= SRC=10.8.0.6 DST=10.10.10.151 LEN=84 TOS=0x00 PREC=0x00 TTL=63 ID=26853 PROTO=ICMP TYPE=8 CODE=0 ID=63879 SEQ=14 
May  2 10:02:55 iv-splv-link kernel: [1012386.400322] [link_supervision]IN=eth0 OUT=tun0 MAC=00:50:56:a3:24:51:00:50:56:a3:2e:62:08:00 SRC=10.10.10.151 DST=10.8.0.6 LEN=84 TOS=0x00 PREC=0x00 TTL=63 ID=48166 PROTO=ICMP TYPE=0 CODE=0 ID=63879 SEQ=14 
May  2 10:02:56 iv-splv-link kernel: [1012387.404203] [link_supervision]IN=tun0 OUT=eth0 MAC= SRC=10.8.0.6 DST=10.10.10.151 LEN=84 TOS=0x00 PREC=0x00 TTL=63 ID=38777 PROTO=ICMP TYPE=8 CODE=0 ID=63879 SEQ=15 
May  2 10:02:56 iv-splv-link kernel: [1012387.404374] [link_supervision]IN=eth0 OUT=tun0 MAC=00:50:56:a3:24:51:00:50:56:a3:2e:62:08:00 SRC=10.10.10.151 DST=10.8.0.6 LEN=84 TOS=0x00 PREC=0x00 TTL=63 ID=48386 PROTO=ICMP TYPE=0 CODE=0 ID=63879 SEQ=15 
May  2 10:02:57 iv-splv-link kernel: [1012388.409878] [link_supervision]IN=tun0 OUT=eth0 MAC= SRC=10.8.0.6 DST=10.10.10.151 LEN=84 TOS=0x00 PREC=0x00 TTL=63 ID=49683 PROTO=ICMP TYPE=8 CODE=0 ID=63879 SEQ=16 
May  2 10:02:57 iv-splv-link kernel: [1012388.409964] [link_supervision]IN=eth0 OUT=tun0 MAC=00:50:56:a3:24:51:00:50:56:a3:2e:62:08:00 SRC=10.10.10.151 DST=10.8.0.6 LEN=84 TOS=0x00 PREC=0x00 TTL=63 ID=48627 PROTO=ICMP TYPE=0 CODE=0 ID=63879 SEQ=16 
May  2 10:02:58 iv-splv-link kernel: [1012389.415593] [link_supervision]IN=tun0 OUT=eth0 MAC= SRC=10.8.0.6 DST=10.10.10.151 LEN=84 TOS=0x00 PREC=0x00 TTL=63 ID=47100 PROTO=ICMP TYPE=8 CODE=0 ID=63879 SEQ=17 
May  2 10:02:58 iv-splv-link kernel: [1012389.415681] [link_supervision]IN=eth0 OUT=tun0 MAC=00:50:56:a3:24:51:00:50:56:a3:2e:62:08:00 SRC=10.10.10.151 DST=10.8.0.6 LEN=84 TOS=0x00 PREC=0x00 TTL=63 ID=48770 PROTO=ICMP TYPE=0 CODE=0 ID=63879 SEQ=17 
May  2 10:02:59 iv-splv-link kernel: [1012390.417126] [link_supervision]IN=tun0 OUT=eth0 MAC= SRC=10.8.0.6 DST=10.10.10.151 LEN=84 TOS=0x00 PREC=0x00 TTL=63 ID=19345 PROTO=ICMP TYPE=8 CODE=0 ID=63879 SEQ=18 
May  2 10:02:59 iv-splv-link kernel: [1012390.417258] [link_supervision]IN=eth0 OUT=tun0 MAC=00:50:56:a3:24:51:00:50:56:a3:2e:62:08:00 SRC=10.10.10.151 DST=10.8.0.6 LEN=84 TOS=0x00 PREC=0x00 TTL=63 ID=48985 PROTO=ICMP TYPE=0 CODE=0 ID=63879 SEQ=18 
May  2 10:03:00 iv-splv-link kernel: [1012391.424601] [link_supervision]IN=tun0 OUT=eth0 MAC= SRC=10.8.0.6 DST=10.10.10.151 LEN=84 TOS=0x00 PREC=0x00 TTL=63 ID=7097 PROTO=ICMP TYPE=8 CODE=0 ID=63879 SEQ=19 
May  2 10:03:00 iv-splv-link kernel: [1012391.424719] [link_supervision]IN=eth0 OUT=tun0 MAC=00:50:56:a3:24:51:00:50:56:a3:2e:62:08:00 SRC=10.10.10.151 DST=10.8.0.6 LEN=84 TOS=0x00 PREC=0x00 TTL=63 ID=49221 PROTO=ICMP TYPE=0 CODE=0 ID=63879 SEQ=19 
May  2 10:03:01 iv-splv-link kernel: [1012392.421384] [link_supervision]IN=tun0 OUT=eth0 MAC= SRC=10.8.0.6 DST=10.10.10.151 LEN=84 TOS=0x00 PREC=0x00 TTL=63 ID=65291 PROTO=ICMP TYPE=8 CODE=0 ID=63879 SEQ=20 
May  2 10:03:01 iv-splv-link kernel: [1012392.421527] [link_supervision]IN=eth0 OUT=tun0 MAC=00:50:56:a3:24:51:00:50:56:a3:2e:62:08:00 SRC=10.10.10.151 DST=10.8.0.6 LEN=84 TOS=0x00 PREC=0x00 TTL=63 ID=49314 PROTO=ICMP TYPE=0 CODE=0 ID=63879 SEQ=20 
May  2 10:03:02 iv-splv-link kernel: [1012393.422052] [link_supervision]IN=tun0 OUT=eth0 MAC= SRC=10.8.0.6 DST=10.10.10.151 LEN=84 TOS=0x00 PREC=0x00 TTL=63 ID=36255 PROTO=ICMP TYPE=8 CODE=0 ID=63879 SEQ=21 
May  2 10:03:02 iv-splv-link kernel: [1012393.422154] [link_supervision]IN=eth0 OUT=tun0 MAC=00:50:56:a3:24:51:00:50:56:a3:2e:62:08:00 SRC=10.10.10.151 DST=10.8.0.6 LEN=84 TOS=0x00 PREC=0x00 TTL=63 ID=49541 PROTO=ICMP TYPE=0 CODE=0 ID=63879 SEQ=21 
May  2 10:03:03 iv-splv-link kernel: [1012394.424634] [link_supervision]IN=tun0 OUT=eth0 MAC= SRC=10.8.0.6 DST=10.10.10.151 LEN=84 TOS=0x00 PREC=0x00 TTL=63 ID=8284 PROTO=ICMP TYPE=8 CODE=0 ID=63879 SEQ=22 
May  2 10:03:03 iv-splv-link kernel: [1012394.424726] [link_supervision]IN=eth0 OUT=tun0 MAC=00:50:56:a3:24:51:00:50:56:a3:2e:62:08:00 SRC=10.10.10.151 DST=10.8.0.6 LEN=84 TOS=0x00 PREC=0x00 TTL=63 ID=49759 PROTO=ICMP TYPE=0 CODE=0 ID=63879 SEQ=22 
May  2 10:03:04 iv-splv-link kernel: [1012395.434907] [link_supervision]IN=tun0 OUT=eth0 MAC= SRC=10.8.0.6 DST=10.10.10.151 LEN=84 TOS=0x00 PREC=0x00 TTL=63 ID=40804 PROTO=ICMP TYPE=8 CODE=0 ID=63879 SEQ=23 
May  2 10:03:04 iv-splv-link kernel: [1012395.434998] [link_supervision]IN=eth0 OUT=tun0 MAC=00:50:56:a3:24:51:00:50:56:a3:2e:62:08:00 SRC=10.10.10.151 DST=10.8.0.6 LEN=84 TOS=0x00 PREC=0x00 TTL=63 ID=49957 PROTO=ICMP TYPE=0 CODE=0 ID=63879 SEQ=23 
May  2 10:03:05 iv-splv-link kernel: [1012396.428051] [link_supervision]IN=tun0 OUT=eth0 MAC= SRC=10.8.0.6 DST=10.10.10.151 LEN=84 TOS=0x00 PREC=0x00 TTL=63 ID=22834 PROTO=ICMP TYPE=8 CODE=0 ID=63879 SEQ=24 
May  2 10:03:05 iv-splv-link kernel: [1012396.428164] [link_supervision]IN=eth0 OUT=tun0 MAC=00:50:56:a3:24:51:00:50:56:a3:2e:62:08:00 SRC=10.10.10.151 DST=10.8.0.6 LEN=84 TOS=0x00 PREC=0x00 TTL=63 ID=49970 PROTO=ICMP TYPE=0 CODE=0 ID=63879 SEQ=24 
May  2 10:03:06 iv-splv-link kernel: [1012397.429556] [link_supervision]IN=tun0 OUT=eth0 MAC= SRC=10.8.0.6 DST=10.10.10.151 LEN=84 TOS=0x00 PREC=0x00 TTL=63 ID=22744 PROTO=ICMP TYPE=8 CODE=0 ID=63879 SEQ=25 
May  2 10:03:06 iv-splv-link kernel: [1012397.429643] [link_supervision]IN=eth0 OUT=tun0 MAC=00:50:56:a3:24:51:00:50:56:a3:2e:62:08:00 SRC=10.10.10.151 DST=10.8.0.6 LEN=84 TOS=0x00 PREC=0x00 TTL=63 ID=50011 PROTO=ICMP TYPE=0 CODE=0 ID=63879 SEQ=25 
May  2 10:03:07 iv-splv-link kernel: [1012398.433187] [link_supervision]IN=tun0 OUT=eth0 MAC= SRC=10.8.0.6 DST=10.10.10.151 LEN=84 TOS=0x00 PREC=0x00 TTL=63 ID=64985 PROTO=ICMP TYPE=8 CODE=0 ID=63879 SEQ=26 
May  2 10:03:07 iv-splv-link kernel: [1012398.433292] [link_supervision]IN=eth0 OUT=tun0 MAC=00:50:56:a3:24:51:00:50:56:a3:2e:62:08:00 SRC=10.10.10.151 DST=10.8.0.6 LEN=84 TOS=0x00 PREC=0x00 TTL=63 ID=50194 PROTO=ICMP TYPE=0 CODE=0 ID=63879 SEQ=26 
May  2 10:03:08 iv-splv-link kernel: [1012399.454240] [link_supervision]IN=tun0 OUT=eth0 MAC= SRC=10.8.0.6 DST=10.10.10.151 LEN=84 TOS=0x00 PREC=0x00 TTL=63 ID=21930 PROTO=ICMP TYPE=8 CODE=0 ID=63879 SEQ=27 
May  2 10:03:08 iv-splv-link kernel: [1012399.454348] [link_supervision]IN=eth0 OUT=tun0 MAC=00:50:56:a3:24:51:00:50:56:a3:2e:62:08:00 SRC=10.10.10.151 DST=10.8.0.6 LEN=84 TOS=0x00 PREC=0x00 TTL=63 ID=50447 PROTO=ICMP TYPE=0 CODE=0 ID=63879 SEQ=27 
May  2 10:03:09 iv-splv-link kernel: [1012400.438269] [link_supervision]IN=tun0 OUT=eth0 MAC= SRC=10.8.0.6 DST=10.10.10.151 LEN=84 TOS=0x00 PREC=0x00 TTL=63 ID=38060 PROTO=ICMP TYPE=8 CODE=0 ID=63879 SEQ=28 
May  2 10:03:09 iv-splv-link kernel: [1012400.438348] [link_supervision]IN=eth0 OUT=tun0 MAC=00:50:56:a3:24:51:00:50:56:a3:2e:62:08:00 SRC=10.10.10.151 DST=10.8.0.6 LEN=84 TOS=0x00 PREC=0x00 TTL=63 ID=50639 PROTO=ICMP TYPE=0 CODE=0 ID=63879 SEQ=28 
May  2 10:03:10 iv-splv-link kernel: [1012401.441571] [link_supervision]IN=tun0 OUT=eth0 MAC= SRC=10.8.0.6 DST=10.10.10.151 LEN=84 TOS=0x00 PREC=0x00 TTL=63 ID=44170 PROTO=ICMP TYPE=8 CODE=0 ID=63879 SEQ=29 
May  2 10:03:10 iv-splv-link kernel: [1012401.441672] [link_supervision]IN=eth0 OUT=tun0 MAC=00:50:56:a3:24:51:00:50:56:a3:2e:62:08:00 SRC=10.10.10.151 DST=10.8.0.6 LEN=84 TOS=0x00 PREC=0x00 TTL=63 ID=50886 PROTO=ICMP TYPE=0 CODE=0 ID=63879 SEQ=29 
May  2 10:03:11 iv-splv-link kernel: [1012402.440699] [link_supervision]IN=tun0 OUT=eth0 MAC= SRC=10.8.0.6 DST=10.10.10.151 LEN=84 TOS=0x00 PREC=0x00 TTL=63 ID=47311 PROTO=ICMP TYPE=8 CODE=0 ID=63879 SEQ=30 
May  2 10:03:11 iv-splv-link kernel: [1012402.440798] [link_supervision]IN=eth0 OUT=tun0 MAC=00:50:56:a3:24:51:00:50:56:a3:2e:62:08:00 SRC=10.10.10.151 DST=10.8.0.6 LEN=84 TOS=0x00 PREC=0x00 TTL=63 ID=51044 PROTO=ICMP TYPE=0 CODE=0 ID=63879 SEQ=30 
May  2 10:03:12 iv-splv-link kernel: [1012403.440800] [link_supervision]IN=tun0 OUT=eth0 MAC= SRC=10.8.0.6 DST=10.10.10.151 LEN=84 TOS=0x00 PREC=0x00 TTL=63 ID=6892 PROTO=ICMP TYPE=8 CODE=0 ID=63879 SEQ=31 
May  2 10:03:12 iv-splv-link kernel: [1012403.440916] [link_supervision]IN=eth0 OUT=tun0 MAC=00:50:56:a3:24:51:00:50:56:a3:2e:62:08:00 SRC=10.10.10.151 DST=10.8.0.6 LEN=84 TOS=0x00 PREC=0x00 TTL=63 ID=51067 PROTO=ICMP TYPE=0 CODE=0 ID=63879 SEQ=31 
May  2 10:03:13 iv-splv-link kernel: [1012404.446500] [link_supervision]IN=tun0 OUT=eth0 MAC= SRC=10.8.0.6 DST=10.10.10.151 LEN=84 TOS=0x00 PREC=0x00 TTL=63 ID=26670 PROTO=ICMP TYPE=8 CODE=0 ID=63879 SEQ=32 
May  2 10:03:13 iv-splv-link kernel: [1012404.446608] [link_supervision]IN=eth0 OUT=tun0 MAC=00:50:56:a3:24:51:00:50:56:a3:2e:62:08:00 SRC=10.10.10.151 DST=10.8.0.6 LEN=84 TOS=0x00 PREC=0x00 TTL=63 ID=51075 PROTO=ICMP TYPE=0 CODE=0 ID=63879 SEQ=32 
May  2 10:03:14 iv-splv-link kernel: [1012405.446878] [link_supervision]IN=tun0 OUT=eth0 MAC= SRC=10.8.0.6 DST=10.10.10.151 LEN=84 TOS=0x00 PREC=0x00 TTL=63 ID=60850 PROTO=ICMP TYPE=8 CODE=0 ID=63879 SEQ=33 
May  2 10:03:14 iv-splv-link kernel: [1012405.446971] [link_supervision]IN=eth0 OUT=tun0 MAC=00:50:56:a3:24:51:00:50:56:a3:2e:62:08:00 SRC=10.10.10.151 DST=10.8.0.6 LEN=84 TOS=0x00 PREC=0x00 TTL=63 ID=51154 PROTO=ICMP TYPE=0 CODE=0 ID=63879 SEQ=33 
May  2 10:03:15 iv-splv-link kernel: [1012406.450986] [link_supervision]IN=tun0 OUT=eth0 MAC= SRC=10.8.0.6 DST=10.10.10.151 LEN=84 TOS=0x00 PREC=0x00 TTL=63 ID=8997 PROTO=ICMP TYPE=8 CODE=0 ID=63879 SEQ=34 
May  2 10:03:15 iv-splv-link kernel: [1012406.451072] [link_supervision]IN=eth0 OUT=tun0 MAC=00:50:56:a3:24:51:00:50:56:a3:2e:62:08:00 SRC=10.10.10.151 DST=10.8.0.6 LEN=84 TOS=0x00 PREC=0x00 TTL=63 ID=51239 PROTO=ICMP TYPE=0 CODE=0 ID=63879 SEQ=34 
May  2 10:03:16 iv-splv-link kernel: [1012407.478653] [link_supervision]IN=tun0 OUT=eth0 MAC= SRC=10.8.0.6 DST=10.10.10.151 LEN=84 TOS=0x00 PREC=0x00 TTL=63 ID=38530 PROTO=ICMP TYPE=8 CODE=0 ID=63879 SEQ=35 
May  2 10:03:16 iv-splv-link kernel: [1012407.478764] [link_supervision]IN=eth0 OUT=tun0 MAC=00:50:56:a3:24:51:00:50:56:a3:2e:62:08:00 SRC=10.10.10.151 DST=10.8.0.6 LEN=84 TOS=0x00 PREC=0x00 TTL=63 ID=51489 PROTO=ICMP TYPE=0 CODE=0 ID=63879 SEQ=35 
May  2 10:03:17 iv-splv-link kernel: [1012408.456277] [link_supervision]IN=tun0 OUT=eth0 MAC= SRC=10.8.0.6 DST=10.10.10.151 LEN=84 TOS=0x00 PREC=0x00 TTL=63 ID=30541 PROTO=ICMP TYPE=8 CODE=0 ID=63879 SEQ=36 
May  2 10:03:17 iv-splv-link kernel: [1012408.456375] [link_supervision]IN=eth0 OUT=tun0 MAC=00:50:56:a3:24:51:00:50:56:a3:2e:62:08:00 SRC=10.10.10.151 DST=10.8.0.6 LEN=84 TOS=0x00 PREC=0x00 TTL=63 ID=51505 PROTO=ICMP TYPE=0 CODE=0 ID=63879 SEQ=36 
May  2 10:03:18 iv-splv-link kernel: [1012409.476201] [link_supervision]IN=tun0 OUT=eth0 MAC= SRC=10.8.0.6 DST=10.10.10.151 LEN=84 TOS=0x00 PREC=0x00 TTL=63 ID=38146 PROTO=ICMP TYPE=8 CODE=0 ID=63879 SEQ=37 
May  2 10:03:18 iv-splv-link kernel: [1012409.476288] [link_supervision]IN=eth0 OUT=tun0 MAC=00:50:56:a3:24:51:00:50:56:a3:2e:62:08:00 SRC=10.10.10.151 DST=10.8.0.6 LEN=84 TOS=0x00 PREC=0x00 TTL=63 ID=51526 PROTO=ICMP TYPE=0 CODE=0 ID=63879 SEQ=37 
May  3 07:38:23 iv-splv-link kernel: [    0.000000] Initializing cgroup subsys cpuset
May  3 07:38:23 iv-splv-link kernel: [    0.000000] Initializing cgroup subsys cpu
May  3 07:38:23 iv-splv-link kernel: [    0.000000] Initializing cgroup subsys cpuacct
May  3 07:38:23 iv-splv-link kernel: [    0.000000] Linux version 3.16.0-4-686-pae (debian-kernel@lists.debian.org) (gcc version 4.8.4 (Debian 4.8.4-1) ) #1 SMP Debian 3.16.39-1 (2016-12-30)
May  3 07:38:23 iv-splv-link kernel: [    0.000000] Disabled fast string operations
May  3 07:38:23 iv-splv-link kernel: [    0.000000] e820: BIOS-provided physical RAM map:
May  3 07:38:23 iv-splv-link kernel: [    0.000000] BIOS-e820: [mem 0x0000000000000000-0x000000000009f7ff] usable
May  3 07:38:23 iv-splv-link kernel: [    0.000000] BIOS-e820: [mem 0x000000000009f800-0x000000000009ffff] reserved
May  3 07:38:23 iv-splv-link kernel: [    0.000000] BIOS-e820: [mem 0x00000000000dc000-0x00000000000fffff] reserved
May  3 07:38:23 iv-splv-link kernel: [    0.000000] BIOS-e820: [mem 0x0000000000100000-0x000000007feeffff] usable
May  3 07:38:23 iv-splv-link kernel: [    0.000000] BIOS-e820: [mem 0x000000007fef0000-0x000000007fefefff] ACPI data
May  3 07:38:23 iv-splv-link kernel: [    0.000000] BIOS-e820: [mem 0x000000007feff000-0x000000007fefffff] ACPI NVS
May  3 07:38:23 iv-splv-link kernel: [    0.000000] BIOS-e820: [mem 0x000000007ff00000-0x000000007fffffff] usable
May  3 07:38:23 iv-splv-link kernel: [    0.000000] BIOS-e820: [mem 0x00000000f0000000-0x00000000f7ffffff] reserved
May  3 07:38:23 iv-splv-link kernel: [    0.000000] BIOS-e820: [mem 0x00000000fec00000-0x00000000fec0ffff] reserved
May  3 07:38:23 iv-splv-link kernel: [    0.000000] BIOS-e820: [mem 0x00000000fee00000-0x00000000fee00fff] reserved
May  3 07:38:23 iv-splv-link kernel: [    0.000000] BIOS-e820: [mem 0x00000000fffe0000-0x00000000ffffffff] reserved
May  3 07:38:23 iv-splv-link kernel: [    0.000000] NX (Execute Disable) protection: active
May  3 07:38:23 iv-splv-link kernel: [    0.000000] SMBIOS 2.4 present.
May  3 07:38:23 iv-splv-link kernel: [    0.000000] DMI: VMware, Inc. VMware Virtual Platform/440BX Desktop Reference Platform, BIOS 6.00 09/21/2015
May  3 07:38:23 iv-splv-link kernel: [    0.000000] Hypervisor detected: VMware
May  3 07:38:23 iv-splv-link kernel: [    0.000000] e820: update [mem 0x00000000-0x00000fff] usable ==> reserved
May  3 07:38:23 iv-splv-link kernel: [    0.000000] e820: remove [mem 0x000a0000-0x000fffff] usable
May  3 07:38:23 iv-splv-link kernel: [    0.000000] e820: last_pfn = 0x80000 max_arch_pfn = 0x1000000
May  3 07:38:23 iv-splv-link kernel: [    0.000000] MTRR default type: uncachable
May  3 07:38:23 iv-splv-link kernel: [    0.000000] MTRR fixed ranges enabled:
May  3 07:38:23 iv-splv-link kernel: [    0.000000]   00000-9FFFF write-back
May  3 07:38:23 iv-splv-link kernel: [    0.000000]   A0000-BFFFF uncachable
May  3 07:38:23 iv-splv-link kernel: [    0.000000]   C0000-CBFFF write-protect
May  3 07:38:23 iv-splv-link kernel: [    0.000000]   CC000-EFFFF uncachable
May  3 07:38:23 iv-splv-link kernel: [    0.000000]   F0000-FFFFF write-protect
May  3 07:38:23 iv-splv-link kernel: [    0.000000] MTRR variable ranges enabled:
May  3 07:38:23 iv-splv-link kernel: [    0.000000]   0 base 00000000000 mask 3FF80000000 write-back
May  3 07:38:23 iv-splv-link kernel: [    0.000000]   1 disabled
May  3 07:38:23 iv-splv-link kernel: [    0.000000]   2 disabled
May  3 07:38:23 iv-splv-link kernel: [    0.000000]   3 disabled
May  3 07:38:23 iv-splv-link kernel: [    0.000000]   4 disabled
May  3 07:38:23 iv-splv-link kernel: [    0.000000]   5 disabled
May  3 07:38:23 iv-splv-link kernel: [    0.000000]   6 disabled
May  3 07:38:23 iv-splv-link kernel: [    0.000000]   7 disabled
May  3 07:38:23 iv-splv-link kernel: [    0.000000] x86 PAT enabled: cpu 0, old 0x7040600070406, new 0x7010600070106
May  3 07:38:23 iv-splv-link kernel: [    0.000000] found SMP MP-table at [mem 0x000f6b30-0x000f6b3f] mapped at [c00f6b30]
May  3 07:38:23 iv-splv-link kernel: [    0.000000] initial memory mapped: [mem 0x00000000-0x01bfffff]
May  3 07:38:23 iv-splv-link kernel: [    0.000000] Base memory trampoline at [c009b000] 9b000 size 16384
May  3 07:38:23 iv-splv-link kernel: [    0.000000] init_memory_mapping: [mem 0x00000000-0x000fffff]
May  3 07:38:23 iv-splv-link kernel: [    0.000000]  [mem 0x00000000-0x000fffff] page 4k
May  3 07:38:23 iv-splv-link kernel: [    0.000000] init_memory_mapping: [mem 0x36200000-0x363fffff]
May  3 07:38:23 iv-splv-link kernel: [    0.000000]  [mem 0x36200000-0x363fffff] page 2M
May  3 07:38:23 iv-splv-link kernel: [    0.000000] init_memory_mapping: [mem 0x34000000-0x361fffff]
May  3 07:38:23 iv-splv-link kernel: [    0.000000]  [mem 0x34000000-0x361fffff] page 2M
May  3 07:38:23 iv-splv-link kernel: [    0.000000] init_memory_mapping: [mem 0x00100000-0x33ffffff]
May  3 07:38:23 iv-splv-link kernel: [    0.000000]  [mem 0x00100000-0x001fffff] page 4k
May  3 07:38:23 iv-splv-link kernel: [    0.000000]  [mem 0x00200000-0x33ffffff] page 2M
May  3 07:38:23 iv-splv-link kernel: [    0.000000] init_memory_mapping: [mem 0x36400000-0x375fdfff]
May  3 07:38:23 iv-splv-link kernel: [    0.000000]  [mem 0x36400000-0x373fffff] page 2M
May  3 07:38:23 iv-splv-link kernel: [    0.000000]  [mem 0x37400000-0x375fdfff] page 4k
May  3 07:38:23 iv-splv-link kernel: [    0.000000] BRK [0x0179f000, 0x0179ffff] PGTABLE
May  3 07:38:23 iv-splv-link kernel: [    0.000000] BRK [0x017a0000, 0x017a1fff] PGTABLE
May  3 07:38:23 iv-splv-link kernel: [    0.000000] BRK [0x017a2000, 0x017a2fff] PGTABLE
May  3 07:38:23 iv-splv-link kernel: [    0.000000] BRK [0x017a3000, 0x017a3fff] PGTABLE
May  3 07:38:23 iv-splv-link kernel: [    0.000000] RAMDISK: [mem 0x36488000-0x3723bfff]
May  3 07:38:23 iv-splv-link kernel: [    0.000000] ACPI: Early table checksum verification disabled
May  3 07:38:23 iv-splv-link kernel: [    0.000000] ACPI: RSDP 0x00000000000F6AC0 000024 (v02 PTLTD )
May  3 07:38:23 iv-splv-link kernel: [    0.000000] ACPI: XSDT 0x000000007FEF114C 00005C (v01 INTEL  440BX    06040000 VMW  01324272)
May  3 07:38:23 iv-splv-link kernel: [    0.000000] ACPI: FACP 0x000000007FEFEE73 0000F4 (v04 INTEL  440BX    06040000 PTL  000F4240)
May  3 07:38:23 iv-splv-link kernel: [    0.000000] ACPI: DSDT 0x000000007FEF13B4 00DABF (v01 PTLTD  Custom   06040000 MSFT 03000001)
May  3 07:38:23 iv-splv-link kernel: [    0.000000] ACPI: FACS 0x000000007FEFFFC0 000040
May  3 07:38:23 iv-splv-link kernel: [    0.000000] ACPI: FACS 0x000000007FEFFFC0 000040
May  3 07:38:23 iv-splv-link kernel: [    0.000000] ACPI: BOOT 0x000000007FEF138C 000028 (v01 PTLTD  $SBFTBL$ 06040000  LTP 00000001)
May  3 07:38:23 iv-splv-link kernel: [    0.000000] ACPI: APIC 0x000000007FEF133C 000050 (v01 PTLTD  ? APIC   06040000  LTP 00000000)
May  3 07:38:23 iv-splv-link kernel: [    0.000000] ACPI: MCFG 0x000000007FEF1300 00003C (v01 PTLTD  $PCITBL$ 06040000  LTP 00000001)
May  3 07:38:23 iv-splv-link kernel: [    0.000000] ACPI: SRAT 0x000000007FEF1248 0000B8 (v02 VMWARE MEMPLUG  06040000 VMW  00000001)
May  3 07:38:23 iv-splv-link kernel: [    0.000000] ACPI: HPET 0x000000007FEF1210 000038 (v01 VMWARE VMW HPET 06040000 VMW  00000001)
May  3 07:38:23 iv-splv-link kernel: [    0.000000] ACPI: WAET 0x000000007FEF11E8 000028 (v01 VMWARE VMW WAET 06040000 VMW  00000001)
May  3 07:38:23 iv-splv-link kernel: [    0.000000] ACPI: Local APIC address 0xfee00000
May  3 07:38:23 iv-splv-link kernel: [    0.000000] 1162MB HIGHMEM available.
May  3 07:38:23 iv-splv-link kernel: [    0.000000] 885MB LOWMEM available.
May  3 07:38:23 iv-splv-link kernel: [    0.000000]   mapped low ram: 0 - 375fe000
May  3 07:38:23 iv-splv-link kernel: [    0.000000]   low ram: 0 - 375fe000
May  3 07:38:23 iv-splv-link kernel: [    0.000000] BRK [0x017a4000, 0x017a4fff] PGTABLE
May  3 07:38:23 iv-splv-link kernel: [    0.000000] Zone ranges:
May  3 07:38:23 iv-splv-link kernel: [    0.000000]   DMA      [mem 0x00001000-0x00ffffff]
May  3 07:38:23 iv-splv-link kernel: [    0.000000]   Normal   [mem 0x01000000-0x375fdfff]
May  3 07:38:23 iv-splv-link kernel: [    0.000000]   HighMem  [mem 0x375fe000-0x7fffffff]
May  3 07:38:23 iv-splv-link kernel: [    0.000000] Movable zone start for each node
May  3 07:38:23 iv-splv-link kernel: [    0.000000] Early memory node ranges
May  3 07:38:23 iv-splv-link kernel: [    0.000000]   node   0: [mem 0x00001000-0x0009efff]
May  3 07:38:23 iv-splv-link kernel: [    0.000000]   node   0: [mem 0x00100000-0x7feeffff]
May  3 07:38:23 iv-splv-link kernel: [    0.000000]   node   0: [mem 0x7ff00000-0x7fffffff]
May  3 07:38:23 iv-splv-link kernel: [    0.000000] On node 0 totalpages: 524174
May  3 07:38:23 iv-splv-link kernel: [    0.000000] free_area_init_node: node 0, pgdat c165f340, node_mem_map f5488020
May  3 07:38:23 iv-splv-link kernel: [    0.000000]   DMA zone: 32 pages used for memmap
May  3 07:38:23 iv-splv-link kernel: [    0.000000]   DMA zone: 0 pages reserved
May  3 07:38:23 iv-splv-link kernel: [    0.000000]   DMA zone: 3998 pages, LIFO batch:0
May  3 07:38:23 iv-splv-link kernel: [    0.000000]   Normal zone: 1740 pages used for memmap
May  3 07:38:23 iv-splv-link kernel: [    0.000000]   Normal zone: 222718 pages, LIFO batch:31
May  3 07:38:23 iv-splv-link kernel: [    0.000000]   HighMem zone: 2325 pages used for memmap
May  3 07:38:23 iv-splv-link kernel: [    0.000000]   HighMem zone: 297458 pages, LIFO batch:31
May  3 07:38:23 iv-splv-link kernel: [    0.000000] Using APIC driver default
May  3 07:38:23 iv-splv-link kernel: [    0.000000] ACPI: PM-Timer IO Port: 0x1008
May  3 07:38:23 iv-splv-link kernel: [    0.000000] ACPI: Local APIC address 0xfee00000
May  3 07:38:23 iv-splv-link kernel: [    0.000000] ACPI: LAPIC (acpi_id[0x00] lapic_id[0x00] enabled)
May  3 07:38:23 iv-splv-link kernel: [    0.000000] ACPI: LAPIC_NMI (acpi_id[0x00] high edge lint[0x1])
May  3 07:38:23 iv-splv-link kernel: [    0.000000] ACPI: IOAPIC (id[0x01] address[0xfec00000] gsi_base[0])
May  3 07:38:23 iv-splv-link kernel: [    0.000000] IOAPIC[0]: apic_id 1, version 17, address 0xfec00000, GSI 0-23
May  3 07:38:23 iv-splv-link kernel: [    0.000000] ACPI: INT_SRC_OVR (bus 0 bus_irq 0 global_irq 2 high edge)
May  3 07:38:23 iv-splv-link kernel: [    0.000000] ACPI: IRQ0 used by override.
May  3 07:38:23 iv-splv-link kernel: [    0.000000] ACPI: IRQ2 used by override.
May  3 07:38:23 iv-splv-link kernel: [    0.000000] ACPI: IRQ9 used by override.
May  3 07:38:23 iv-splv-link kernel: [    0.000000] Using ACPI (MADT) for SMP configuration information
May  3 07:38:23 iv-splv-link kernel: [    0.000000] ACPI: HPET id: 0x8086af01 base: 0xfed00000
May  3 07:38:23 iv-splv-link kernel: [    0.000000] smpboot: Allowing 1 CPUs, 0 hotplug CPUs
May  3 07:38:23 iv-splv-link kernel: [    0.000000] nr_irqs_gsi: 40
May  3 07:38:23 iv-splv-link kernel: [    0.000000] PM: Registered nosave memory: [mem 0x0009f000-0x0009ffff]
May  3 07:38:23 iv-splv-link kernel: [    0.000000] PM: Registered nosave memory: [mem 0x000a0000-0x000dbfff]
May  3 07:38:23 iv-splv-link kernel: [    0.000000] PM: Registered nosave memory: [mem 0x000dc000-0x000fffff]
May  3 07:38:23 iv-splv-link kernel: [    0.000000] e820: [mem 0x80000000-0xefffffff] available for PCI devices
May  3 07:38:23 iv-splv-link kernel: [    0.000000] Booting paravirtualized kernel on bare hardware
May  3 07:38:23 iv-splv-link kernel: [    0.000000] setup_percpu: NR_CPUS:32 nr_cpumask_bits:32 nr_cpu_ids:1 nr_node_ids:1
May  3 07:38:23 iv-splv-link kernel: [    0.000000] PERCPU: Embedded 14 pages/cpu @f75e4000 s34752 r0 d22592 u57344
May  3 07:38:23 iv-splv-link kernel: [    0.000000] pcpu-alloc: s34752 r0 d22592 u57344 alloc=14*4096
May  3 07:38:23 iv-splv-link kernel: [    0.000000] pcpu-alloc: [0] 0 
May  3 07:38:23 iv-splv-link kernel: [    0.000000] Built 1 zonelists in Zone order, mobility grouping on.  Total pages: 522402
May  3 07:38:23 iv-splv-link kernel: [    0.000000] Kernel command line: BOOT_IMAGE=/boot/vmlinuz-3.16.0-4-686-pae root=UUID=02a70ed0-06ae-46ec-a3a2-62526fbe73b1 ro quiet
May  3 07:38:23 iv-splv-link kernel: [    0.000000] PID hash table entries: 4096 (order: 2, 16384 bytes)
May  3 07:38:23 iv-splv-link kernel: [    0.000000] Dentry cache hash table entries: 131072 (order: 7, 524288 bytes)
May  3 07:38:23 iv-splv-link kernel: [    0.000000] Inode-cache hash table entries: 65536 (order: 6, 262144 bytes)
May  3 07:38:23 iv-splv-link kernel: [    0.000000] Initializing CPU#0
May  3 07:38:23 iv-splv-link kernel: [    0.000000] xsave: enabled xstate_bv 0x7, cntxt size 0x340
May  3 07:38:23 iv-splv-link kernel: [    0.000000] Initializing HighMem for node 0 (000375fe:00080000)
May  3 07:38:23 iv-splv-link kernel: [    0.000000] Initializing Movable for node 0 (00000000:00000000)
May  3 07:38:23 iv-splv-link kernel: [    0.000000] Memory: 2057488K/2096696K available (4625K kernel code, 519K rwdata, 1448K rodata, 660K init, 460K bss, 39208K reserved, 1189832K highmem)
May  3 07:38:23 iv-splv-link kernel: [    0.000000] virtual kernel memory layout:
May  3 07:38:23 iv-splv-link kernel: [    0.000000]     fixmap  : 0xffd36000 - 0xfffff000   (2852 kB)
May  3 07:38:23 iv-splv-link kernel: [    0.000000]     pkmap   : 0xff600000 - 0xff800000   (2048 kB)
May  3 07:38:23 iv-splv-link kernel: [    0.000000]     vmalloc : 0xf7dfe000 - 0xff5fe000   ( 120 MB)
May  3 07:38:23 iv-splv-link kernel: [    0.000000]     lowmem  : 0xc0000000 - 0xf75fe000   ( 885 MB)
May  3 07:38:23 iv-splv-link kernel: [    0.000000]       .init : 0xc1673000 - 0xc1718000   ( 660 kB)
May  3 07:38:23 iv-splv-link kernel: [    0.000000]       .data : 0xc14847fc - 0xc1671d40   (1973 kB)
May  3 07:38:23 iv-splv-link kernel: [    0.000000]       .text : 0xc1000000 - 0xc14847fc   (4625 kB)
May  3 07:38:23 iv-splv-link kernel: [    0.000000] Checking if this processor honours the WP bit even in supervisor mode...Ok.
May  3 07:38:23 iv-splv-link kernel: [    0.000000] Hierarchical RCU implementation.
May  3 07:38:23 iv-splv-link kernel: [    0.000000] 	RCU dyntick-idle grace-period acceleration is enabled.
May  3 07:38:23 iv-splv-link kernel: [    0.000000] 	RCU restricting CPUs from NR_CPUS=32 to nr_cpu_ids=1.
May  3 07:38:23 iv-splv-link kernel: [    0.000000] RCU: Adjusting geometry for rcu_fanout_leaf=16, nr_cpu_ids=1
May  3 07:38:23 iv-splv-link kernel: [    0.000000] NR_IRQS:2304 nr_irqs:256 16
May  3 07:38:23 iv-splv-link kernel: [    0.000000] CPU 0 irqstacks, hard=f5006000 soft=f5008000
May  3 07:38:23 iv-splv-link kernel: [    0.000000] Console: colour VGA+ 80x25
May  3 07:38:23 iv-splv-link kernel: [    0.000000] console [tty0] enabled
May  3 07:38:23 iv-splv-link kernel: [    0.000000] hpet clockevent registered
May  3 07:38:23 iv-splv-link kernel: [    0.000000] TSC freq read from hypervisor : 2397.223 MHz
May  3 07:38:23 iv-splv-link kernel: [    0.000000] tsc: Detected 2397.223 MHz processor
May  3 07:38:23 iv-splv-link kernel: [    0.000092] Calibrating delay loop (skipped) preset value.. 4794.44 BogoMIPS (lpj=9588892)
May  3 07:38:23 iv-splv-link kernel: [    0.000095] pid_max: default: 32768 minimum: 301
May  3 07:38:23 iv-splv-link kernel: [    0.000101] ACPI: Core revision 20140424
May  3 07:38:23 iv-splv-link kernel: [    0.008376] ACPI: All ACPI Tables successfully acquired
May  3 07:38:23 iv-splv-link kernel: [    0.008391] Security Framework initialized
May  3 07:38:23 iv-splv-link kernel: [    0.008398] AppArmor: AppArmor disabled by boot time parameter
May  3 07:38:23 iv-splv-link kernel: [    0.008399] Yama: disabled by default; enable with sysctl kernel.yama.*
May  3 07:38:23 iv-splv-link kernel: [    0.008409] Mount-cache hash table entries: 2048 (order: 1, 8192 bytes)
May  3 07:38:23 iv-splv-link kernel: [    0.008410] Mountpoint-cache hash table entries: 2048 (order: 1, 8192 bytes)
May  3 07:38:23 iv-splv-link kernel: [    0.008561] Initializing cgroup subsys memory
May  3 07:38:23 iv-splv-link kernel: [    0.008564] Initializing cgroup subsys devices
May  3 07:38:23 iv-splv-link kernel: [    0.008569] Initializing cgroup subsys freezer
May  3 07:38:23 iv-splv-link kernel: [    0.008571] Initializing cgroup subsys net_cls
May  3 07:38:23 iv-splv-link kernel: [    0.008575] Initializing cgroup subsys blkio
May  3 07:38:23 iv-splv-link kernel: [    0.008577] Initializing cgroup subsys perf_event
May  3 07:38:23 iv-splv-link kernel: [    0.008579] Initializing cgroup subsys net_prio
May  3 07:38:23 iv-splv-link kernel: [    0.008626] Disabled fast string operations
May  3 07:38:23 iv-splv-link kernel: [    0.008629] CPU: Physical Processor ID: 0
May  3 07:38:23 iv-splv-link kernel: [    0.008636] ENERGY_PERF_BIAS: Set to 'normal', was 'performance'
May  3 07:38:23 iv-splv-link kernel: [    0.008636] ENERGY_PERF_BIAS: View and update with x86_energy_perf_policy(8)
May  3 07:38:23 iv-splv-link kernel: [    0.010132] mce: CPU supports 0 MCE banks
May  3 07:38:23 iv-splv-link kernel: [    0.010155] Last level iTLB entries: 4KB 1024, 2MB 1024, 4MB 1024
May  3 07:38:23 iv-splv-link kernel: [    0.010155] Last level dTLB entries: 4KB 1024, 2MB 1024, 4MB 1024, 1GB 4
May  3 07:38:23 iv-splv-link kernel: [    0.010155] tlb_flushall_shift: 6
May  3 07:38:23 iv-splv-link kernel: [    0.017365] Freeing SMP alternatives memory: 20K (c1718000 - c171d000)
May  3 07:38:23 iv-splv-link kernel: [    0.021480] ftrace: allocating 20834 entries in 41 pages
May  3 07:38:23 iv-splv-link kernel: [    0.036801] Enabling APIC mode:  Flat.  Using 1 I/O APICs
May  3 07:38:23 iv-splv-link kernel: [    0.037235] ..TIMER: vector=0x30 apic1=0 pin1=2 apic2=-1 pin2=-1
May  3 07:38:23 iv-splv-link kernel: [    0.076909] smpboot: CPU0: Intel(R) Xeon(R) CPU E5-2620 v3 @ 2.40GHz (fam: 06, model: 3f, stepping: 02)
May  3 07:38:23 iv-splv-link kernel: [    0.076941] TSC deadline timer enabled
May  3 07:38:23 iv-splv-link kernel: [    0.076997] Performance Events: 16-deep LBR, Haswell events, core PMU driver.
May  3 07:38:23 iv-splv-link kernel: [    0.077013] perf_event_intel: CPUID marked event: 'cpu cycles' unavailable
May  3 07:38:23 iv-splv-link kernel: [    0.077013] perf_event_intel: CPUID marked event: 'instructions' unavailable
May  3 07:38:23 iv-splv-link kernel: [    0.077014] perf_event_intel: CPUID marked event: 'bus cycles' unavailable
May  3 07:38:23 iv-splv-link kernel: [    0.077015] perf_event_intel: CPUID marked event: 'cache references' unavailable
May  3 07:38:23 iv-splv-link kernel: [    0.077016] perf_event_intel: CPUID marked event: 'cache misses' unavailable
May  3 07:38:23 iv-splv-link kernel: [    0.077017] perf_event_intel: CPUID marked event: 'branch instructions' unavailable
May  3 07:38:23 iv-splv-link kernel: [    0.077017] perf_event_intel: CPUID marked event: 'branch misses' unavailable
May  3 07:38:23 iv-splv-link kernel: [    0.077020] ... version:                1
May  3 07:38:23 iv-splv-link kernel: [    0.077021] ... bit width:              48
May  3 07:38:23 iv-splv-link kernel: [    0.077022] ... generic registers:      4
May  3 07:38:23 iv-splv-link kernel: [    0.077023] ... value mask:             0000ffffffffffff
May  3 07:38:23 iv-splv-link kernel: [    0.077023] ... max period:             000000007fffffff
May  3 07:38:23 iv-splv-link kernel: [    0.077024] ... fixed-purpose events:   0
May  3 07:38:23 iv-splv-link kernel: [    0.077025] ... event mask:             000000000000000f
May  3 07:38:23 iv-splv-link kernel: [    0.078139] x86: Booted up 1 node, 1 CPUs
May  3 07:38:23 iv-splv-link kernel: [    0.078141] smpboot: Total of 1 processors activated (4794.44 BogoMIPS)
May  3 07:38:23 iv-splv-link kernel: [    0.078281] NMI watchdog: disabled (cpu0): hardware events not enabled
May  3 07:38:23 iv-splv-link kernel: [    0.078338] devtmpfs: initialized
May  3 07:38:23 iv-splv-link kernel: [    0.078490] PM: Registering ACPI NVS region [mem 0x7feff000-0x7fefffff] (4096 bytes)
May  3 07:38:23 iv-splv-link kernel: [    0.079148] pinctrl core: initialized pinctrl subsystem
May  3 07:38:23 iv-splv-link kernel: [    0.079202] NET: Registered protocol family 16
May  3 07:38:23 iv-splv-link kernel: [    0.079300] cpuidle: using governor ladder
May  3 07:38:23 iv-splv-link kernel: [    0.079303] cpuidle: using governor menu
May  3 07:38:23 iv-splv-link kernel: [    0.079351] ACPI: bus type PCI registered
May  3 07:38:23 iv-splv-link kernel: [    0.079353] acpiphp: ACPI Hot Plug PCI Controller Driver version: 0.5
May  3 07:38:23 iv-splv-link kernel: [    0.079528] PCI: MMCONFIG for domain 0000 [bus 00-7f] at [mem 0xf0000000-0xf7ffffff] (base 0xf0000000)
May  3 07:38:23 iv-splv-link kernel: [    0.079530] PCI: MMCONFIG at [mem 0xf0000000-0xf7ffffff] reserved in E820
May  3 07:38:23 iv-splv-link kernel: [    0.079531] PCI: Using MMCONFIG for extended config space
May  3 07:38:23 iv-splv-link kernel: [    0.079532] PCI: Using configuration type 1 for base access
May  3 07:38:23 iv-splv-link kernel: [    0.080145] ACPI: Added _OSI(Module Device)
May  3 07:38:23 iv-splv-link kernel: [    0.080146] ACPI: Added _OSI(Processor Device)
May  3 07:38:23 iv-splv-link kernel: [    0.080147] ACPI: Added _OSI(3.0 _SCP Extensions)
May  3 07:38:23 iv-splv-link kernel: [    0.080148] ACPI: Added _OSI(Processor Aggregator Device)
May  3 07:38:23 iv-splv-link kernel: [    0.086089] [Firmware Bug]: ACPI: BIOS _OSI(Linux) query ignored
May  3 07:38:23 iv-splv-link kernel: [    0.087369] ACPI: Interpreter enabled
May  3 07:38:23 iv-splv-link kernel: [    0.087381] ACPI Exception: AE_NOT_FOUND, While evaluating Sleep State [\_S2_] (20140424/hwxface-580)
May  3 07:38:23 iv-splv-link kernel: [    0.087384] ACPI Exception: AE_NOT_FOUND, While evaluating Sleep State [\_S3_] (20140424/hwxface-580)
May  3 07:38:23 iv-splv-link kernel: [    0.087389] ACPI: (supports S0 S1 S4 S5)
May  3 07:38:23 iv-splv-link kernel: [    0.087390] ACPI: Using IOAPIC for interrupt routing
May  3 07:38:23 iv-splv-link kernel: [    0.087408] PCI: Using host bridge windows from ACPI; if necessary, use "pci=nocrs" and report a bug
May  3 07:38:23 iv-splv-link kernel: [    0.125948] ACPI: PCI Root Bridge [PCI0] (domain 0000 [bus 00-7f])
May  3 07:38:23 iv-splv-link kernel: [    0.125954] acpi PNP0A03:00: _OSC: OS supports [ExtendedConfig ASPM ClockPM Segments MSI]
May  3 07:38:23 iv-splv-link kernel: [    0.126109] acpi PNP0A03:00: _OSC: platform does not support [AER]
May  3 07:38:23 iv-splv-link kernel: [    0.126257] acpi PNP0A03:00: _OSC: OS now controls [PCIeHotplug PME PCIeCapability]
May  3 07:38:23 iv-splv-link kernel: [    0.128165] PCI host bridge to bus 0000:00
May  3 07:38:23 iv-splv-link kernel: [    0.128167] pci_bus 0000:00: root bus resource [bus 00-7f]
May  3 07:38:23 iv-splv-link kernel: [    0.128169] pci_bus 0000:00: root bus resource [mem 0x000a0000-0x000bffff]
May  3 07:38:23 iv-splv-link kernel: [    0.128171] pci_bus 0000:00: root bus resource [mem 0x000cc000-0x000cffff]
May  3 07:38:23 iv-splv-link kernel: [    0.128172] pci_bus 0000:00: root bus resource [mem 0x000d0000-0x000d3fff]
May  3 07:38:23 iv-splv-link kernel: [    0.128173] pci_bus 0000:00: root bus resource [mem 0x000d4000-0x000d7fff]
May  3 07:38:23 iv-splv-link kernel: [    0.128174] pci_bus 0000:00: root bus resource [mem 0x000d8000-0x000dbfff]
May  3 07:38:23 iv-splv-link kernel: [    0.128175] pci_bus 0000:00: root bus resource [mem 0x80000000-0xfebfffff]
May  3 07:38:23 iv-splv-link kernel: [    0.128178] pci_bus 0000:00: root bus resource [io  0x0000-0x0cf7]
May  3 07:38:23 iv-splv-link kernel: [    0.128179] pci_bus 0000:00: root bus resource [io  0x0d00-0xfeff]
May  3 07:38:23 iv-splv-link kernel: [    0.128225] pci 0000:00:00.0: [8086:7190] type 00 class 0x060000
May  3 07:38:23 iv-splv-link kernel: [    0.128727] pci 0000:00:01.0: [8086:7191] type 01 class 0x060400
May  3 07:38:23 iv-splv-link kernel: [    0.129136] pci 0000:00:07.0: [8086:7110] type 00 class 0x060100
May  3 07:38:23 iv-splv-link kernel: [    0.129713] pci 0000:00:07.1: [8086:7111] type 00 class 0x01018a
May  3 07:38:23 iv-splv-link kernel: [    0.130831] pci 0000:00:07.1: reg 0x20: [io  0x1060-0x106f]
May  3 07:38:23 iv-splv-link kernel: [    0.131356] pci 0000:00:07.1: legacy IDE quirk: reg 0x10: [io  0x01f0-0x01f7]
May  3 07:38:23 iv-splv-link kernel: [    0.131358] pci 0000:00:07.1: legacy IDE quirk: reg 0x14: [io  0x03f6]
May  3 07:38:23 iv-splv-link kernel: [    0.131360] pci 0000:00:07.1: legacy IDE quirk: reg 0x18: [io  0x0170-0x0177]
May  3 07:38:23 iv-splv-link kernel: [    0.131362] pci 0000:00:07.1: legacy IDE quirk: reg 0x1c: [io  0x0376]
May  3 07:38:23 iv-splv-link kernel: [    0.131574] pci 0000:00:07.3: [8086:7113] type 00 class 0x068000
May  3 07:38:23 iv-splv-link kernel: [    0.132973] pci 0000:00:07.3: quirk: [io  0x1000-0x103f] claimed by PIIX4 ACPI
May  3 07:38:23 iv-splv-link kernel: [    0.132985] pci 0000:00:07.3: quirk: [io  0x1040-0x104f] claimed by PIIX4 SMB
May  3 07:38:23 iv-splv-link kernel: [    0.133278] pci 0000:00:07.7: [15ad:0740] type 00 class 0x088000
May  3 07:38:23 iv-splv-link kernel: [    0.133902] pci 0000:00:07.7: reg 0x10: [io  0x1080-0x10bf]
May  3 07:38:23 iv-splv-link kernel: [    0.134451] pci 0000:00:07.7: reg 0x14: [mem 0xfebfe000-0xfebfffff 64bit]
May  3 07:38:23 iv-splv-link kernel: [    0.136996] pci 0000:00:0f.0: [15ad:0405] type 00 class 0x030000
May  3 07:38:23 iv-splv-link kernel: [    0.139264] pci 0000:00:0f.0: reg 0x10: [io  0x1070-0x107f]
May  3 07:38:23 iv-splv-link kernel: [    0.141163] pci 0000:00:0f.0: reg 0x14: [mem 0xe8000000-0xefffffff pref]
May  3 07:38:23 iv-splv-link kernel: [    0.142751] pci 0000:00:0f.0: reg 0x18: [mem 0xfe000000-0xfe7fffff]
May  3 07:38:23 iv-splv-link kernel: [    0.150039] pci 0000:00:0f.0: reg 0x30: [mem 0x00000000-0x00007fff pref]
May  3 07:38:23 iv-splv-link kernel: [    0.150476] pci 0000:00:11.0: [15ad:0790] type 01 class 0x060401
May  3 07:38:23 iv-splv-link kernel: [    0.150974] pci 0000:00:11.0: System wakeup disabled by ACPI
May  3 07:38:23 iv-splv-link kernel: [    0.151129] pci 0000:00:15.0: [15ad:07a0] type 01 class 0x060400
May  3 07:38:23 iv-splv-link kernel: [    0.151739] pci 0000:00:15.0: PME# supported from D0 D3hot D3cold
May  3 07:38:23 iv-splv-link kernel: [    0.151902] pci 0000:00:15.0: System wakeup disabled by ACPI
May  3 07:38:23 iv-splv-link kernel: [    0.152021] pci 0000:00:15.1: [15ad:07a0] type 01 class 0x060400
May  3 07:38:23 iv-splv-link kernel: [    0.152627] pci 0000:00:15.1: PME# supported from D0 D3hot D3cold
May  3 07:38:23 iv-splv-link kernel: [    0.152786] pci 0000:00:15.1: System wakeup disabled by ACPI
May  3 07:38:23 iv-splv-link kernel: [    0.152906] pci 0000:00:15.2: [15ad:07a0] type 01 class 0x060400
May  3 07:38:23 iv-splv-link kernel: [    0.153510] pci 0000:00:15.2: PME# supported from D0 D3hot D3cold
May  3 07:38:23 iv-splv-link kernel: [    0.153670] pci 0000:00:15.2: System wakeup disabled by ACPI
May  3 07:38:23 iv-splv-link kernel: [    0.153792] pci 0000:00:15.3: [15ad:07a0] type 01 class 0x060400
May  3 07:38:23 iv-splv-link kernel: [    0.154398] pci 0000:00:15.3: PME# supported from D0 D3hot D3cold
May  3 07:38:23 iv-splv-link kernel: [    0.154558] pci 0000:00:15.3: System wakeup disabled by ACPI
May  3 07:38:23 iv-splv-link kernel: [    0.154677] pci 0000:00:15.4: [15ad:07a0] type 01 class 0x060400
May  3 07:38:23 iv-splv-link kernel: [    0.155291] pci 0000:00:15.4: PME# supported from D0 D3hot D3cold
May  3 07:38:23 iv-splv-link kernel: [    0.155452] pci 0000:00:15.4: System wakeup disabled by ACPI
May  3 07:38:23 iv-splv-link kernel: [    0.155570] pci 0000:00:15.5: [15ad:07a0] type 01 class 0x060400
May  3 07:38:23 iv-splv-link kernel: [    0.156180] pci 0000:00:15.5: PME# supported from D0 D3hot D3cold
May  3 07:38:23 iv-splv-link kernel: [    0.156341] pci 0000:00:15.5: System wakeup disabled by ACPI
May  3 07:38:23 iv-splv-link kernel: [    0.156460] pci 0000:00:15.6: [15ad:07a0] type 01 class 0x060400
May  3 07:38:23 iv-splv-link kernel: [    0.157065] pci 0000:00:15.6: PME# supported from D0 D3hot D3cold
May  3 07:38:23 iv-splv-link kernel: [    0.157226] pci 0000:00:15.6: System wakeup disabled by ACPI
May  3 07:38:23 iv-splv-link kernel: [    0.157343] pci 0000:00:15.7: [15ad:07a0] type 01 class 0x060400
May  3 07:38:23 iv-splv-link kernel: [    0.157949] pci 0000:00:15.7: PME# supported from D0 D3hot D3cold
May  3 07:38:23 iv-splv-link kernel: [    0.158109] pci 0000:00:15.7: System wakeup disabled by ACPI
May  3 07:38:23 iv-splv-link kernel: [    0.158227] pci 0000:00:16.0: [15ad:07a0] type 01 class 0x060400
May  3 07:38:23 iv-splv-link kernel: [    0.158838] pci 0000:00:16.0: PME# supported from D0 D3hot D3cold
May  3 07:38:23 iv-splv-link kernel: [    0.158999] pci 0000:00:16.0: System wakeup disabled by ACPI
May  3 07:38:23 iv-splv-link kernel: [    0.159117] pci 0000:00:16.1: [15ad:07a0] type 01 class 0x060400
May  3 07:38:23 iv-splv-link kernel: [    0.159723] pci 0000:00:16.1: PME# supported from D0 D3hot D3cold
May  3 07:38:23 iv-splv-link kernel: [    0.159883] pci 0000:00:16.1: System wakeup disabled by ACPI
May  3 07:38:23 iv-splv-link kernel: [    0.160001] pci 0000:00:16.2: [15ad:07a0] type 01 class 0x060400
May  3 07:38:23 iv-splv-link kernel: [    0.160606] pci 0000:00:16.2: PME# supported from D0 D3hot D3cold
May  3 07:38:23 iv-splv-link kernel: [    0.160765] pci 0000:00:16.2: System wakeup disabled by ACPI
May  3 07:38:23 iv-splv-link kernel: [    0.160882] pci 0000:00:16.3: [15ad:07a0] type 01 class 0x060400
May  3 07:38:23 iv-splv-link kernel: [    0.161487] pci 0000:00:16.3: PME# supported from D0 D3hot D3cold
May  3 07:38:23 iv-splv-link kernel: [    0.161654] pci 0000:00:16.3: System wakeup disabled by ACPI
May  3 07:38:23 iv-splv-link kernel: [    0.161775] pci 0000:00:16.4: [15ad:07a0] type 01 class 0x060400
May  3 07:38:23 iv-splv-link kernel: [    0.162381] pci 0000:00:16.4: PME# supported from D0 D3hot D3cold
May  3 07:38:23 iv-splv-link kernel: [    0.162541] pci 0000:00:16.4: System wakeup disabled by ACPI
May  3 07:38:23 iv-splv-link kernel: [    0.162660] pci 0000:00:16.5: [15ad:07a0] type 01 class 0x060400
May  3 07:38:23 iv-splv-link kernel: [    0.163272] pci 0000:00:16.5: PME# supported from D0 D3hot D3cold
May  3 07:38:23 iv-splv-link kernel: [    0.163433] pci 0000:00:16.5: System wakeup disabled by ACPI
May  3 07:38:23 iv-splv-link kernel: [    0.163552] pci 0000:00:16.6: [15ad:07a0] type 01 class 0x060400
May  3 07:38:23 iv-splv-link kernel: [    0.164158] pci 0000:00:16.6: PME# supported from D0 D3hot D3cold
May  3 07:38:23 iv-splv-link kernel: [    0.164345] pci 0000:00:16.6: System wakeup disabled by ACPI
May  3 07:38:23 iv-splv-link kernel: [    0.164465] pci 0000:00:16.7: [15ad:07a0] type 01 class 0x060400
May  3 07:38:23 iv-splv-link kernel: [    0.165071] pci 0000:00:16.7: PME# supported from D0 D3hot D3cold
May  3 07:38:23 iv-splv-link kernel: [    0.165231] pci 0000:00:16.7: System wakeup disabled by ACPI
May  3 07:38:23 iv-splv-link kernel: [    0.165350] pci 0000:00:17.0: [15ad:07a0] type 01 class 0x060400
May  3 07:38:23 iv-splv-link kernel: [    0.165960] pci 0000:00:17.0: PME# supported from D0 D3hot D3cold
May  3 07:38:23 iv-splv-link kernel: [    0.166121] pci 0000:00:17.0: System wakeup disabled by ACPI
May  3 07:38:23 iv-splv-link kernel: [    0.166240] pci 0000:00:17.1: [15ad:07a0] type 01 class 0x060400
May  3 07:38:23 iv-splv-link kernel: [    0.166854] pci 0000:00:17.1: PME# supported from D0 D3hot D3cold
May  3 07:38:23 iv-splv-link kernel: [    0.167014] pci 0000:00:17.1: System wakeup disabled by ACPI
May  3 07:38:23 iv-splv-link kernel: [    0.167134] pci 0000:00:17.2: [15ad:07a0] type 01 class 0x060400
May  3 07:38:23 iv-splv-link kernel: [    0.167739] pci 0000:00:17.2: PME# supported from D0 D3hot D3cold
May  3 07:38:23 iv-splv-link kernel: [    0.167899] pci 0000:00:17.2: System wakeup disabled by ACPI
May  3 07:38:23 iv-splv-link kernel: [    0.168017] pci 0000:00:17.3: [15ad:07a0] type 01 class 0x060400
May  3 07:38:23 iv-splv-link kernel: [    0.168623] pci 0000:00:17.3: PME# supported from D0 D3hot D3cold
May  3 07:38:23 iv-splv-link kernel: [    0.168784] pci 0000:00:17.3: System wakeup disabled by ACPI
May  3 07:38:23 iv-splv-link kernel: [    0.168902] pci 0000:00:17.4: [15ad:07a0] type 01 class 0x060400
May  3 07:38:23 iv-splv-link kernel: [    0.169508] pci 0000:00:17.4: PME# supported from D0 D3hot D3cold
May  3 07:38:23 iv-splv-link kernel: [    0.169667] pci 0000:00:17.4: System wakeup disabled by ACPI
May  3 07:38:23 iv-splv-link kernel: [    0.169789] pci 0000:00:17.5: [15ad:07a0] type 01 class 0x060400
May  3 07:38:23 iv-splv-link kernel: [    0.170394] pci 0000:00:17.5: PME# supported from D0 D3hot D3cold
May  3 07:38:23 iv-splv-link kernel: [    0.170554] pci 0000:00:17.5: System wakeup disabled by ACPI
May  3 07:38:23 iv-splv-link kernel: [    0.170674] pci 0000:00:17.6: [15ad:07a0] type 01 class 0x060400
May  3 07:38:23 iv-splv-link kernel: [    0.171285] pci 0000:00:17.6: PME# supported from D0 D3hot D3cold
May  3 07:38:23 iv-splv-link kernel: [    0.171446] pci 0000:00:17.6: System wakeup disabled by ACPI
May  3 07:38:23 iv-splv-link kernel: [    0.171564] pci 0000:00:17.7: [15ad:07a0] type 01 class 0x060400
May  3 07:38:23 iv-splv-link kernel: [    0.172169] pci 0000:00:17.7: PME# supported from D0 D3hot D3cold
May  3 07:38:23 iv-splv-link kernel: [    0.172328] pci 0000:00:17.7: System wakeup disabled by ACPI
May  3 07:38:23 iv-splv-link kernel: [    0.172447] pci 0000:00:18.0: [15ad:07a0] type 01 class 0x060400
May  3 07:38:23 iv-splv-link kernel: [    0.173052] pci 0000:00:18.0: PME# supported from D0 D3hot D3cold
May  3 07:38:23 iv-splv-link kernel: [    0.173212] pci 0000:00:18.0: System wakeup disabled by ACPI
May  3 07:38:23 iv-splv-link kernel: [    0.173329] pci 0000:00:18.1: [15ad:07a0] type 01 class 0x060400
May  3 07:38:23 iv-splv-link kernel: [    0.173940] pci 0000:00:18.1: PME# supported from D0 D3hot D3cold
May  3 07:38:23 iv-splv-link kernel: [    0.174101] pci 0000:00:18.1: System wakeup disabled by ACPI
May  3 07:38:23 iv-splv-link kernel: [    0.174221] pci 0000:00:18.2: [15ad:07a0] type 01 class 0x060400
May  3 07:38:23 iv-splv-link kernel: [    0.174828] pci 0000:00:18.2: PME# supported from D0 D3hot D3cold
May  3 07:38:23 iv-splv-link kernel: [    0.174992] pci 0000:00:18.2: System wakeup disabled by ACPI
May  3 07:38:23 iv-splv-link kernel: [    0.175112] pci 0000:00:18.3: [15ad:07a0] type 01 class 0x060400
May  3 07:38:23 iv-splv-link kernel: [    0.175720] pci 0000:00:18.3: PME# supported from D0 D3hot D3cold
May  3 07:38:23 iv-splv-link kernel: [    0.175893] pci 0000:00:18.3: System wakeup disabled by ACPI
May  3 07:38:23 iv-splv-link kernel: [    0.176014] pci 0000:00:18.4: [15ad:07a0] type 01 class 0x060400
May  3 07:38:23 iv-splv-link kernel: [    0.176620] pci 0000:00:18.4: PME# supported from D0 D3hot D3cold
May  3 07:38:23 iv-splv-link kernel: [    0.176780] pci 0000:00:18.4: System wakeup disabled by ACPI
May  3 07:38:23 iv-splv-link kernel: [    0.176898] pci 0000:00:18.5: [15ad:07a0] type 01 class 0x060400
May  3 07:38:23 iv-splv-link kernel: [    0.177502] pci 0000:00:18.5: PME# supported from D0 D3hot D3cold
May  3 07:38:23 iv-splv-link kernel: [    0.177662] pci 0000:00:18.5: System wakeup disabled by ACPI
May  3 07:38:23 iv-splv-link kernel: [    0.177782] pci 0000:00:18.6: [15ad:07a0] type 01 class 0x060400
May  3 07:38:23 iv-splv-link kernel: [    0.178386] pci 0000:00:18.6: PME# supported from D0 D3hot D3cold
May  3 07:38:23 iv-splv-link kernel: [    0.178546] pci 0000:00:18.6: System wakeup disabled by ACPI
May  3 07:38:23 iv-splv-link kernel: [    0.178665] pci 0000:00:18.7: [15ad:07a0] type 01 class 0x060400
May  3 07:38:23 iv-splv-link kernel: [    0.179276] pci 0000:00:18.7: PME# supported from D0 D3hot D3cold
May  3 07:38:23 iv-splv-link kernel: [    0.179437] pci 0000:00:18.7: System wakeup disabled by ACPI
May  3 07:38:23 iv-splv-link kernel: [    0.179838] pci 0000:00:01.0: PCI bridge to [bus 01]
May  3 07:38:23 iv-splv-link kernel: [    0.180190] acpiphp: Slot [32] registered
May  3 07:38:23 iv-splv-link kernel: [    0.180208] acpiphp: Slot [33] registered
May  3 07:38:23 iv-splv-link kernel: [    0.180224] acpiphp: Slot [34] registered
May  3 07:38:23 iv-splv-link kernel: [    0.180241] acpiphp: Slot [35] registered
May  3 07:38:23 iv-splv-link kernel: [    0.180258] acpiphp: Slot [36] registered
May  3 07:38:23 iv-splv-link kernel: [    0.180274] acpiphp: Slot [37] registered
May  3 07:38:23 iv-splv-link kernel: [    0.180291] acpiphp: Slot [38] registered
May  3 07:38:23 iv-splv-link kernel: [    0.180308] acpiphp: Slot [39] registered
May  3 07:38:23 iv-splv-link kernel: [    0.180324] acpiphp: Slot [40] registered
May  3 07:38:23 iv-splv-link kernel: [    0.180341] acpiphp: Slot [41] registered
May  3 07:38:23 iv-splv-link kernel: [    0.180357] acpiphp: Slot [42] registered
May  3 07:38:23 iv-splv-link kernel: [    0.180374] acpiphp: Slot [43] registered
May  3 07:38:23 iv-splv-link kernel: [    0.180390] acpiphp: Slot [44] registered
May  3 07:38:23 iv-splv-link kernel: [    0.180406] acpiphp: Slot [45] registered
May  3 07:38:23 iv-splv-link kernel: [    0.180422] acpiphp: Slot [46] registered
May  3 07:38:23 iv-splv-link kernel: [    0.180438] acpiphp: Slot [47] registered
May  3 07:38:23 iv-splv-link kernel: [    0.180455] acpiphp: Slot [48] registered
May  3 07:38:23 iv-splv-link kernel: [    0.180471] acpiphp: Slot [49] registered
May  3 07:38:23 iv-splv-link kernel: [    0.180487] acpiphp: Slot [50] registered
May  3 07:38:23 iv-splv-link kernel: [    0.180504] acpiphp: Slot [51] registered
May  3 07:38:23 iv-splv-link kernel: [    0.180521] acpiphp: Slot [52] registered
May  3 07:38:23 iv-splv-link kernel: [    0.180537] acpiphp: Slot [53] registered
May  3 07:38:23 iv-splv-link kernel: [    0.180553] acpiphp: Slot [54] registered
May  3 07:38:23 iv-splv-link kernel: [    0.180569] acpiphp: Slot [55] registered
May  3 07:38:23 iv-splv-link kernel: [    0.180585] acpiphp: Slot [56] registered
May  3 07:38:23 iv-splv-link kernel: [    0.180601] acpiphp: Slot [57] registered
May  3 07:38:23 iv-splv-link kernel: [    0.180618] acpiphp: Slot [58] registered
May  3 07:38:23 iv-splv-link kernel: [    0.180634] acpiphp: Slot [59] registered
May  3 07:38:23 iv-splv-link kernel: [    0.180650] acpiphp: Slot [60] registered
May  3 07:38:23 iv-splv-link kernel: [    0.180667] acpiphp: Slot [61] registered
May  3 07:38:23 iv-splv-link kernel: [    0.180684] acpiphp: Slot [62] registered
May  3 07:38:23 iv-splv-link kernel: [    0.180701] acpiphp: Slot [63] registered
May  3 07:38:23 iv-splv-link kernel: [    0.180964] pci 0000:00:11.0: PCI bridge to [bus 02] (subtractive decode)
May  3 07:38:23 iv-splv-link kernel: [    0.180981] pci 0000:00:11.0:   bridge window [io  0x2000-0x3fff]
May  3 07:38:23 iv-splv-link kernel: [    0.180999] pci 0000:00:11.0:   bridge window [mem 0xfd600000-0xfdffffff]
May  3 07:38:23 iv-splv-link kernel: [    0.181032] pci 0000:00:11.0:   bridge window [mem 0xe7b00000-0xe7ffffff 64bit pref]
May  3 07:38:23 iv-splv-link kernel: [    0.181034] pci 0000:00:11.0:   bridge window [mem 0x000a0000-0x000bffff] (subtractive decode)
May  3 07:38:23 iv-splv-link kernel: [    0.181035] pci 0000:00:11.0:   bridge window [mem 0x000cc000-0x000cffff] (subtractive decode)
May  3 07:38:23 iv-splv-link kernel: [    0.181036] pci 0000:00:11.0:   bridge window [mem 0x000d0000-0x000d3fff] (subtractive decode)
May  3 07:38:23 iv-splv-link kernel: [    0.181038] pci 0000:00:11.0:   bridge window [mem 0x000d4000-0x000d7fff] (subtractive decode)
May  3 07:38:23 iv-splv-link kernel: [    0.181039] pci 0000:00:11.0:   bridge window [mem 0x000d8000-0x000dbfff] (subtractive decode)
May  3 07:38:23 iv-splv-link kernel: [    0.181040] pci 0000:00:11.0:   bridge window [mem 0x80000000-0xfebfffff] (subtractive decode)
May  3 07:38:23 iv-splv-link kernel: [    0.181041] pci 0000:00:11.0:   bridge window [io  0x0000-0x0cf7] (subtractive decode)
May  3 07:38:23 iv-splv-link kernel: [    0.181043] pci 0000:00:11.0:   bridge window [io  0x0d00-0xfeff] (subtractive decode)
May  3 07:38:23 iv-splv-link kernel: [    0.181442] pci 0000:03:00.0: [15ad:07c0] type 00 class 0x010700
May  3 07:38:23 iv-splv-link kernel: [    0.183420] pci 0000:03:00.0: reg 0x10: [io  0x4000-0x4007]
May  3 07:38:23 iv-splv-link kernel: [    0.185363] pci 0000:03:00.0: reg 0x14: [mem 0xfd5f8000-0xfd5fffff 64bit]
May  3 07:38:23 iv-splv-link kernel: [    0.193177] pci 0000:03:00.0: reg 0x30: [mem 0x00000000-0x0000ffff pref]
May  3 07:38:23 iv-splv-link kernel: [    0.193515] pci 0000:03:00.0: PME# supported from D0 D3hot D3cold
May  3 07:38:23 iv-splv-link kernel: [    0.193632] pci 0000:03:00.0: System wakeup disabled by ACPI
May  3 07:38:23 iv-splv-link kernel: [    0.193670] pci 0000:03:00.0: disabling ASPM on pre-1.1 PCIe device.  You can enable it with 'pcie_aspm=force'
May  3 07:38:23 iv-splv-link kernel: [    0.193715] pci 0000:00:15.0: PCI bridge to [bus 03]
May  3 07:38:23 iv-splv-link kernel: [    0.193738] pci 0000:00:15.0:   bridge window [io  0x4000-0x4fff]
May  3 07:38:23 iv-splv-link kernel: [    0.193765] pci 0000:00:15.0:   bridge window [mem 0xfd500000-0xfd5fffff]
May  3 07:38:23 iv-splv-link kernel: [    0.194150] pci 0000:00:15.1: PCI bridge to [bus 04]
May  3 07:38:23 iv-splv-link kernel: [    0.194168] pci 0000:00:15.1:   bridge window [io  0x8000-0x8fff]
May  3 07:38:23 iv-splv-link kernel: [    0.194185] pci 0000:00:15.1:   bridge window [mem 0xfd100000-0xfd1fffff]
May  3 07:38:23 iv-splv-link kernel: [    0.194218] pci 0000:00:15.1:   bridge window [mem 0xe7900000-0xe79fffff 64bit pref]
May  3 07:38:23 iv-splv-link kernel: [    0.194560] pci 0000:00:15.2: PCI bridge to [bus 05]
May  3 07:38:23 iv-splv-link kernel: [    0.194577] pci 0000:00:15.2:   bridge window [io  0xc000-0xcfff]
May  3 07:38:23 iv-splv-link kernel: [    0.194594] pci 0000:00:15.2:   bridge window [mem 0xfcd00000-0xfcdfffff]
May  3 07:38:23 iv-splv-link kernel: [    0.194627] pci 0000:00:15.2:   bridge window [mem 0xe7500000-0xe75fffff 64bit pref]
May  3 07:38:23 iv-splv-link kernel: [    0.194965] pci 0000:00:15.3: PCI bridge to [bus 06]
May  3 07:38:23 iv-splv-link kernel: [    0.194998] pci 0000:00:15.3:   bridge window [mem 0xfc900000-0xfc9fffff]
May  3 07:38:23 iv-splv-link kernel: [    0.195031] pci 0000:00:15.3:   bridge window [mem 0xe7100000-0xe71fffff 64bit pref]
May  3 07:38:23 iv-splv-link kernel: [    0.195370] pci 0000:00:15.4: PCI bridge to [bus 07]
May  3 07:38:23 iv-splv-link kernel: [    0.195402] pci 0000:00:15.4:   bridge window [mem 0xfc500000-0xfc5fffff]
May  3 07:38:23 iv-splv-link kernel: [    0.195435] pci 0000:00:15.4:   bridge window [mem 0xe6d00000-0xe6dfffff 64bit pref]
May  3 07:38:23 iv-splv-link kernel: [    0.195790] pci 0000:00:15.5: PCI bridge to [bus 08]
May  3 07:38:23 iv-splv-link kernel: [    0.195823] pci 0000:00:15.5:   bridge window [mem 0xfc100000-0xfc1fffff]
May  3 07:38:23 iv-splv-link kernel: [    0.195856] pci 0000:00:15.5:   bridge window [mem 0xe6900000-0xe69fffff 64bit pref]
May  3 07:38:23 iv-splv-link kernel: [    0.196196] pci 0000:00:15.6: PCI bridge to [bus 09]
May  3 07:38:23 iv-splv-link kernel: [    0.196229] pci 0000:00:15.6:   bridge window [mem 0xfbd00000-0xfbdfffff]
May  3 07:38:23 iv-splv-link kernel: [    0.196268] pci 0000:00:15.6:   bridge window [mem 0xe6500000-0xe65fffff 64bit pref]
May  3 07:38:23 iv-splv-link kernel: [    0.196610] pci 0000:00:15.7: PCI bridge to [bus 0a]
May  3 07:38:23 iv-splv-link kernel: [    0.196642] pci 0000:00:15.7:   bridge window [mem 0xfb900000-0xfb9fffff]
May  3 07:38:23 iv-splv-link kernel: [    0.196675] pci 0000:00:15.7:   bridge window [mem 0xe6100000-0xe61fffff 64bit pref]
May  3 07:38:23 iv-splv-link kernel: [    0.197084] pci 0000:0b:00.0: [15ad:07b0] type 00 class 0x020000
May  3 07:38:23 iv-splv-link kernel: [    0.198302] pci 0000:0b:00.0: reg 0x10: [mem 0xfd4fc000-0xfd4fcfff]
May  3 07:38:23 iv-splv-link kernel: [    0.199466] pci 0000:0b:00.0: reg 0x14: [mem 0xfd4fd000-0xfd4fdfff]
May  3 07:38:23 iv-splv-link kernel: [    0.200637] pci 0000:0b:00.0: reg 0x18: [mem 0xfd4fe000-0xfd4fffff]
May  3 07:38:23 iv-splv-link kernel: [    0.201808] pci 0000:0b:00.0: reg 0x1c: [io  0x5000-0x500f]
May  3 07:38:23 iv-splv-link kernel: [    0.205354] pci 0000:0b:00.0: reg 0x30: [mem 0x00000000-0x0000ffff pref]
May  3 07:38:23 iv-splv-link kernel: [    0.205692] pci 0000:0b:00.0: supports D1 D2
May  3 07:38:23 iv-splv-link kernel: [    0.205693] pci 0000:0b:00.0: PME# supported from D0 D1 D2 D3hot D3cold
May  3 07:38:23 iv-splv-link kernel: [    0.205817] pci 0000:0b:00.0: System wakeup disabled by ACPI
May  3 07:38:23 iv-splv-link kernel: [    0.205853] pci 0000:0b:00.0: disabling ASPM on pre-1.1 PCIe device.  You can enable it with 'pcie_aspm=force'
May  3 07:38:23 iv-splv-link kernel: [    0.205895] pci 0000:00:16.0: PCI bridge to [bus 0b]
May  3 07:38:23 iv-splv-link kernel: [    0.205913] pci 0000:00:16.0:   bridge window [io  0x5000-0x5fff]
May  3 07:38:23 iv-splv-link kernel: [    0.205930] pci 0000:00:16.0:   bridge window [mem 0xfd400000-0xfd4fffff]
May  3 07:38:23 iv-splv-link kernel: [    0.206311] pci 0000:00:16.1: PCI bridge to [bus 0c]
May  3 07:38:23 iv-splv-link kernel: [    0.206328] pci 0000:00:16.1:   bridge window [io  0x9000-0x9fff]
May  3 07:38:23 iv-splv-link kernel: [    0.206346] pci 0000:00:16.1:   bridge window [mem 0xfd000000-0xfd0fffff]
May  3 07:38:23 iv-splv-link kernel: [    0.206379] pci 0000:00:16.1:   bridge window [mem 0xe7800000-0xe78fffff 64bit pref]
May  3 07:38:23 iv-splv-link kernel: [    0.206720] pci 0000:00:16.2: PCI bridge to [bus 0d]
May  3 07:38:23 iv-splv-link kernel: [    0.206737] pci 0000:00:16.2:   bridge window [io  0xd000-0xdfff]
May  3 07:38:23 iv-splv-link kernel: [    0.206755] pci 0000:00:16.2:   bridge window [mem 0xfcc00000-0xfccfffff]
May  3 07:38:23 iv-splv-link kernel: [    0.206788] pci 0000:00:16.2:   bridge window [mem 0xe7400000-0xe74fffff 64bit pref]
May  3 07:38:23 iv-splv-link kernel: [    0.207126] pci 0000:00:16.3: PCI bridge to [bus 0e]
May  3 07:38:23 iv-splv-link kernel: [    0.207159] pci 0000:00:16.3:   bridge window [mem 0xfc800000-0xfc8fffff]
May  3 07:38:23 iv-splv-link kernel: [    0.207192] pci 0000:00:16.3:   bridge window [mem 0xe7000000-0xe70fffff 64bit pref]
May  3 07:38:23 iv-splv-link kernel: [    0.207532] pci 0000:00:16.4: PCI bridge to [bus 0f]
May  3 07:38:23 iv-splv-link kernel: [    0.207564] pci 0000:00:16.4:   bridge window [mem 0xfc400000-0xfc4fffff]
May  3 07:38:23 iv-splv-link kernel: [    0.207597] pci 0000:00:16.4:   bridge window [mem 0xe6c00000-0xe6cfffff 64bit pref]
May  3 07:38:23 iv-splv-link kernel: [    0.207943] pci 0000:00:16.5: PCI bridge to [bus 10]
May  3 07:38:23 iv-splv-link kernel: [    0.207976] pci 0000:00:16.5:   bridge window [mem 0xfc000000-0xfc0fffff]
May  3 07:38:23 iv-splv-link kernel: [    0.208009] pci 0000:00:16.5:   bridge window [mem 0xe6800000-0xe68fffff 64bit pref]
May  3 07:38:23 iv-splv-link kernel: [    0.208350] pci 0000:00:16.6: PCI bridge to [bus 11]
May  3 07:38:23 iv-splv-link kernel: [    0.208382] pci 0000:00:16.6:   bridge window [mem 0xfbc00000-0xfbcfffff]
May  3 07:38:23 iv-splv-link kernel: [    0.208415] pci 0000:00:16.6:   bridge window [mem 0xe6400000-0xe64fffff 64bit pref]
May  3 07:38:23 iv-splv-link kernel: [    0.208762] pci 0000:00:16.7: PCI bridge to [bus 12]
May  3 07:38:23 iv-splv-link kernel: [    0.208795] pci 0000:00:16.7:   bridge window [mem 0xfb800000-0xfb8fffff]
May  3 07:38:23 iv-splv-link kernel: [    0.208828] pci 0000:00:16.7:   bridge window [mem 0xe6000000-0xe60fffff 64bit pref]
May  3 07:38:23 iv-splv-link kernel: [    0.209241] pci 0000:13:00.0: [15ad:07b0] type 00 class 0x020000
May  3 07:38:23 iv-splv-link kernel: [    0.210455] pci 0000:13:00.0: reg 0x10: [mem 0xfd3fc000-0xfd3fcfff]
May  3 07:38:23 iv-splv-link kernel: [    0.211719] pci 0000:13:00.0: reg 0x14: [mem 0xfd3fd000-0xfd3fdfff]
May  3 07:38:23 iv-splv-link kernel: [    0.212988] pci 0000:13:00.0: reg 0x18: [mem 0xfd3fe000-0xfd3fffff]
May  3 07:38:23 iv-splv-link kernel: [    0.214159] pci 0000:13:00.0: reg 0x1c: [io  0x6000-0x600f]
May  3 07:38:23 iv-splv-link kernel: [    0.217671] pci 0000:13:00.0: reg 0x30: [mem 0x00000000-0x0000ffff pref]
May  3 07:38:23 iv-splv-link kernel: [    0.218010] pci 0000:13:00.0: supports D1 D2
May  3 07:38:23 iv-splv-link kernel: [    0.218012] pci 0000:13:00.0: PME# supported from D0 D1 D2 D3hot D3cold
May  3 07:38:23 iv-splv-link kernel: [    0.218132] pci 0000:13:00.0: System wakeup disabled by ACPI
May  3 07:38:23 iv-splv-link kernel: [    0.218169] pci 0000:13:00.0: disabling ASPM on pre-1.1 PCIe device.  You can enable it with 'pcie_aspm=force'
May  3 07:38:23 iv-splv-link kernel: [    0.218212] pci 0000:00:17.0: PCI bridge to [bus 13]
May  3 07:38:23 iv-splv-link kernel: [    0.218229] pci 0000:00:17.0:   bridge window [io  0x6000-0x6fff]
May  3 07:38:23 iv-splv-link kernel: [    0.218247] pci 0000:00:17.0:   bridge window [mem 0xfd300000-0xfd3fffff]
May  3 07:38:23 iv-splv-link kernel: [    0.218631] pci 0000:00:17.1: PCI bridge to [bus 14]
May  3 07:38:23 iv-splv-link kernel: [    0.218648] pci 0000:00:17.1:   bridge window [io  0xa000-0xafff]
May  3 07:38:23 iv-splv-link kernel: [    0.218666] pci 0000:00:17.1:   bridge window [mem 0xfcf00000-0xfcffffff]
May  3 07:38:23 iv-splv-link kernel: [    0.218699] pci 0000:00:17.1:   bridge window [mem 0xe7700000-0xe77fffff 64bit pref]
May  3 07:38:23 iv-splv-link kernel: [    0.219046] pci 0000:00:17.2: PCI bridge to [bus 15]
May  3 07:38:23 iv-splv-link kernel: [    0.219063] pci 0000:00:17.2:   bridge window [io  0xe000-0xefff]
May  3 07:38:23 iv-splv-link kernel: [    0.219081] pci 0000:00:17.2:   bridge window [mem 0xfcb00000-0xfcbfffff]
May  3 07:38:23 iv-splv-link kernel: [    0.219114] pci 0000:00:17.2:   bridge window [mem 0xe7300000-0xe73fffff 64bit pref]
May  3 07:38:23 iv-splv-link kernel: [    0.219458] pci 0000:00:17.3: PCI bridge to [bus 16]
May  3 07:38:23 iv-splv-link kernel: [    0.219491] pci 0000:00:17.3:   bridge window [mem 0xfc700000-0xfc7fffff]
May  3 07:38:23 iv-splv-link kernel: [    0.219524] pci 0000:00:17.3:   bridge window [mem 0xe6f00000-0xe6ffffff 64bit pref]
May  3 07:38:23 iv-splv-link kernel: [    0.219873] pci 0000:00:17.4: PCI bridge to [bus 17]
May  3 07:38:23 iv-splv-link kernel: [    0.219907] pci 0000:00:17.4:   bridge window [mem 0xfc300000-0xfc3fffff]
May  3 07:38:23 iv-splv-link kernel: [    0.219940] pci 0000:00:17.4:   bridge window [mem 0xe6b00000-0xe6bfffff 64bit pref]
May  3 07:38:23 iv-splv-link kernel: [    0.220282] pci 0000:00:17.5: PCI bridge to [bus 18]
May  3 07:38:23 iv-splv-link kernel: [    0.220315] pci 0000:00:17.5:   bridge window [mem 0xfbf00000-0xfbffffff]
May  3 07:38:23 iv-splv-link kernel: [    0.220348] pci 0000:00:17.5:   bridge window [mem 0xe6700000-0xe67fffff 64bit pref]
May  3 07:38:23 iv-splv-link kernel: [    0.220687] pci 0000:00:17.6: PCI bridge to [bus 19]
May  3 07:38:23 iv-splv-link kernel: [    0.220720] pci 0000:00:17.6:   bridge window [mem 0xfbb00000-0xfbbfffff]
May  3 07:38:23 iv-splv-link kernel: [    0.220753] pci 0000:00:17.6:   bridge window [mem 0xe6300000-0xe63fffff 64bit pref]
May  3 07:38:23 iv-splv-link kernel: [    0.221102] pci 0000:00:17.7: PCI bridge to [bus 1a]
May  3 07:38:23 iv-splv-link kernel: [    0.221135] pci 0000:00:17.7:   bridge window [mem 0xfb700000-0xfb7fffff]
May  3 07:38:23 iv-splv-link kernel: [    0.221168] pci 0000:00:17.7:   bridge window [mem 0xe5f00000-0xe5ffffff 64bit pref]
May  3 07:38:23 iv-splv-link kernel: [    0.221510] pci 0000:00:18.0: PCI bridge to [bus 1b]
May  3 07:38:23 iv-splv-link kernel: [    0.221527] pci 0000:00:18.0:   bridge window [io  0x7000-0x7fff]
May  3 07:38:23 iv-splv-link kernel: [    0.221545] pci 0000:00:18.0:   bridge window [mem 0xfd200000-0xfd2fffff]
May  3 07:38:23 iv-splv-link kernel: [    0.221578] pci 0000:00:18.0:   bridge window [mem 0xe7a00000-0xe7afffff 64bit pref]
May  3 07:38:23 iv-splv-link kernel: [    0.221919] pci 0000:00:18.1: PCI bridge to [bus 1c]
May  3 07:38:23 iv-splv-link kernel: [    0.221936] pci 0000:00:18.1:   bridge window [io  0xb000-0xbfff]
May  3 07:38:23 iv-splv-link kernel: [    0.221953] pci 0000:00:18.1:   bridge window [mem 0xfce00000-0xfcefffff]
May  3 07:38:23 iv-splv-link kernel: [    0.221986] pci 0000:00:18.1:   bridge window [mem 0xe7600000-0xe76fffff 64bit pref]
May  3 07:38:23 iv-splv-link kernel: [    0.222325] pci 0000:00:18.2: PCI bridge to [bus 1d]
May  3 07:38:23 iv-splv-link kernel: [    0.222358] pci 0000:00:18.2:   bridge window [mem 0xfca00000-0xfcafffff]
May  3 07:38:23 iv-splv-link kernel: [    0.222391] pci 0000:00:18.2:   bridge window [mem 0xe7200000-0xe72fffff 64bit pref]
May  3 07:38:23 iv-splv-link kernel: [    0.222731] pci 0000:00:18.3: PCI bridge to [bus 1e]
May  3 07:38:23 iv-splv-link kernel: [    0.222764] pci 0000:00:18.3:   bridge window [mem 0xfc600000-0xfc6fffff]
May  3 07:38:23 iv-splv-link kernel: [    0.222797] pci 0000:00:18.3:   bridge window [mem 0xe6e00000-0xe6efffff 64bit pref]
May  3 07:38:23 iv-splv-link kernel: [    0.223137] pci 0000:00:18.4: PCI bridge to [bus 1f]
May  3 07:38:23 iv-splv-link kernel: [    0.223170] pci 0000:00:18.4:   bridge window [mem 0xfc200000-0xfc2fffff]
May  3 07:38:23 iv-splv-link kernel: [    0.223203] pci 0000:00:18.4:   bridge window [mem 0xe6a00000-0xe6afffff 64bit pref]
May  3 07:38:23 iv-splv-link kernel: [    0.223542] pci 0000:00:18.5: PCI bridge to [bus 20]
May  3 07:38:23 iv-splv-link kernel: [    0.223575] pci 0000:00:18.5:   bridge window [mem 0xfbe00000-0xfbefffff]
May  3 07:38:23 iv-splv-link kernel: [    0.223608] pci 0000:00:18.5:   bridge window [mem 0xe6600000-0xe66fffff 64bit pref]
May  3 07:38:23 iv-splv-link kernel: [    0.223949] pci 0000:00:18.6: PCI bridge to [bus 21]
May  3 07:38:23 iv-splv-link kernel: [    0.223981] pci 0000:00:18.6:   bridge window [mem 0xfba00000-0xfbafffff]
May  3 07:38:23 iv-splv-link kernel: [    0.224014] pci 0000:00:18.6:   bridge window [mem 0xe6200000-0xe62fffff 64bit pref]
May  3 07:38:23 iv-splv-link kernel: [    0.224355] pci 0000:00:18.7: PCI bridge to [bus 22]
May  3 07:38:23 iv-splv-link kernel: [    0.224387] pci 0000:00:18.7:   bridge window [mem 0xfb600000-0xfb6fffff]
May  3 07:38:23 iv-splv-link kernel: [    0.224420] pci 0000:00:18.7:   bridge window [mem 0xe5e00000-0xe5efffff 64bit pref]
May  3 07:38:23 iv-splv-link kernel: [    0.225899] pci_bus 0000:00: on NUMA node 0
May  3 07:38:23 iv-splv-link kernel: [    0.226037] ACPI: PCI Interrupt Link [LNKA] (IRQs 3 4 5 6 7 *9 10 11 14 15)
May  3 07:38:23 iv-splv-link kernel: [    0.226102] ACPI: PCI Interrupt Link [LNKB] (IRQs 3 4 5 6 7 9 10 11 14 15) *0, disabled.
May  3 07:38:23 iv-splv-link kernel: [    0.226163] ACPI: PCI Interrupt Link [LNKC] (IRQs 3 4 5 6 7 9 10 *11 14 15)
May  3 07:38:23 iv-splv-link kernel: [    0.226223] ACPI: PCI Interrupt Link [LNKD] (IRQs 3 4 5 6 7 9 *10 11 14 15)
May  3 07:38:23 iv-splv-link kernel: [    0.231035] ACPI: Enabled 2 GPEs in block 00 to 0F
May  3 07:38:23 iv-splv-link kernel: [    0.231153] vgaarb: setting as boot device: PCI:0000:00:0f.0
May  3 07:38:23 iv-splv-link kernel: [    0.231155] vgaarb: device added: PCI:0000:00:0f.0,decodes=io+mem,owns=io+mem,locks=none
May  3 07:38:23 iv-splv-link kernel: [    0.231159] vgaarb: loaded
May  3 07:38:23 iv-splv-link kernel: [    0.231160] vgaarb: bridge control possible 0000:00:0f.0
May  3 07:38:23 iv-splv-link kernel: [    0.231214] PCI: Using ACPI for IRQ routing
May  3 07:38:23 iv-splv-link kernel: [    0.253986] PCI: pci_cache_line_size set to 64 bytes
May  3 07:38:23 iv-splv-link kernel: [    0.254696] e820: reserve RAM buffer [mem 0x0009f800-0x0009ffff]
May  3 07:38:23 iv-splv-link kernel: [    0.254699] e820: reserve RAM buffer [mem 0x7fef0000-0x7fffffff]
May  3 07:38:23 iv-splv-link kernel: [    0.254915] hpet0: at MMIO 0xfed00000, IRQs 2, 8, 0, 0, 0, 0, 0, 0, 0, 0, 0, 0, 0, 0, 0, 0
May  3 07:38:23 iv-splv-link kernel: [    0.254921] hpet0: 16 comparators, 64-bit 14.318180 MHz counter
May  3 07:38:23 iv-splv-link kernel: [    0.256960] amd_nb: Cannot enumerate AMD northbridges
May  3 07:38:23 iv-splv-link kernel: [    0.256980] Switched to clocksource hpet
May  3 07:38:23 iv-splv-link kernel: [    0.261973] pnp: PnP ACPI init
May  3 07:38:23 iv-splv-link kernel: [    0.261981] ACPI: bus type PNP registered
May  3 07:38:23 iv-splv-link kernel: [    0.262136] system 00:00: [io  0x1000-0x103f] has been reserved
May  3 07:38:23 iv-splv-link kernel: [    0.262138] system 00:00: [io  0x1040-0x104f] has been reserved
May  3 07:38:23 iv-splv-link kernel: [    0.262140] system 00:00: [io  0x0cf0-0x0cf1] has been reserved
May  3 07:38:23 iv-splv-link kernel: [    0.262143] system 00:00: Plug and Play ACPI device, IDs PNP0c02 (active)
May  3 07:38:23 iv-splv-link kernel: [    0.262173] pnp 00:01: Plug and Play ACPI device, IDs PNP0b00 (active)
May  3 07:38:23 iv-splv-link kernel: [    0.262352] pnp 00:02: Plug and Play ACPI device, IDs PNP0303 (active)
May  3 07:38:23 iv-splv-link kernel: [    0.262372] pnp 00:03: Plug and Play ACPI device, IDs PNP0f13 (active)
May  3 07:38:23 iv-splv-link kernel: [    0.262527] system 00:04: [mem 0xfed00000-0xfed003ff] has been reserved
May  3 07:38:23 iv-splv-link kernel: [    0.262529] system 00:04: Plug and Play ACPI device, IDs PNP0103 PNP0c01 (active)
May  3 07:38:23 iv-splv-link kernel: [    0.263842] system 00:05: [io  0xfce0-0xfcff] has been reserved
May  3 07:38:23 iv-splv-link kernel: [    0.263845] system 00:05: [mem 0xf0000000-0xf7ffffff] has been reserved
May  3 07:38:23 iv-splv-link kernel: [    0.263847] system 00:05: [mem 0xfe800000-0xfe9fffff] has been reserved
May  3 07:38:23 iv-splv-link kernel: [    0.263849] system 00:05: Plug and Play ACPI device, IDs PNP0c02 (active)
May  3 07:38:23 iv-splv-link kernel: [    0.267200] pnp: PnP ACPI: found 6 devices
May  3 07:38:23 iv-splv-link kernel: [    0.267202] ACPI: bus type PNP unregistered
May  3 07:38:23 iv-splv-link kernel: [    0.267207] PnPBIOS: Disabled by ACPI PNP
May  3 07:38:23 iv-splv-link kernel: [    0.302830] pci 0000:00:15.0: bridge window [mem 0x00100000-0x000fffff 64bit pref] to [bus 03] add_size 200000
May  3 07:38:23 iv-splv-link kernel: [    0.302976] pci 0000:00:15.3: bridge window [io  0x1000-0x0fff] to [bus 06] add_size 1000
May  3 07:38:23 iv-splv-link kernel: [    0.303026] pci 0000:00:15.4: bridge window [io  0x1000-0x0fff] to [bus 07] add_size 1000
May  3 07:38:23 iv-splv-link kernel: [    0.303076] pci 0000:00:15.5: bridge window [io  0x1000-0x0fff] to [bus 08] add_size 1000
May  3 07:38:23 iv-splv-link kernel: [    0.303126] pci 0000:00:15.6: bridge window [io  0x1000-0x0fff] to [bus 09] add_size 1000
May  3 07:38:23 iv-splv-link kernel: [    0.303175] pci 0000:00:15.7: bridge window [io  0x1000-0x0fff] to [bus 0a] add_size 1000
May  3 07:38:23 iv-splv-link kernel: [    0.303226] pci 0000:00:16.0: bridge window [mem 0x00100000-0x000fffff 64bit pref] to [bus 0b] add_size 200000
May  3 07:38:23 iv-splv-link kernel: [    0.303371] pci 0000:00:16.3: bridge window [io  0x1000-0x0fff] to [bus 0e] add_size 1000
May  3 07:38:23 iv-splv-link kernel: [    0.303421] pci 0000:00:16.4: bridge window [io  0x1000-0x0fff] to [bus 0f] add_size 1000
May  3 07:38:23 iv-splv-link kernel: [    0.303470] pci 0000:00:16.5: bridge window [io  0x1000-0x0fff] to [bus 10] add_size 1000
May  3 07:38:23 iv-splv-link kernel: [    0.303520] pci 0000:00:16.6: bridge window [io  0x1000-0x0fff] to [bus 11] add_size 1000
May  3 07:38:23 iv-splv-link kernel: [    0.303570] pci 0000:00:16.7: bridge window [io  0x1000-0x0fff] to [bus 12] add_size 1000
May  3 07:38:23 iv-splv-link kernel: [    0.303620] pci 0000:00:17.0: bridge window [mem 0x00100000-0x000fffff 64bit pref] to [bus 13] add_size 200000
May  3 07:38:23 iv-splv-link kernel: [    0.303773] pci 0000:00:17.3: bridge window [io  0x1000-0x0fff] to [bus 16] add_size 1000
May  3 07:38:23 iv-splv-link kernel: [    0.303823] pci 0000:00:17.4: bridge window [io  0x1000-0x0fff] to [bus 17] add_size 1000
May  3 07:38:23 iv-splv-link kernel: [    0.303872] pci 0000:00:17.5: bridge window [io  0x1000-0x0fff] to [bus 18] add_size 1000
May  3 07:38:23 iv-splv-link kernel: [    0.303922] pci 0000:00:17.6: bridge window [io  0x1000-0x0fff] to [bus 19] add_size 1000
May  3 07:38:23 iv-splv-link kernel: [    0.303972] pci 0000:00:17.7: bridge window [io  0x1000-0x0fff] to [bus 1a] add_size 1000
May  3 07:38:23 iv-splv-link kernel: [    0.304116] pci 0000:00:18.2: bridge window [io  0x1000-0x0fff] to [bus 1d] add_size 1000
May  3 07:38:23 iv-splv-link kernel: [    0.304165] pci 0000:00:18.3: bridge window [io  0x1000-0x0fff] to [bus 1e] add_size 1000
May  3 07:38:23 iv-splv-link kernel: [    0.304215] pci 0000:00:18.4: bridge window [io  0x1000-0x0fff] to [bus 1f] add_size 1000
May  3 07:38:23 iv-splv-link kernel: [    0.304265] pci 0000:00:18.5: bridge window [io  0x1000-0x0fff] to [bus 20] add_size 1000
May  3 07:38:23 iv-splv-link kernel: [    0.304315] pci 0000:00:18.6: bridge window [io  0x1000-0x0fff] to [bus 21] add_size 1000
May  3 07:38:23 iv-splv-link kernel: [    0.304364] pci 0000:00:18.7: bridge window [io  0x1000-0x0fff] to [bus 22] add_size 1000
May  3 07:38:23 iv-splv-link kernel: [    0.304378] pci 0000:00:15.0: res[15]=[mem 0x00100000-0x000fffff 64bit pref] get_res_add_size add_size 200000
May  3 07:38:23 iv-splv-link kernel: [    0.304380] pci 0000:00:16.0: res[15]=[mem 0x00100000-0x000fffff 64bit pref] get_res_add_size add_size 200000
May  3 07:38:23 iv-splv-link kernel: [    0.304382] pci 0000:00:17.0: res[15]=[mem 0x00100000-0x000fffff 64bit pref] get_res_add_size add_size 200000
May  3 07:38:23 iv-splv-link kernel: [    0.304384] pci 0000:00:15.3: res[13]=[io  0x1000-0x0fff] get_res_add_size add_size 1000
May  3 07:38:23 iv-splv-link kernel: [    0.304386] pci 0000:00:15.4: res[13]=[io  0x1000-0x0fff] get_res_add_size add_size 1000
May  3 07:38:23 iv-splv-link kernel: [    0.304388] pci 0000:00:15.5: res[13]=[io  0x1000-0x0fff] get_res_add_size add_size 1000
May  3 07:38:23 iv-splv-link kernel: [    0.304390] pci 0000:00:15.6: res[13]=[io  0x1000-0x0fff] get_res_add_size add_size 1000
May  3 07:38:23 iv-splv-link kernel: [    0.304391] pci 0000:00:15.7: res[13]=[io  0x1000-0x0fff] get_res_add_size add_size 1000
May  3 07:38:23 iv-splv-link kernel: [    0.304393] pci 0000:00:16.3: res[13]=[io  0x1000-0x0fff] get_res_add_size add_size 1000
May  3 07:38:23 iv-splv-link kernel: [    0.304395] pci 0000:00:16.4: res[13]=[io  0x1000-0x0fff] get_res_add_size add_size 1000
May  3 07:38:23 iv-splv-link kernel: [    0.304397] pci 0000:00:16.5: res[13]=[io  0x1000-0x0fff] get_res_add_size add_size 1000
May  3 07:38:23 iv-splv-link kernel: [    0.304399] pci 0000:00:16.6: res[13]=[io  0x1000-0x0fff] get_res_add_size add_size 1000
May  3 07:38:23 iv-splv-link kernel: [    0.304400] pci 0000:00:16.7: res[13]=[io  0x1000-0x0fff] get_res_add_size add_size 1000
May  3 07:38:23 iv-splv-link kernel: [    0.304402] pci 0000:00:17.3: res[13]=[io  0x1000-0x0fff] get_res_add_size add_size 1000
May  3 07:38:23 iv-splv-link kernel: [    0.304404] pci 0000:00:17.4: res[13]=[io  0x1000-0x0fff] get_res_add_size add_size 1000
May  3 07:38:23 iv-splv-link kernel: [    0.304406] pci 0000:00:17.5: res[13]=[io  0x1000-0x0fff] get_res_add_size add_size 1000
May  3 07:38:23 iv-splv-link kernel: [    0.304407] pci 0000:00:17.6: res[13]=[io  0x1000-0x0fff] get_res_add_size add_size 1000
May  3 07:38:23 iv-splv-link kernel: [    0.304409] pci 0000:00:17.7: res[13]=[io  0x1000-0x0fff] get_res_add_size add_size 1000
May  3 07:38:23 iv-splv-link kernel: [    0.304411] pci 0000:00:18.2: res[13]=[io  0x1000-0x0fff] get_res_add_size add_size 1000
May  3 07:38:23 iv-splv-link kernel: [    0.304413] pci 0000:00:18.3: res[13]=[io  0x1000-0x0fff] get_res_add_size add_size 1000
May  3 07:38:23 iv-splv-link kernel: [    0.304414] pci 0000:00:18.4: res[13]=[io  0x1000-0x0fff] get_res_add_size add_size 1000
May  3 07:38:23 iv-splv-link kernel: [    0.304416] pci 0000:00:18.5: res[13]=[io  0x1000-0x0fff] get_res_add_size add_size 1000
May  3 07:38:23 iv-splv-link kernel: [    0.304418] pci 0000:00:18.6: res[13]=[io  0x1000-0x0fff] get_res_add_size add_size 1000
May  3 07:38:23 iv-splv-link kernel: [    0.304420] pci 0000:00:18.7: res[13]=[io  0x1000-0x0fff] get_res_add_size add_size 1000
May  3 07:38:23 iv-splv-link kernel: [    0.304428] pci 0000:00:15.0: BAR 15: assigned [mem 0x80000000-0x801fffff 64bit pref]
May  3 07:38:23 iv-splv-link kernel: [    0.304433] pci 0000:00:16.0: BAR 15: assigned [mem 0x80200000-0x803fffff 64bit pref]
May  3 07:38:23 iv-splv-link kernel: [    0.304438] pci 0000:00:17.0: BAR 15: assigned [mem 0x80400000-0x805fffff 64bit pref]
May  3 07:38:23 iv-splv-link kernel: [    0.304441] pci 0000:00:0f.0: BAR 6: assigned [mem 0x80600000-0x80607fff pref]
May  3 07:38:23 iv-splv-link kernel: [    0.304445] pci 0000:00:15.3: BAR 13: can't assign io (size 0x1000)
May  3 07:38:23 iv-splv-link kernel: [    0.304448] pci 0000:00:15.4: BAR 13: can't assign io (size 0x1000)
May  3 07:38:23 iv-splv-link kernel: [    0.304451] pci 0000:00:15.5: BAR 13: can't assign io (size 0x1000)
May  3 07:38:23 iv-splv-link kernel: [    0.304453] pci 0000:00:15.6: BAR 13: can't assign io (size 0x1000)
May  3 07:38:23 iv-splv-link kernel: [    0.304456] pci 0000:00:15.7: BAR 13: can't assign io (size 0x1000)
May  3 07:38:23 iv-splv-link kernel: [    0.304458] pci 0000:00:16.3: BAR 13: can't assign io (size 0x1000)
May  3 07:38:23 iv-splv-link kernel: [    0.304461] pci 0000:00:16.4: BAR 13: can't assign io (size 0x1000)
May  3 07:38:23 iv-splv-link kernel: [    0.304463] pci 0000:00:16.5: BAR 13: can't assign io (size 0x1000)
May  3 07:38:23 iv-splv-link kernel: [    0.304466] pci 0000:00:16.6: BAR 13: can't assign io (size 0x1000)
May  3 07:38:23 iv-splv-link kernel: [    0.304468] pci 0000:00:16.7: BAR 13: can't assign io (size 0x1000)
May  3 07:38:23 iv-splv-link kernel: [    0.304471] pci 0000:00:17.3: BAR 13: can't assign io (size 0x1000)
May  3 07:38:23 iv-splv-link kernel: [    0.304473] pci 0000:00:17.4: BAR 13: can't assign io (size 0x1000)
May  3 07:38:23 iv-splv-link kernel: [    0.304476] pci 0000:00:17.5: BAR 13: can't assign io (size 0x1000)
May  3 07:38:23 iv-splv-link kernel: [    0.304478] pci 0000:00:17.6: BAR 13: can't assign io (size 0x1000)
May  3 07:38:23 iv-splv-link kernel: [    0.304481] pci 0000:00:17.7: BAR 13: can't assign io (size 0x1000)
May  3 07:38:23 iv-splv-link kernel: [    0.304483] pci 0000:00:18.2: BAR 13: can't assign io (size 0x1000)
May  3 07:38:23 iv-splv-link kernel: [    0.304486] pci 0000:00:18.3: BAR 13: can't assign io (size 0x1000)
May  3 07:38:23 iv-splv-link kernel: [    0.304488] pci 0000:00:18.4: BAR 13: can't assign io (size 0x1000)
May  3 07:38:23 iv-splv-link kernel: [    0.304491] pci 0000:00:18.5: BAR 13: can't assign io (size 0x1000)
May  3 07:38:23 iv-splv-link kernel: [    0.304493] pci 0000:00:18.6: BAR 13: can't assign io (size 0x1000)
May  3 07:38:23 iv-splv-link kernel: [    0.304496] pci 0000:00:18.7: BAR 13: can't assign io (size 0x1000)
May  3 07:38:23 iv-splv-link kernel: [    0.304501] pci 0000:00:18.7: BAR 13: can't assign io (size 0x1000)
May  3 07:38:23 iv-splv-link kernel: [    0.304504] pci 0000:00:18.6: BAR 13: can't assign io (size 0x1000)
May  3 07:38:23 iv-splv-link kernel: [    0.304506] pci 0000:00:18.5: BAR 13: can't assign io (size 0x1000)
May  3 07:38:23 iv-splv-link kernel: [    0.304509] pci 0000:00:18.4: BAR 13: can't assign io (size 0x1000)
May  3 07:38:23 iv-splv-link kernel: [    0.304511] pci 0000:00:18.3: BAR 13: can't assign io (size 0x1000)
May  3 07:38:23 iv-splv-link kernel: [    0.304514] pci 0000:00:18.2: BAR 13: can't assign io (size 0x1000)
May  3 07:38:23 iv-splv-link kernel: [    0.304516] pci 0000:00:17.7: BAR 13: can't assign io (size 0x1000)
May  3 07:38:23 iv-splv-link kernel: [    0.304519] pci 0000:00:17.6: BAR 13: can't assign io (size 0x1000)
May  3 07:38:23 iv-splv-link kernel: [    0.304521] pci 0000:00:17.5: BAR 13: can't assign io (size 0x1000)
May  3 07:38:23 iv-splv-link kernel: [    0.304524] pci 0000:00:17.4: BAR 13: can't assign io (size 0x1000)
May  3 07:38:23 iv-splv-link kernel: [    0.304526] pci 0000:00:17.3: BAR 13: can't assign io (size 0x1000)
May  3 07:38:23 iv-splv-link kernel: [    0.304529] pci 0000:00:16.7: BAR 13: can't assign io (size 0x1000)
May  3 07:38:23 iv-splv-link kernel: [    0.304531] pci 0000:00:16.6: BAR 13: can't assign io (size 0x1000)
May  3 07:38:23 iv-splv-link kernel: [    0.304534] pci 0000:00:16.5: BAR 13: can't assign io (size 0x1000)
May  3 07:38:23 iv-splv-link kernel: [    0.304537] pci 0000:00:16.4: BAR 13: can't assign io (size 0x1000)
May  3 07:38:23 iv-splv-link kernel: [    0.304539] pci 0000:00:16.3: BAR 13: can't assign io (size 0x1000)
May  3 07:38:23 iv-splv-link kernel: [    0.304542] pci 0000:00:15.7: BAR 13: can't assign io (size 0x1000)
May  3 07:38:23 iv-splv-link kernel: [    0.304544] pci 0000:00:15.6: BAR 13: can't assign io (size 0x1000)
May  3 07:38:23 iv-splv-link kernel: [    0.304547] pci 0000:00:15.5: BAR 13: can't assign io (size 0x1000)
May  3 07:38:23 iv-splv-link kernel: [    0.304549] pci 0000:00:15.4: BAR 13: can't assign io (size 0x1000)
May  3 07:38:23 iv-splv-link kernel: [    0.304551] pci 0000:00:15.3: BAR 13: can't assign io (size 0x1000)
May  3 07:38:23 iv-splv-link kernel: [    0.304554] pci 0000:00:01.0: PCI bridge to [bus 01]
May  3 07:38:23 iv-splv-link kernel: [    0.304629] pci 0000:00:11.0: PCI bridge to [bus 02]
May  3 07:38:23 iv-splv-link kernel: [    0.304639] pci 0000:00:11.0:   bridge window [io  0x2000-0x3fff]
May  3 07:38:23 iv-splv-link kernel: [    0.304665] pci 0000:00:11.0:   bridge window [mem 0xfd600000-0xfdffffff]
May  3 07:38:23 iv-splv-link kernel: [    0.304683] pci 0000:00:11.0:   bridge window [mem 0xe7b00000-0xe7ffffff 64bit pref]
May  3 07:38:23 iv-splv-link kernel: [    0.304717] pci 0000:03:00.0: BAR 6: assigned [mem 0xfd500000-0xfd50ffff pref]
May  3 07:38:23 iv-splv-link kernel: [    0.304719] pci 0000:00:15.0: PCI bridge to [bus 03]
May  3 07:38:23 iv-splv-link kernel: [    0.304729] pci 0000:00:15.0:   bridge window [io  0x4000-0x4fff]
May  3 07:38:23 iv-splv-link kernel: [    0.304754] pci 0000:00:15.0:   bridge window [mem 0xfd500000-0xfd5fffff]
May  3 07:38:23 iv-splv-link kernel: [    0.304772] pci 0000:00:15.0:   bridge window [mem 0x80000000-0x801fffff 64bit pref]
May  3 07:38:23 iv-splv-link kernel: [    0.304831] pci 0000:00:15.1: PCI bridge to [bus 04]
May  3 07:38:23 iv-splv-link kernel: [    0.304842] pci 0000:00:15.1:   bridge window [io  0x8000-0x8fff]
May  3 07:38:23 iv-splv-link kernel: [    0.304867] pci 0000:00:15.1:   bridge window [mem 0xfd100000-0xfd1fffff]
May  3 07:38:23 iv-splv-link kernel: [    0.304885] pci 0000:00:15.1:   bridge window [mem 0xe7900000-0xe79fffff 64bit pref]
May  3 07:38:23 iv-splv-link kernel: [    0.304925] pci 0000:00:15.2: PCI bridge to [bus 05]
May  3 07:38:23 iv-splv-link kernel: [    0.304935] pci 0000:00:15.2:   bridge window [io  0xc000-0xcfff]
May  3 07:38:23 iv-splv-link kernel: [    0.304969] pci 0000:00:15.2:   bridge window [mem 0xfcd00000-0xfcdfffff]
