Apr 10 12:58:05 syslogd started: BusyBox v1.22.1
Apr 10 12:58:05 kernel: klogd started: BusyBox v1.22.1 (Debian 1:1.22.0-9+deb8u1)
Apr 10 12:58:05 kernel: [    0.000000] Initializing cgroup subsys cpuset
Apr 10 12:58:05 kernel: [    0.000000] Initializing cgroup subsys cpu
Apr 10 12:58:05 kernel: [    0.000000] Initializing cgroup subsys cpuacct
Apr 10 12:58:05 kernel: [    0.000000] Linux version 3.16.0-4-586 (debian-kernel@lists.debian.org) (gcc version 4.8.4 (Debian 4.8.4-1) ) #1 Debian 3.16.39-1 (2016-12-30)
Apr 10 12:58:05 kernel: [    0.000000] Disabled fast string operations
Apr 10 12:58:05 kernel: [    0.000000] e820: BIOS-provided physical RAM map:
Apr 10 12:58:05 kernel: [    0.000000] BIOS-e820: [mem 0x0000000000000000-0x000000000009f7ff] usable
Apr 10 12:58:05 kernel: [    0.000000] BIOS-e820: [mem 0x000000000009f800-0x000000000009ffff] reserved
Apr 10 12:58:05 kernel: [    0.000000] BIOS-e820: [mem 0x00000000000dc000-0x00000000000fffff] reserved
Apr 10 12:58:05 kernel: [    0.000000] BIOS-e820: [mem 0x0000000000100000-0x000000007feeffff] usable
Apr 10 12:58:05 kernel: [    0.000000] BIOS-e820: [mem 0x000000007fef0000-0x000000007fefefff] ACPI data
Apr 10 12:58:05 kernel: [    0.000000] BIOS-e820: [mem 0x000000007feff000-0x000000007fefffff] ACPI NVS
Apr 10 12:58:05 kernel: [    0.000000] BIOS-e820: [mem 0x000000007ff00000-0x000000007fffffff] usable
Apr 10 12:58:05 kernel: [    0.000000] BIOS-e820: [mem 0x00000000f0000000-0x00000000f7ffffff] reserved
Apr 10 12:58:05 kernel: [    0.000000] BIOS-e820: [mem 0x00000000fec00000-0x00000000fec0ffff] reserved
Apr 10 12:58:05 kernel: [    0.000000] BIOS-e820: [mem 0x00000000fee00000-0x00000000fee00fff] reserved
Apr 10 12:58:05 kernel: [    0.000000] BIOS-e820: [mem 0x00000000fffe0000-0x00000000ffffffff] reserved
Apr 10 12:58:05 kernel: [    0.000000] Notice: NX (Execute Disable) protection cannot be enabled: non-PAE kernel!
Apr 10 12:58:05 kernel: [    0.000000] SMBIOS 2.4 present.
Apr 10 12:58:05 kernel: [    0.000000] DMI: VMware, Inc. VMware Virtual Platform/440BX Desktop Reference Platform, BIOS 6.00 09/21/2015
Apr 10 12:58:05 kernel: [    0.000000] Hypervisor detected: VMware
Apr 10 12:58:05 kernel: [    0.000000] e820: update [mem 0x00000000-0x00000fff] usable ==> reserved
Apr 10 12:58:05 kernel: [    0.000000] e820: remove [mem 0x000a0000-0x000fffff] usable
Apr 10 12:58:05 kernel: [    0.000000] e820: last_pfn = 0x80000 max_arch_pfn = 0x100000
Apr 10 12:58:05 kernel: [    0.000000] MTRR default type: uncachable
Apr 10 12:58:05 kernel: [    0.000000] MTRR fixed ranges enabled:
Apr 10 12:58:05 kernel: [    0.000000]   00000-9FFFF write-back
Apr 10 12:58:05 kernel: [    0.000000]   A0000-BFFFF uncachable
Apr 10 12:58:05 kernel: [    0.000000]   C0000-CBFFF write-protect
Apr 10 12:58:05 kernel: [    0.000000]   CC000-EFFFF uncachable
Apr 10 12:58:05 kernel: [    0.000000]   F0000-FFFFF write-protect
Apr 10 12:58:05 kernel: [    0.000000] MTRR variable ranges enabled:
Apr 10 12:58:05 kernel: [    0.000000]   0 base 00000000000 mask 3FF80000000 write-back
Apr 10 12:58:05 kernel: [    0.000000]   1 disabled
Apr 10 12:58:05 kernel: [    0.000000]   2 disabled
Apr 10 12:58:05 kernel: [    0.000000]   3 disabled
Apr 10 12:58:05 kernel: [    0.000000]   4 disabled
Apr 10 12:58:05 kernel: [    0.000000]   5 disabled
Apr 10 12:58:05 kernel: [    0.000000]   6 disabled
Apr 10 12:58:05 kernel: [    0.000000]   7 disabled
Apr 10 12:58:05 kernel: [    0.000000] x86 PAT enabled: cpu 0, old 0x7040600070406, new 0x7010600070106
Apr 10 12:58:05 kernel: [    0.000000] found SMP MP-table at [mem 0x000f6b30-0x000f6b3f] mapped at [c00f6b30]
Apr 10 12:58:05 kernel: [    0.000000] initial memory mapped: [mem 0x00000000-0x01bfffff]
Apr 10 12:58:05 kernel: [    0.000000] Base memory trampoline at [c009b000] 9b000 size 16384
Apr 10 12:58:05 kernel: [    0.000000] init_memory_mapping: [mem 0x00000000-0x000fffff]
Apr 10 12:58:05 kernel: [    0.000000]  [mem 0x00000000-0x000fffff] page 4k
Apr 10 12:58:05 kernel: [    0.000000] init_memory_mapping: [mem 0x37000000-0x373fffff]
Apr 10 12:58:05 kernel: [    0.000000]  [mem 0x37000000-0x373fffff] page 2M
Apr 10 12:58:05 kernel: [    0.000000] init_memory_mapping: [mem 0x30000000-0x36ffffff]
Apr 10 12:58:05 kernel: [    0.000000]  [mem 0x30000000-0x36ffffff] page 2M
Apr 10 12:58:05 kernel: [    0.000000] init_memory_mapping: [mem 0x00100000-0x2fffffff]
Apr 10 12:58:05 kernel: [    0.000000]  [mem 0x00100000-0x003fffff] page 4k
Apr 10 12:58:05 kernel: [    0.000000]  [mem 0x00400000-0x2fffffff] page 2M
Apr 10 12:58:05 kernel: [    0.000000] init_memory_mapping: [mem 0x37400000-0x377fdfff]
Apr 10 12:58:05 kernel: [    0.000000]  [mem 0x37400000-0x377fdfff] page 4k
Apr 10 12:58:05 kernel: [    0.000000] BRK [0x0171f000, 0x0171ffff] PGTABLE
Apr 10 12:58:05 kernel: [    0.000000] RAMDISK: [mem 0x7f8ed000-0x7feeffff]
Apr 10 12:58:05 kernel: [    0.000000] Allocated new RAMDISK: [mem 0x371fb000-0x377fd653]
Apr 10 12:58:05 kernel: [    0.000000] Move RAMDISK from [mem 0x7f8ed000-0x7feef653] to [mem 0x371fb000-0x377fd653]
Apr 10 12:58:05 kernel: [    0.000000] ACPI: Early table checksum verification disabled
Apr 10 12:58:05 kernel: [    0.000000] ACPI: RSDP 0x00000000000F6AC0 000024 (v02 PTLTD )
Apr 10 12:58:05 kernel: [    0.000000] ACPI: XSDT 0x000000007FEF114C 00005C (v01 INTEL  440BX    06040000 VMW  01324272)
Apr 10 12:58:05 kernel: [    0.000000] ACPI: FACP 0x000000007FEFEE73 0000F4 (v04 INTEL  440BX    06040000 PTL  000F4240)
Apr 10 12:58:05 kernel: [    0.000000] ACPI: DSDT 0x000000007FEF13B4 00DABF (v01 PTLTD  Custom   06040000 MSFT 03000001)
Apr 10 12:58:05 kernel: [    0.000000] ACPI: FACS 0x000000007FEFFFC0 000040
Apr 10 12:58:05 kernel: [    0.000000] ACPI: FACS 0x000000007FEFFFC0 000040
Apr 10 12:58:05 kernel: [    0.000000] ACPI: BOOT 0x000000007FEF138C 000028 (v01 PTLTD  $SBFTBL$ 06040000  LTP 00000001)
Apr 10 12:58:05 kernel: [    0.000000] ACPI: APIC 0x000000007FEF133C 000050 (v01 PTLTD  ? APIC   06040000  LTP 00000000)
Apr 10 12:58:05 kernel: [    0.000000] ACPI: MCFG 0x000000007FEF1300 00003C (v01 PTLTD  $PCITBL$ 06040000  LTP 00000001)
Apr 10 12:58:05 kernel: [    0.000000] ACPI: SRAT 0x000000007FEF1248 0000B8 (v02 VMWARE MEMPLUG  06040000 VMW  00000001)
Apr 10 12:58:05 kernel: [    0.000000] ACPI: HPET 0x000000007FEF1210 000038 (v01 VMWARE VMW HPET 06040000 VMW  00000001)
Apr 10 12:58:05 kernel: [    0.000000] ACPI: WAET 0x000000007FEF11E8 000028 (v01 VMWARE VMW WAET 06040000 VMW  00000001)
Apr 10 12:58:05 kernel: [    0.000000] ACPI: Local APIC address 0xfee00000
Apr 10 12:58:05 kernel: [    0.000000] 1160MB HIGHMEM available.
Apr 10 12:58:05 kernel: [    0.000000] 887MB LOWMEM available.
Apr 10 12:58:05 kernel: [    0.000000]   mapped low ram: 0 - 377fe000
Apr 10 12:58:05 kernel: [    0.000000]   low ram: 0 - 377fe000
Apr 10 12:58:05 kernel: [    0.000000] BRK [0x01720000, 0x01720fff] PGTABLE
Apr 10 12:58:05 kernel: [    0.000000] Zone ranges:
Apr 10 12:58:05 kernel: [    0.000000]   DMA      [mem 0x00001000-0x00ffffff]
Apr 10 12:58:05 kernel: [    0.000000]   Normal   [mem 0x01000000-0x377fdfff]
Apr 10 12:58:05 kernel: [    0.000000]   HighMem  [mem 0x377fe000-0x7fffffff]
Apr 10 12:58:05 kernel: [    0.000000] Movable zone start for each node
Apr 10 12:58:05 kernel: [    0.000000] Early memory node ranges
Apr 10 12:58:05 kernel: [    0.000000]   node   0: [mem 0x00001000-0x0009efff]
Apr 10 12:58:05 kernel: [    0.000000]   node   0: [mem 0x00100000-0x7feeffff]
Apr 10 12:58:05 kernel: [    0.000000]   node   0: [mem 0x7ff00000-0x7fffffff]
Apr 10 12:58:05 kernel: [    0.000000] On node 0 totalpages: 524174
Apr 10 12:58:05 kernel: [    0.000000] free_area_init_node: node 0, pgdat c15f5640, node_mem_map f61fb020
Apr 10 12:58:05 kernel: [    0.000000]   DMA zone: 32 pages used for memmap
Apr 10 12:58:05 kernel: [    0.000000]   DMA zone: 0 pages reserved
Apr 10 12:58:05 kernel: [    0.000000]   DMA zone: 3998 pages, LIFO batch:0
Apr 10 12:58:05 kernel: [    0.000000]   Normal zone: 1744 pages used for memmap
Apr 10 12:58:05 kernel: [    0.000000]   Normal zone: 223230 pages, LIFO batch:31
Apr 10 12:58:05 kernel: [    0.000000]   HighMem zone: 2321 pages used for memmap
Apr 10 12:58:05 kernel: [    0.000000]   HighMem zone: 296946 pages, LIFO batch:31
Apr 10 12:58:05 kernel: [    0.000000] Using APIC driver default
Apr 10 12:58:05 kernel: [    0.000000] ACPI: PM-Timer IO Port: 0x1008
Apr 10 12:58:05 kernel: [    0.000000] ACPI: Local APIC address 0xfee00000
Apr 10 12:58:05 kernel: [    0.000000] ACPI: LAPIC (acpi_id[0x00] lapic_id[0x00] enabled)
Apr 10 12:58:05 kernel: [    0.000000] ACPI: LAPIC_NMI (acpi_id[0x00] high edge lint[0x1])
Apr 10 12:58:05 kernel: [    0.000000] ACPI: IOAPIC (id[0x01] address[0xfec00000] gsi_base[0])
Apr 10 12:58:05 kernel: [    0.000000] IOAPIC[0]: apic_id 1, version 17, address 0xfec00000, GSI 0-23
Apr 10 12:58:05 kernel: [    0.000000] ACPI: INT_SRC_OVR (bus 0 bus_irq 0 global_irq 2 high edge)
Apr 10 12:58:05 kernel: [    0.000000] ACPI: IRQ0 used by override.
Apr 10 12:58:05 kernel: [    0.000000] ACPI: IRQ2 used by override.
Apr 10 12:58:05 kernel: [    0.000000] ACPI: IRQ9 used by override.
Apr 10 12:58:05 kernel: [    0.000000] Using ACPI (MADT) for SMP configuration information
Apr 10 12:58:05 kernel: [    0.000000] ACPI: HPET id: 0x8086af01 base: 0xfed00000
Apr 10 12:58:05 kernel: [    0.000000] nr_irqs_gsi: 40
Apr 10 12:58:05 kernel: [    0.000000] PM: Registered nosave memory: [mem 0x0009f000-0x0009ffff]
Apr 10 12:58:05 kernel: [    0.000000] PM: Registered nosave memory: [mem 0x000a0000-0x000dbfff]
Apr 10 12:58:05 kernel: [    0.000000] PM: Registered nosave memory: [mem 0x000dc000-0x000fffff]
Apr 10 12:58:05 kernel: [    0.000000] e820: [mem 0x80000000-0xefffffff] available for PCI devices
Apr 10 12:58:05 kernel: [    0.000000] Booting paravirtualized kernel on bare hardware
Apr 10 12:58:05 kernel: [    0.000000] pcpu-alloc: s0 r0 d32768 u32768 alloc=1*32768
Apr 10 12:58:05 kernel: [    0.000000] pcpu-alloc: [0] 0 
Apr 10 12:58:05 kernel: [    0.000000] Built 1 zonelists in Zone order, mobility grouping on.  Total pages: 522398
Apr 10 12:58:05 kernel: [    0.000000] Kernel command line: BOOT_IMAGE=/install.386/vmlinuz vga=788 initrd=/install.386/initrd.gz --- quiet 
Apr 10 12:58:05 kernel: [    0.000000] PID hash table entries: 4096 (order: 2, 16384 bytes)
Apr 10 12:58:05 kernel: [    0.000000] Dentry cache hash table entries: 131072 (order: 7, 524288 bytes)
Apr 10 12:58:05 kernel: [    0.000000] Inode-cache hash table entries: 65536 (order: 6, 262144 bytes)
Apr 10 12:58:05 kernel: [    0.000000] Initializing CPU#0
Apr 10 12:58:05 kernel: [    0.000000] xsave: enabled xstate_bv 0x7, cntxt size 0x340
Apr 10 12:58:05 kernel: [    0.000000] Initializing HighMem for node 0 (000377fe:00080000)
Apr 10 12:58:05 kernel: [    0.000000] Initializing Movable for node 0 (00000000:00000000)
Apr 10 12:58:05 kernel: [    0.000000] Memory: 2065912K/2096696K available (4260K kernel code, 506K rwdata, 1392K rodata, 672K init, 416K bss, 30784K reserved, 1187784K highmem)
Apr 10 12:58:05 kernel: [    0.000000] virtual kernel memory layout:
Apr 10 12:58:05 kernel: [    0.000000]     fixmap  : 0xfffa2000 - 0xfffff000   ( 372 kB)
Apr 10 12:58:05 kernel: [    0.000000]     pkmap   : 0xff800000 - 0xffc00000   (4096 kB)
Apr 10 12:58:05 kernel: [    0.000000]     vmalloc : 0xf7ffe000 - 0xff7fe000   ( 120 MB)
Apr 10 12:58:05 kernel: [    0.000000]     lowmem  : 0xc0000000 - 0xf77fe000   ( 887 MB)
Apr 10 12:58:05 kernel: [    0.000000]       .init : 0xc1607000 - 0xc16af000   ( 672 kB)
Apr 10 12:58:05 kernel: [    0.000000]       .data : 0xc1429690 - 0xc1605b00   (1905 kB)
Apr 10 12:58:05 kernel: [    0.000000]       .text : 0xc1000000 - 0xc1429690   (4261 kB)
Apr 10 12:58:05 kernel: [    0.000000] Checking if this processor honours the WP bit even in supervisor mode...Ok.
Apr 10 12:58:05 kernel: [    0.000000] NR_IRQS:2304 nr_irqs:256 16
Apr 10 12:58:05 kernel: [    0.000000] CPU 0 irqstacks, hard=f5c08000 soft=f5c0a000
Apr 10 12:58:05 kernel: [    0.000000] Console: colour dummy device 80x25
Apr 10 12:58:05 kernel: [    0.000000] console [tty0] enabled
Apr 10 12:58:05 kernel: [    0.000000] hpet clockevent registered
Apr 10 12:58:05 kernel: [    0.000000] TSC freq read from hypervisor : 2397.223 MHz
Apr 10 12:58:05 kernel: [    0.000000] tsc: Detected 2397.223 MHz processor
Apr 10 12:58:05 kernel: [    0.000081] Calibrating delay loop (skipped) preset value.. 4794.44 BogoMIPS (lpj=9588892)
Apr 10 12:58:05 kernel: [    0.000084] pid_max: default: 32768 minimum: 301
Apr 10 12:58:05 kernel: [    0.000089] ACPI: Core revision 20140424
Apr 10 12:58:05 kernel: [    0.008077] ACPI: All ACPI Tables successfully acquired
Apr 10 12:58:05 kernel: [    0.008087] Security Framework initialized
Apr 10 12:58:05 kernel: [    0.008093] AppArmor: AppArmor disabled by boot time parameter
Apr 10 12:58:05 kernel: [    0.008094] Yama: disabled by default; enable with sysctl kernel.yama.*
Apr 10 12:58:05 kernel: [    0.008102] Mount-cache hash table entries: 2048 (order: 1, 8192 bytes)
Apr 10 12:58:05 kernel: [    0.008103] Mountpoint-cache hash table entries: 2048 (order: 1, 8192 bytes)
Apr 10 12:58:05 kernel: [    0.008233] Initializing cgroup subsys memory
Apr 10 12:58:05 kernel: [    0.008236] Initializing cgroup subsys devices
Apr 10 12:58:05 kernel: [    0.008240] Initializing cgroup subsys freezer
Apr 10 12:58:05 kernel: [    0.008242] Initializing cgroup subsys net_cls
Apr 10 12:58:05 kernel: [    0.008245] Initializing cgroup subsys blkio
Apr 10 12:58:05 kernel: [    0.008248] Initializing cgroup subsys perf_event
Apr 10 12:58:05 kernel: [    0.008250] Initializing cgroup subsys net_prio
Apr 10 12:58:05 kernel: [    0.008293] Disabled fast string operations
Apr 10 12:58:05 kernel: [    0.008301] ENERGY_PERF_BIAS: Set to 'normal', was 'performance'
Apr 10 12:58:05 kernel: [    0.008301] ENERGY_PERF_BIAS: View and update with x86_energy_perf_policy(8)
Apr 10 12:58:05 kernel: [    0.009788] Last level iTLB entries: 4KB 1024, 2MB 1024, 4MB 1024
Apr 10 12:58:05 kernel: [    0.009788] Last level dTLB entries: 4KB 1024, 2MB 1024, 4MB 1024, 1GB 4
Apr 10 12:58:05 kernel: [    0.009788] tlb_flushall_shift: 6
Apr 10 12:58:05 kernel: [    0.009790] CPU: Intel(R) Xeon(R) CPU E5-2620 v3 @ 2.40GHz (fam: 06, model: 3f, stepping: 02)
Apr 10 12:58:05 kernel: [    0.015150] ftrace: allocating 19748 entries in 39 pages
Apr 10 12:58:05 kernel: [    0.028578] Performance Events: 16-deep LBR, Haswell events, core PMU driver.
Apr 10 12:58:05 kernel: [    0.028592] perf_event_intel: CPUID marked event: 'cpu cycles' unavailable
Apr 10 12:58:05 kernel: [    0.028594] perf_event_intel: CPUID marked event: 'instructions' unavailable
Apr 10 12:58:05 kernel: [    0.028594] perf_event_intel: CPUID marked event: 'bus cycles' unavailable
Apr 10 12:58:05 kernel: [    0.028595] perf_event_intel: CPUID marked event: 'cache references' unavailable
Apr 10 12:58:05 kernel: [    0.028596] perf_event_intel: CPUID marked event: 'cache misses' unavailable
Apr 10 12:58:05 kernel: [    0.028597] perf_event_intel: CPUID marked event: 'branch instructions' unavailable
Apr 10 12:58:05 kernel: [    0.028598] perf_event_intel: CPUID marked event: 'branch misses' unavailable
Apr 10 12:58:05 kernel: [    0.028601] ... version:                1
Apr 10 12:58:05 kernel: [    0.028602] ... bit width:              48
Apr 10 12:58:05 kernel: [    0.028602] ... generic registers:      4
Apr 10 12:58:05 kernel: [    0.028603] ... value mask:             0000ffffffffffff
Apr 10 12:58:05 kernel: [    0.028604] ... max period:             000000007fffffff
Apr 10 12:58:05 kernel: [    0.028605] ... fixed-purpose events:   0
Apr 10 12:58:05 kernel: [    0.028605] ... event mask:             000000000000000f
Apr 10 12:58:05 kernel: [    0.029582] Enabling APIC mode:  Flat.  Using 1 I/O APICs
Apr 10 12:58:05 kernel: [    0.029992] ..TIMER: vector=0x30 apic1=0 pin1=2 apic2=-1 pin2=-1
Apr 10 12:58:05 kernel: [    0.069678] TSC deadline timer enabled
Apr 10 12:58:05 kernel: [    0.069705] NMI watchdog: disabled (cpu0): hardware events not enabled
Apr 10 12:58:05 kernel: [    0.069742] devtmpfs: initialized
Apr 10 12:58:05 kernel: [    0.069860] PM: Registering ACPI NVS region [mem 0x7feff000-0x7fefffff] (4096 bytes)
Apr 10 12:58:05 kernel: [    0.070466] pinctrl core: initialized pinctrl subsystem
Apr 10 12:58:05 kernel: [    0.070512] NET: Registered protocol family 16
Apr 10 12:58:05 kernel: [    0.070600] EISA bus registered
Apr 10 12:58:05 kernel: [    0.070603] cpuidle: using governor ladder
Apr 10 12:58:05 kernel: [    0.070605] cpuidle: using governor menu
Apr 10 12:58:05 kernel: [    0.070664] ACPI: bus type PCI registered
Apr 10 12:58:05 kernel: [    0.070665] acpiphp: ACPI Hot Plug PCI Controller Driver version: 0.5
Apr 10 12:58:05 kernel: [    0.070818] PCI: MMCONFIG for domain 0000 [bus 00-7f] at [mem 0xf0000000-0xf7ffffff] (base 0xf0000000)
Apr 10 12:58:05 kernel: [    0.070819] PCI: MMCONFIG at [mem 0xf0000000-0xf7ffffff] reserved in E820
Apr 10 12:58:05 kernel: [    0.070820] PCI: Using MMCONFIG for extended config space
Apr 10 12:58:05 kernel: [    0.070821] PCI: Using configuration type 1 for base access
Apr 10 12:58:05 kernel: [    0.071300] ACPI: Added _OSI(Module Device)
Apr 10 12:58:05 kernel: [    0.071302] ACPI: Added _OSI(Processor Device)
Apr 10 12:58:05 kernel: [    0.071303] ACPI: Added _OSI(3.0 _SCP Extensions)
Apr 10 12:58:05 kernel: [    0.071304] ACPI: Added _OSI(Processor Aggregator Device)
Apr 10 12:58:05 kernel: [    0.076946] [Firmware Bug]: ACPI: BIOS _OSI(Linux) query ignored
Apr 10 12:58:05 kernel: [    0.078215] ACPI: Interpreter enabled
Apr 10 12:58:05 kernel: [    0.078227] ACPI Exception: AE_NOT_FOUND, While evaluating Sleep State [\_S2_] (20140424/hwxface-580)
Apr 10 12:58:05 kernel: [    0.078230] ACPI Exception: AE_NOT_FOUND, While evaluating Sleep State [\_S3_] (20140424/hwxface-580)
Apr 10 12:58:05 kernel: [    0.078237] ACPI: (supports S0 S1 S4 S5)
Apr 10 12:58:05 kernel: [    0.078238] ACPI: Using IOAPIC for interrupt routing
Apr 10 12:58:05 kernel: [    0.078256] PCI: Using host bridge windows from ACPI; if necessary, use "pci=nocrs" and report a bug
Apr 10 12:58:05 kernel: [    0.114185] ACPI: PCI Root Bridge [PCI0] (domain 0000 [bus 00-7f])
Apr 10 12:58:05 kernel: [    0.114190] acpi PNP0A03:00: _OSC: OS supports [ExtendedConfig ASPM ClockPM Segments MSI]
Apr 10 12:58:05 kernel: [    0.114337] acpi PNP0A03:00: _OSC: platform does not support [AER]
Apr 10 12:58:05 kernel: [    0.114481] acpi PNP0A03:00: _OSC: OS now controls [PCIeHotplug PME PCIeCapability]
Apr 10 12:58:05 kernel: [    0.116277] PCI host bridge to bus 0000:00
Apr 10 12:58:05 kernel: [    0.116280] pci_bus 0000:00: root bus resource [bus 00-7f]
Apr 10 12:58:05 kernel: [    0.116282] pci_bus 0000:00: root bus resource [mem 0x000a0000-0x000bffff]
Apr 10 12:58:05 kernel: [    0.116283] pci_bus 0000:00: root bus resource [mem 0x000cc000-0x000cffff]
Apr 10 12:58:05 kernel: [    0.116284] pci_bus 0000:00: root bus resource [mem 0x000d0000-0x000d3fff]
Apr 10 12:58:05 kernel: [    0.116285] pci_bus 0000:00: root bus resource [mem 0x000d4000-0x000d7fff]
Apr 10 12:58:05 kernel: [    0.116286] pci_bus 0000:00: root bus resource [mem 0x000d8000-0x000dbfff]
Apr 10 12:58:05 kernel: [    0.116287] pci_bus 0000:00: root bus resource [mem 0x80000000-0xfebfffff]
Apr 10 12:58:05 kernel: [    0.116289] pci_bus 0000:00: root bus resource [io  0x0000-0x0cf7]
Apr 10 12:58:05 kernel: [    0.116290] pci_bus 0000:00: root bus resource [io  0x0d00-0xfeff]
Apr 10 12:58:05 kernel: [    0.116332] pci 0000:00:00.0: [8086:7190] type 00 class 0x060000
Apr 10 12:58:05 kernel: [    0.116801] pci 0000:00:01.0: [8086:7191] type 01 class 0x060400
Apr 10 12:58:05 kernel: [    0.117186] pci 0000:00:07.0: [8086:7110] type 00 class 0x060100
Apr 10 12:58:05 kernel: [    0.117721] pci 0000:00:07.1: [8086:7111] type 00 class 0x01018a
Apr 10 12:58:05 kernel: [    0.118709] pci 0000:00:07.1: reg 0x20: [io  0x1060-0x106f]
Apr 10 12:58:05 kernel: [    0.119119] pci 0000:00:07.1: legacy IDE quirk: reg 0x10: [io  0x01f0-0x01f7]
Apr 10 12:58:05 kernel: [    0.119121] pci 0000:00:07.1: legacy IDE quirk: reg 0x14: [io  0x03f6]
Apr 10 12:58:05 kernel: [    0.119122] pci 0000:00:07.1: legacy IDE quirk: reg 0x18: [io  0x0170-0x0177]
Apr 10 12:58:05 kernel: [    0.119123] pci 0000:00:07.1: legacy IDE quirk: reg 0x1c: [io  0x0376]
Apr 10 12:58:05 kernel: [    0.119284] pci 0000:00:07.3: [8086:7113] type 00 class 0x068000
Apr 10 12:58:05 kernel: [    0.120387] pci 0000:00:07.3: quirk: [io  0x1000-0x103f] claimed by PIIX4 ACPI
Apr 10 12:58:05 kernel: [    0.120396] pci 0000:00:07.3: quirk: [io  0x1040-0x104f] claimed by PIIX4 SMB
Apr 10 12:58:05 kernel: [    0.120640] pci 0000:00:07.7: [15ad:0740] type 00 class 0x088000
Apr 10 12:58:05 kernel: [    0.121231] pci 0000:00:07.7: reg 0x10: [io  0x1080-0x10bf]
Apr 10 12:58:05 kernel: [    0.121776] pci 0000:00:07.7: reg 0x14: [mem 0xfebfe000-0xfebfffff 64bit]
Apr 10 12:58:05 kernel: [    0.124256] pci 0000:00:0f.0: [15ad:0405] type 00 class 0x030000
Apr 10 12:58:05 kernel: [    0.126070] pci 0000:00:0f.0: reg 0x10: [io  0x1070-0x107f]
Apr 10 12:58:05 kernel: [    0.127785] pci 0000:00:0f.0: reg 0x14: [mem 0xe8000000-0xefffffff pref]
Apr 10 12:58:05 kernel: [    0.129517] pci 0000:00:0f.0: reg 0x18: [mem 0xfe000000-0xfe7fffff]
Apr 10 12:58:05 kernel: [    0.136347] pci 0000:00:0f.0: reg 0x30: [mem 0x00000000-0x00007fff pref]
Apr 10 12:58:05 kernel: [    0.136765] pci 0000:00:11.0: [15ad:0790] type 01 class 0x060401
Apr 10 12:58:05 kernel: [    0.137222] pci 0000:00:11.0: System wakeup disabled by ACPI
Apr 10 12:58:05 kernel: [    0.137357] pci 0000:00:15.0: [15ad:07a0] type 01 class 0x060400
Apr 10 12:58:05 kernel: [    0.137921] pci 0000:00:15.0: PME# supported from D0 D3hot D3cold
Apr 10 12:58:05 kernel: [    0.138072] pci 0000:00:15.0: System wakeup disabled by ACPI
Apr 10 12:58:05 kernel: [    0.138183] pci 0000:00:15.1: [15ad:07a0] type 01 class 0x060400
Apr 10 12:58:05 kernel: [    0.138750] pci 0000:00:15.1: PME# supported from D0 D3hot D3cold
Apr 10 12:58:05 kernel: [    0.138900] pci 0000:00:15.1: System wakeup disabled by ACPI
Apr 10 12:58:05 kernel: [    0.139013] pci 0000:00:15.2: [15ad:07a0] type 01 class 0x060400
Apr 10 12:58:05 kernel: [    0.139577] pci 0000:00:15.2: PME# supported from D0 D3hot D3cold
Apr 10 12:58:05 kernel: [    0.139728] pci 0000:00:15.2: System wakeup disabled by ACPI
Apr 10 12:58:05 kernel: [    0.139838] pci 0000:00:15.3: [15ad:07a0] type 01 class 0x060400
Apr 10 12:58:05 kernel: [    0.140400] pci 0000:00:15.3: PME# supported from D0 D3hot D3cold
Apr 10 12:58:05 kernel: [    0.140549] pci 0000:00:15.3: System wakeup disabled by ACPI
Apr 10 12:58:05 kernel: [    0.140660] pci 0000:00:15.4: [15ad:07a0] type 01 class 0x060400
Apr 10 12:58:05 kernel: [    0.141221] pci 0000:00:15.4: PME# supported from D0 D3hot D3cold
Apr 10 12:58:05 kernel: [    0.141370] pci 0000:00:15.4: System wakeup disabled by ACPI
Apr 10 12:58:05 kernel: [    0.141480] pci 0000:00:15.5: [15ad:07a0] type 01 class 0x060400
Apr 10 12:58:05 kernel: [    0.142042] pci 0000:00:15.5: PME# supported from D0 D3hot D3cold
Apr 10 12:58:05 kernel: [    0.142191] pci 0000:00:15.5: System wakeup disabled by ACPI
Apr 10 12:58:05 kernel: [    0.142301] pci 0000:00:15.6: [15ad:07a0] type 01 class 0x060400
Apr 10 12:58:05 kernel: [    0.142868] pci 0000:00:15.6: PME# supported from D0 D3hot D3cold
Apr 10 12:58:05 kernel: [    0.143019] pci 0000:00:15.6: System wakeup disabled by ACPI
Apr 10 12:58:05 kernel: [    0.143128] pci 0000:00:15.7: [15ad:07a0] type 01 class 0x060400
Apr 10 12:58:05 kernel: [    0.143692] pci 0000:00:15.7: PME# supported from D0 D3hot D3cold
Apr 10 12:58:05 kernel: [    0.143841] pci 0000:00:15.7: System wakeup disabled by ACPI
Apr 10 12:58:05 kernel: [    0.143952] pci 0000:00:16.0: [15ad:07a0] type 01 class 0x060400
Apr 10 12:58:05 kernel: [    0.144514] pci 0000:00:16.0: PME# supported from D0 D3hot D3cold
Apr 10 12:58:05 kernel: [    0.144663] pci 0000:00:16.0: System wakeup disabled by ACPI
Apr 10 12:58:05 kernel: [    0.144773] pci 0000:00:16.1: [15ad:07a0] type 01 class 0x060400
Apr 10 12:58:05 kernel: [    0.145335] pci 0000:00:16.1: PME# supported from D0 D3hot D3cold
Apr 10 12:58:05 kernel: [    0.145484] pci 0000:00:16.1: System wakeup disabled by ACPI
Apr 10 12:58:05 kernel: [    0.145596] pci 0000:00:16.2: [15ad:07a0] type 01 class 0x060400
Apr 10 12:58:05 kernel: [    0.146157] pci 0000:00:16.2: PME# supported from D0 D3hot D3cold
Apr 10 12:58:05 kernel: [    0.146306] pci 0000:00:16.2: System wakeup disabled by ACPI
Apr 10 12:58:05 kernel: [    0.146418] pci 0000:00:16.3: [15ad:07a0] type 01 class 0x060400
Apr 10 12:58:05 kernel: [    0.146984] pci 0000:00:16.3: PME# supported from D0 D3hot D3cold
Apr 10 12:58:05 kernel: [    0.147134] pci 0000:00:16.3: System wakeup disabled by ACPI
Apr 10 12:58:05 kernel: [    0.147245] pci 0000:00:16.4: [15ad:07a0] type 01 class 0x060400
Apr 10 12:58:05 kernel: [    0.147806] pci 0000:00:16.4: PME# supported from D0 D3hot D3cold
Apr 10 12:58:05 kernel: [    0.147955] pci 0000:00:16.4: System wakeup disabled by ACPI
Apr 10 12:58:05 kernel: [    0.148065] pci 0000:00:16.5: [15ad:07a0] type 01 class 0x060400
Apr 10 12:58:05 kernel: [    0.148626] pci 0000:00:16.5: PME# supported from D0 D3hot D3cold
Apr 10 12:58:05 kernel: [    0.148775] pci 0000:00:16.5: System wakeup disabled by ACPI
Apr 10 12:58:05 kernel: [    0.148885] pci 0000:00:16.6: [15ad:07a0] type 01 class 0x060400
Apr 10 12:58:05 kernel: [    0.149448] pci 0000:00:16.6: PME# supported from D0 D3hot D3cold
Apr 10 12:58:05 kernel: [    0.149598] pci 0000:00:16.6: System wakeup disabled by ACPI
Apr 10 12:58:05 kernel: [    0.149708] pci 0000:00:16.7: [15ad:07a0] type 01 class 0x060400
Apr 10 12:58:05 kernel: [    0.150270] pci 0000:00:16.7: PME# supported from D0 D3hot D3cold
Apr 10 12:58:05 kernel: [    0.150420] pci 0000:00:16.7: System wakeup disabled by ACPI
Apr 10 12:58:05 kernel: [    0.150531] pci 0000:00:17.0: [15ad:07a0] type 01 class 0x060400
Apr 10 12:58:05 kernel: [    0.151097] pci 0000:00:17.0: PME# supported from D0 D3hot D3cold
Apr 10 12:58:05 kernel: [    0.151247] pci 0000:00:17.0: System wakeup disabled by ACPI
Apr 10 12:58:05 kernel: [    0.151358] pci 0000:00:17.1: [15ad:07a0] type 01 class 0x060400
Apr 10 12:58:05 kernel: [    0.151921] pci 0000:00:17.1: PME# supported from D0 D3hot D3cold
Apr 10 12:58:05 kernel: [    0.152074] pci 0000:00:17.1: System wakeup disabled by ACPI
Apr 10 12:58:05 kernel: [    0.152184] pci 0000:00:17.2: [15ad:07a0] type 01 class 0x060400
Apr 10 12:58:05 kernel: [    0.152746] pci 0000:00:17.2: PME# supported from D0 D3hot D3cold
Apr 10 12:58:05 kernel: [    0.152895] pci 0000:00:17.2: System wakeup disabled by ACPI
Apr 10 12:58:05 kernel: [    0.153005] pci 0000:00:17.3: [15ad:07a0] type 01 class 0x060400
Apr 10 12:58:05 kernel: [    0.153567] pci 0000:00:17.3: PME# supported from D0 D3hot D3cold
Apr 10 12:58:05 kernel: [    0.153717] pci 0000:00:17.3: System wakeup disabled by ACPI
Apr 10 12:58:05 kernel: [    0.153830] pci 0000:00:17.4: [15ad:07a0] type 01 class 0x060400
Apr 10 12:58:05 kernel: [    0.154391] pci 0000:00:17.4: PME# supported from D0 D3hot D3cold
Apr 10 12:58:05 kernel: [    0.154541] pci 0000:00:17.4: System wakeup disabled by ACPI
Apr 10 12:58:05 kernel: [    0.154651] pci 0000:00:17.5: [15ad:07a0] type 01 class 0x060400
Apr 10 12:58:05 kernel: [    0.155217] pci 0000:00:17.5: PME# supported from D0 D3hot D3cold
Apr 10 12:58:05 kernel: [    0.155368] pci 0000:00:17.5: System wakeup disabled by ACPI
Apr 10 12:58:05 kernel: [    0.155478] pci 0000:00:17.6: [15ad:07a0] type 01 class 0x060400
Apr 10 12:58:05 kernel: [    0.156039] pci 0000:00:17.6: PME# supported from D0 D3hot D3cold
Apr 10 12:58:05 kernel: [    0.156188] pci 0000:00:17.6: System wakeup disabled by ACPI
Apr 10 12:58:05 kernel: [    0.156298] pci 0000:00:17.7: [15ad:07a0] type 01 class 0x060400
Apr 10 12:58:05 kernel: [    0.156860] pci 0000:00:17.7: PME# supported from D0 D3hot D3cold
Apr 10 12:58:05 kernel: [    0.157009] pci 0000:00:17.7: System wakeup disabled by ACPI
Apr 10 12:58:05 kernel: [    0.157119] pci 0000:00:18.0: [15ad:07a0] type 01 class 0x060400
Apr 10 12:58:05 kernel: [    0.157680] pci 0000:00:18.0: PME# supported from D0 D3hot D3cold
Apr 10 12:58:05 kernel: [    0.157830] pci 0000:00:18.0: System wakeup disabled by ACPI
Apr 10 12:58:05 kernel: [    0.157940] pci 0000:00:18.1: [15ad:07a0] type 01 class 0x060400
Apr 10 12:58:05 kernel: [    0.158501] pci 0000:00:18.1: PME# supported from D0 D3hot D3cold
Apr 10 12:58:05 kernel: [    0.158650] pci 0000:00:18.1: System wakeup disabled by ACPI
Apr 10 12:58:05 kernel: [    0.158765] pci 0000:00:18.2: [15ad:07a0] type 01 class 0x060400
Apr 10 12:58:05 kernel: [    0.159328] pci 0000:00:18.2: PME# supported from D0 D3hot D3cold
Apr 10 12:58:05 kernel: [    0.159479] pci 0000:00:18.2: System wakeup disabled by ACPI
Apr 10 12:58:05 kernel: [    0.159589] pci 0000:00:18.3: [15ad:07a0] type 01 class 0x060400
Apr 10 12:58:05 kernel: [    0.160151] pci 0000:00:18.3: PME# supported from D0 D3hot D3cold
Apr 10 12:58:05 kernel: [    0.160301] pci 0000:00:18.3: System wakeup disabled by ACPI
Apr 10 12:58:05 kernel: [    0.160411] pci 0000:00:18.4: [15ad:07a0] type 01 class 0x060400
Apr 10 12:58:05 kernel: [    0.160973] pci 0000:00:18.4: PME# supported from D0 D3hot D3cold
Apr 10 12:58:05 kernel: [    0.161122] pci 0000:00:18.4: System wakeup disabled by ACPI
Apr 10 12:58:05 kernel: [    0.161233] pci 0000:00:18.5: [15ad:07a0] type 01 class 0x060400
Apr 10 12:58:05 kernel: [    0.161794] pci 0000:00:18.5: PME# supported from D0 D3hot D3cold
Apr 10 12:58:05 kernel: [    0.161943] pci 0000:00:18.5: System wakeup disabled by ACPI
Apr 10 12:58:05 kernel: [    0.162054] pci 0000:00:18.6: [15ad:07a0] type 01 class 0x060400
Apr 10 12:58:05 kernel: [    0.162615] pci 0000:00:18.6: PME# supported from D0 D3hot D3cold
Apr 10 12:58:05 kernel: [    0.162771] pci 0000:00:18.6: System wakeup disabled by ACPI
Apr 10 12:58:05 kernel: [    0.162882] pci 0000:00:18.7: [15ad:07a0] type 01 class 0x060400
Apr 10 12:58:05 kernel: [    0.163443] pci 0000:00:18.7: PME# supported from D0 D3hot D3cold
Apr 10 12:58:05 kernel: [    0.163592] pci 0000:00:18.7: System wakeup disabled by ACPI
Apr 10 12:58:05 kernel: [    0.163962] pci 0000:00:01.0: PCI bridge to [bus 01]
Apr 10 12:58:05 kernel: [    0.164282] acpiphp: Slot [32] registered
Apr 10 12:58:05 kernel: [    0.164299] acpiphp: Slot [33] registered
Apr 10 12:58:05 kernel: [    0.164314] acpiphp: Slot [34] registered
Apr 10 12:58:05 kernel: [    0.164329] acpiphp: Slot [35] registered
Apr 10 12:58:05 kernel: [    0.164344] acpiphp: Slot [36] registered
Apr 10 12:58:05 kernel: [    0.164358] acpiphp: Slot [37] registered
Apr 10 12:58:05 kernel: [    0.164373] acpiphp: Slot [38] registered
Apr 10 12:58:05 kernel: [    0.164388] acpiphp: Slot [39] registered
Apr 10 12:58:05 kernel: [    0.164402] acpiphp: Slot [40] registered
Apr 10 12:58:05 kernel: [    0.164417] acpiphp: Slot [41] registered
Apr 10 12:58:05 kernel: [    0.164432] acpiphp: Slot [42] registered
Apr 10 12:58:05 kernel: [    0.164447] acpiphp: Slot [43] registered
Apr 10 12:58:05 kernel: [    0.164462] acpiphp: Slot [44] registered
Apr 10 12:58:05 kernel: [    0.164477] acpiphp: Slot [45] registered
Apr 10 12:58:05 kernel: [    0.164491] acpiphp: Slot [46] registered
Apr 10 12:58:05 kernel: [    0.164506] acpiphp: Slot [47] registered
Apr 10 12:58:05 kernel: [    0.164521] acpiphp: Slot [48] registered
Apr 10 12:58:05 kernel: [    0.164535] acpiphp: Slot [49] registered
Apr 10 12:58:05 kernel: [    0.164550] acpiphp: Slot [50] registered
Apr 10 12:58:05 kernel: [    0.164565] acpiphp: Slot [51] registered
Apr 10 12:58:05 kernel: [    0.164580] acpiphp: Slot [52] registered
Apr 10 12:58:05 kernel: [    0.164595] acpiphp: Slot [53] registered
Apr 10 12:58:05 kernel: [    0.164609] acpiphp: Slot [54] registered
Apr 10 12:58:05 kernel: [    0.164624] acpiphp: Slot [55] registered
Apr 10 12:58:05 kernel: [    0.164639] acpiphp: Slot [56] registered
Apr 10 12:58:05 kernel: [    0.164654] acpiphp: Slot [57] registered
Apr 10 12:58:05 kernel: [    0.164669] acpiphp: Slot [58] registered
Apr 10 12:58:05 kernel: [    0.164684] acpiphp: Slot [59] registered
Apr 10 12:58:05 kernel: [    0.164699] acpiphp: Slot [60] registered
Apr 10 12:58:05 kernel: [    0.164714] acpiphp: Slot [61] registered
Apr 10 12:58:05 kernel: [    0.164728] acpiphp: Slot [62] registered
Apr 10 12:58:05 kernel: [    0.164743] acpiphp: Slot [63] registered
Apr 10 12:58:05 kernel: [    0.164987] pci 0000:00:11.0: PCI bridge to [bus 02] (subtractive decode)
Apr 10 12:58:05 kernel: [    0.165003] pci 0000:00:11.0:   bridge window [io  0x2000-0x3fff]
Apr 10 12:58:05 kernel: [    0.165020] pci 0000:00:11.0:   bridge window [mem 0xfd600000-0xfdffffff]
Apr 10 12:58:05 kernel: [    0.165050] pci 0000:00:11.0:   bridge window [mem 0xe7b00000-0xe7ffffff 64bit pref]
Apr 10 12:58:05 kernel: [    0.165052] pci 0000:00:11.0:   bridge window [mem 0x000a0000-0x000bffff] (subtractive decode)
Apr 10 12:58:05 kernel: [    0.165053] pci 0000:00:11.0:   bridge window [mem 0x000cc000-0x000cffff] (subtractive decode)
Apr 10 12:58:05 kernel: [    0.165054] pci 0000:00:11.0:   bridge window [mem 0x000d0000-0x000d3fff] (subtractive decode)
Apr 10 12:58:05 kernel: [    0.165056] pci 0000:00:11.0:   bridge window [mem 0x000d4000-0x000d7fff] (subtractive decode)
Apr 10 12:58:05 kernel: [    0.165057] pci 0000:00:11.0:   bridge window [mem 0x000d8000-0x000dbfff] (subtractive decode)
Apr 10 12:58:05 kernel: [    0.165058] pci 0000:00:11.0:   bridge window [mem 0x80000000-0xfebfffff] (subtractive decode)
Apr 10 12:58:05 kernel: [    0.165059] pci 0000:00:11.0:   bridge window [io  0x0000-0x0cf7] (subtractive decode)
Apr 10 12:58:05 kernel: [    0.165061] pci 0000:00:11.0:   bridge window [io  0x0d00-0xfeff] (subtractive decode)
Apr 10 12:58:05 kernel: [    0.165430] pci 0000:03:00.0: [15ad:07c0] type 00 class 0x010700
Apr 10 12:58:05 kernel: [    0.167289] pci 0000:03:00.0: reg 0x10: [io  0x4000-0x4007]
Apr 10 12:58:05 kernel: [    0.169269] pci 0000:03:00.0: reg 0x14: [mem 0xfd5f8000-0xfd5fffff 64bit]
Apr 10 12:58:05 kernel: [    0.176454] pci 0000:03:00.0: reg 0x30: [mem 0x00000000-0x0000ffff pref]
Apr 10 12:58:05 kernel: [    0.176777] pci 0000:03:00.0: PME# supported from D0 D3hot D3cold
Apr 10 12:58:05 kernel: [    0.176887] pci 0000:03:00.0: System wakeup disabled by ACPI
Apr 10 12:58:05 kernel: [    0.176922] pci 0000:03:00.0: disabling ASPM on pre-1.1 PCIe device.  You can enable it with 'pcie_aspm=force'
Apr 10 12:58:05 kernel: [    0.176962] pci 0000:00:15.0: PCI bridge to [bus 03]
Apr 10 12:58:05 kernel: [    0.176978] pci 0000:00:15.0:   bridge window [io  0x4000-0x4fff]
Apr 10 12:58:05 kernel: [    0.176994] pci 0000:00:15.0:   bridge window [mem 0xfd500000-0xfd5fffff]
Apr 10 12:58:05 kernel: [    0.177347] pci 0000:00:15.1: PCI bridge to [bus 04]
Apr 10 12:58:05 kernel: [    0.177363] pci 0000:00:15.1:   bridge window [io  0x8000-0x8fff]
Apr 10 12:58:05 kernel: [    0.177379] pci 0000:00:15.1:   bridge window [mem 0xfd100000-0xfd1fffff]
Apr 10 12:58:05 kernel: [    0.177410] pci 0000:00:15.1:   bridge window [mem 0xe7900000-0xe79fffff 64bit pref]
Apr 10 12:58:05 kernel: [    0.177725] pci 0000:00:15.2: PCI bridge to [bus 05]
Apr 10 12:58:05 kernel: [    0.177741] pci 0000:00:15.2:   bridge window [io  0xc000-0xcfff]
Apr 10 12:58:05 kernel: [    0.177757] pci 0000:00:15.2:   bridge window [mem 0xfcd00000-0xfcdfffff]
Apr 10 12:58:05 kernel: [    0.177788] pci 0000:00:15.2:   bridge window [mem 0xe7500000-0xe75fffff 64bit pref]
Apr 10 12:58:05 kernel: [    0.178105] pci 0000:00:15.3: PCI bridge to [bus 06]
Apr 10 12:58:05 kernel: [    0.178135] pci 0000:00:15.3:   bridge window [mem 0xfc900000-0xfc9fffff]
Apr 10 12:58:05 kernel: [    0.178166] pci 0000:00:15.3:   bridge window [mem 0xe7100000-0xe71fffff 64bit pref]
Apr 10 12:58:05 kernel: [    0.178480] pci 0000:00:15.4: PCI bridge to [bus 07]
Apr 10 12:58:05 kernel: [    0.178511] pci 0000:00:15.4:   bridge window [mem 0xfc500000-0xfc5fffff]
Apr 10 12:58:05 kernel: [    0.178542] pci 0000:00:15.4:   bridge window [mem 0xe6d00000-0xe6dfffff 64bit pref]
Apr 10 12:58:05 kernel: [    0.178859] pci 0000:00:15.5: PCI bridge to [bus 08]
Apr 10 12:58:05 kernel: [    0.178890] pci 0000:00:15.5:   bridge window [mem 0xfc100000-0xfc1fffff]
Apr 10 12:58:05 kernel: [    0.178920] pci 0000:00:15.5:   bridge window [mem 0xe6900000-0xe69fffff 64bit pref]
Apr 10 12:58:05 kernel: [    0.179241] pci 0000:00:15.6: PCI bridge to [bus 09]
Apr 10 12:58:05 kernel: [    0.179271] pci 0000:00:15.6:   bridge window [mem 0xfbd00000-0xfbdfffff]
Apr 10 12:58:05 kernel: [    0.179302] pci 0000:00:15.6:   bridge window [mem 0xe6500000-0xe65fffff 64bit pref]
Apr 10 12:58:05 kernel: [    0.179618] pci 0000:00:15.7: PCI bridge to [bus 0a]
Apr 10 12:58:05 kernel: [    0.179649] pci 0000:00:15.7:   bridge window [mem 0xfb900000-0xfb9fffff]
Apr 10 12:58:05 kernel: [    0.179680] pci 0000:00:15.7:   bridge window [mem 0xe6100000-0xe61fffff 64bit pref]
Apr 10 12:58:05 kernel: [    0.180061] pci 0000:0b:00.0: [15ad:07b0] type 00 class 0x020000
Apr 10 12:58:05 kernel: [    0.181275] pci 0000:0b:00.0: reg 0x10: [mem 0xfd4fc000-0xfd4fcfff]
Apr 10 12:58:05 kernel: [    0.182430] pci 0000:0b:00.0: reg 0x14: [mem 0xfd4fd000-0xfd4fdfff]
Apr 10 12:58:05 kernel: [    0.183586] pci 0000:0b:00.0: reg 0x18: [mem 0xfd4fe000-0xfd4fffff]
Apr 10 12:58:05 kernel: [    0.184745] pci 0000:0b:00.0: reg 0x1c: [io  0x5000-0x500f]
Apr 10 12:58:05 kernel: [    0.188199] pci 0000:0b:00.0: reg 0x30: [mem 0x00000000-0x0000ffff pref]
Apr 10 12:58:05 kernel: [    0.188521] pci 0000:0b:00.0: supports D1 D2
Apr 10 12:58:05 kernel: [    0.188522] pci 0000:0b:00.0: PME# supported from D0 D1 D2 D3hot D3cold
Apr 10 12:58:05 kernel: [    0.188636] pci 0000:0b:00.0: System wakeup disabled by ACPI
Apr 10 12:58:05 kernel: [    0.188670] pci 0000:0b:00.0: disabling ASPM on pre-1.1 PCIe device.  You can enable it with 'pcie_aspm=force'
Apr 10 12:58:05 kernel: [    0.188709] pci 0000:00:16.0: PCI bridge to [bus 0b]
Apr 10 12:58:05 kernel: [    0.188725] pci 0000:00:16.0:   bridge window [io  0x5000-0x5fff]
Apr 10 12:58:05 kernel: [    0.188741] pci 0000:00:16.0:   bridge window [mem 0xfd400000-0xfd4fffff]
Apr 10 12:58:05 kernel: [    0.189102] pci 0000:00:16.1: PCI bridge to [bus 0c]
Apr 10 12:58:05 kernel: [    0.189118] pci 0000:00:16.1:   bridge window [io  0x9000-0x9fff]
Apr 10 12:58:05 kernel: [    0.189134] pci 0000:00:16.1:   bridge window [mem 0xfd000000-0xfd0fffff]
Apr 10 12:58:05 kernel: [    0.189165] pci 0000:00:16.1:   bridge window [mem 0xe7800000-0xe78fffff 64bit pref]
Apr 10 12:58:05 kernel: [    0.189481] pci 0000:00:16.2: PCI bridge to [bus 0d]
Apr 10 12:58:05 kernel: [    0.189497] pci 0000:00:16.2:   bridge window [io  0xd000-0xdfff]
Apr 10 12:58:05 kernel: [    0.189514] pci 0000:00:16.2:   bridge window [mem 0xfcc00000-0xfccfffff]
Apr 10 12:58:05 kernel: [    0.189544] pci 0000:00:16.2:   bridge window [mem 0xe7400000-0xe74fffff 64bit pref]
Apr 10 12:58:05 kernel: [    0.189860] pci 0000:00:16.3: PCI bridge to [bus 0e]
Apr 10 12:58:05 kernel: [    0.189891] pci 0000:00:16.3:   bridge window [mem 0xfc800000-0xfc8fffff]
Apr 10 12:58:05 kernel: [    0.189921] pci 0000:00:16.3:   bridge window [mem 0xe7000000-0xe70fffff 64bit pref]
Apr 10 12:58:05 kernel: [    0.190236] pci 0000:00:16.4: PCI bridge to [bus 0f]
Apr 10 12:58:05 kernel: [    0.190267] pci 0000:00:16.4:   bridge window [mem 0xfc400000-0xfc4fffff]
Apr 10 12:58:05 kernel: [    0.190297] pci 0000:00:16.4:   bridge window [mem 0xe6c00000-0xe6cfffff 64bit pref]
Apr 10 12:58:05 kernel: [    0.190613] pci 0000:00:16.5: PCI bridge to [bus 10]
Apr 10 12:58:05 kernel: [    0.190644] pci 0000:00:16.5:   bridge window [mem 0xfc000000-0xfc0fffff]
Apr 10 12:58:05 kernel: [    0.190674] pci 0000:00:16.5:   bridge window [mem 0xe6800000-0xe68fffff 64bit pref]
Apr 10 12:58:05 kernel: [    0.190989] pci 0000:00:16.6: PCI bridge to [bus 11]
Apr 10 12:58:05 kernel: [    0.191019] pci 0000:00:16.6:   bridge window [mem 0xfbc00000-0xfbcfffff]
Apr 10 12:58:05 kernel: [    0.191050] pci 0000:00:16.6:   bridge window [mem 0xe6400000-0xe64fffff 64bit pref]
Apr 10 12:58:05 kernel: [    0.191366] pci 0000:00:16.7: PCI bridge to [bus 12]
Apr 10 12:58:05 kernel: [    0.191396] pci 0000:00:16.7:   bridge window [mem 0xfb800000-0xfb8fffff]
Apr 10 12:58:05 kernel: [    0.191427] pci 0000:00:16.7:   bridge window [mem 0xe6000000-0xe60fffff 64bit pref]
Apr 10 12:58:05 kernel: [    0.191809] pci 0000:13:00.0: [15ad:07b0] type 00 class 0x020000
Apr 10 12:58:05 kernel: [    0.193018] pci 0000:13:00.0: reg 0x10: [mem 0xfd3fc000-0xfd3fcfff]
Apr 10 12:58:05 kernel: [    0.194175] pci 0000:13:00.0: reg 0x14: [mem 0xfd3fd000-0xfd3fdfff]
Apr 10 12:58:05 kernel: [    0.195327] pci 0000:13:00.0: reg 0x18: [mem 0xfd3fe000-0xfd3fffff]
Apr 10 12:58:05 kernel: [    0.196477] pci 0000:13:00.0: reg 0x1c: [io  0x6000-0x600f]
Apr 10 12:58:05 kernel: [    0.199941] pci 0000:13:00.0: reg 0x30: [mem 0x00000000-0x0000ffff pref]
Apr 10 12:58:05 kernel: [    0.200259] pci 0000:13:00.0: supports D1 D2
Apr 10 12:58:05 kernel: [    0.200260] pci 0000:13:00.0: PME# supported from D0 D1 D2 D3hot D3cold
Apr 10 12:58:05 kernel: [    0.200379] pci 0000:13:00.0: System wakeup disabled by ACPI
Apr 10 12:58:05 kernel: [    0.200413] pci 0000:13:00.0: disabling ASPM on pre-1.1 PCIe device.  You can enable it with 'pcie_aspm=force'
Apr 10 12:58:05 kernel: [    0.200452] pci 0000:00:17.0: PCI bridge to [bus 13]
Apr 10 12:58:05 kernel: [    0.200468] pci 0000:00:17.0:   bridge window [io  0x6000-0x6fff]
Apr 10 12:58:05 kernel: [    0.200484] pci 0000:00:17.0:   bridge window [mem 0xfd300000-0xfd3fffff]
Apr 10 12:58:05 kernel: [    0.200836] pci 0000:00:17.1: PCI bridge to [bus 14]
Apr 10 12:58:05 kernel: [    0.200852] pci 0000:00:17.1:   bridge window [io  0xa000-0xafff]
Apr 10 12:58:05 kernel: [    0.200868] pci 0000:00:17.1:   bridge window [mem 0xfcf00000-0xfcffffff]
Apr 10 12:58:05 kernel: [    0.200899] pci 0000:00:17.1:   bridge window [mem 0xe7700000-0xe77fffff 64bit pref]
Apr 10 12:58:05 kernel: [    0.201222] pci 0000:00:17.2: PCI bridge to [bus 15]
Apr 10 12:58:05 kernel: [    0.201238] pci 0000:00:17.2:   bridge window [io  0xe000-0xefff]
Apr 10 12:58:05 kernel: [    0.201254] pci 0000:00:17.2:   bridge window [mem 0xfcb00000-0xfcbfffff]
Apr 10 12:58:05 kernel: [    0.201285] pci 0000:00:17.2:   bridge window [mem 0xe7300000-0xe73fffff 64bit pref]
Apr 10 12:58:05 kernel: [    0.201602] pci 0000:00:17.3: PCI bridge to [bus 16]
Apr 10 12:58:05 kernel: [    0.201633] pci 0000:00:17.3:   bridge window [mem 0xfc700000-0xfc7fffff]
Apr 10 12:58:05 kernel: [    0.201663] pci 0000:00:17.3:   bridge window [mem 0xe6f00000-0xe6ffffff 64bit pref]
Apr 10 12:58:05 kernel: [    0.201978] pci 0000:00:17.4: PCI bridge to [bus 17]
Apr 10 12:58:05 kernel: [    0.202009] pci 0000:00:17.4:   bridge window [mem 0xfc300000-0xfc3fffff]
Apr 10 12:58:05 kernel: [    0.202040] pci 0000:00:17.4:   bridge window [mem 0xe6b00000-0xe6bfffff 64bit pref]
Apr 10 12:58:05 kernel: [    0.202355] pci 0000:00:17.5: PCI bridge to [bus 18]
Apr 10 12:58:05 kernel: [    0.202386] pci 0000:00:17.5:   bridge window [mem 0xfbf00000-0xfbffffff]
Apr 10 12:58:05 kernel: [    0.202416] pci 0000:00:17.5:   bridge window [mem 0xe6700000-0xe67fffff 64bit pref]
Apr 10 12:58:05 kernel: [    0.202732] pci 0000:00:17.6: PCI bridge to [bus 19]
Apr 10 12:58:05 kernel: [    0.202762] pci 0000:00:17.6:   bridge window [mem 0xfbb00000-0xfbbfffff]
Apr 10 12:58:05 kernel: [    0.202793] pci 0000:00:17.6:   bridge window [mem 0xe6300000-0xe63fffff 64bit pref]
Apr 10 12:58:05 kernel: [    0.203110] pci 0000:00:17.7: PCI bridge to [bus 1a]
Apr 10 12:58:05 kernel: [    0.203140] pci 0000:00:17.7:   bridge window [mem 0xfb700000-0xfb7fffff]
Apr 10 12:58:05 kernel: [    0.203171] pci 0000:00:17.7:   bridge window [mem 0xe5f00000-0xe5ffffff 64bit pref]
Apr 10 12:58:05 kernel: [    0.203486] pci 0000:00:18.0: PCI bridge to [bus 1b]
Apr 10 12:58:05 kernel: [    0.203502] pci 0000:00:18.0:   bridge window [io  0x7000-0x7fff]
Apr 10 12:58:05 kernel: [    0.203518] pci 0000:00:18.0:   bridge window [mem 0xfd200000-0xfd2fffff]
Apr 10 12:58:05 kernel: [    0.203549] pci 0000:00:18.0:   bridge window [mem 0xe7a00000-0xe7afffff 64bit pref]
Apr 10 12:58:05 kernel: [    0.203865] pci 0000:00:18.1: PCI bridge to [bus 1c]
Apr 10 12:58:05 kernel: [    0.203881] pci 0000:00:18.1:   bridge window [io  0xb000-0xbfff]
Apr 10 12:58:05 kernel: [    0.203897] pci 0000:00:18.1:   bridge window [mem 0xfce00000-0xfcefffff]
Apr 10 12:58:05 kernel: [    0.203927] pci 0000:00:18.1:   bridge window [mem 0xe7600000-0xe76fffff 64bit pref]
Apr 10 12:58:05 kernel: [    0.204243] pci 0000:00:18.2: PCI bridge to [bus 1d]
Apr 10 12:58:05 kernel: [    0.204274] pci 0000:00:18.2:   bridge window [mem 0xfca00000-0xfcafffff]
Apr 10 12:58:05 kernel: [    0.204305] pci 0000:00:18.2:   bridge window [mem 0xe7200000-0xe72fffff 64bit pref]
Apr 10 12:58:05 kernel: [    0.204621] pci 0000:00:18.3: PCI bridge to [bus 1e]
Apr 10 12:58:05 kernel: [    0.204651] pci 0000:00:18.3:   bridge window [mem 0xfc600000-0xfc6fffff]
Apr 10 12:58:05 kernel: [    0.204682] pci 0000:00:18.3:   bridge window [mem 0xe6e00000-0xe6efffff 64bit pref]
Apr 10 12:58:05 kernel: [    0.204998] pci 0000:00:18.4: PCI bridge to [bus 1f]
Apr 10 12:58:05 kernel: [    0.205029] pci 0000:00:18.4:   bridge window [mem 0xfc200000-0xfc2fffff]
Apr 10 12:58:05 kernel: [    0.205064] pci 0000:00:18.4:   bridge window [mem 0xe6a00000-0xe6afffff 64bit pref]
Apr 10 12:58:05 kernel: [    0.205382] pci 0000:00:18.5: PCI bridge to [bus 20]
Apr 10 12:58:05 kernel: [    0.205413] pci 0000:00:18.5:   bridge window [mem 0xfbe00000-0xfbefffff]
Apr 10 12:58:05 kernel: [    0.205443] pci 0000:00:18.5:   bridge window [mem 0xe6600000-0xe66fffff 64bit pref]
Apr 10 12:58:05 kernel: [    0.205760] pci 0000:00:18.6: PCI bridge to [bus 21]
Apr 10 12:58:05 kernel: [    0.205791] pci 0000:00:18.6:   bridge window [mem 0xfba00000-0xfbafffff]
Apr 10 12:58:05 kernel: [    0.205821] pci 0000:00:18.6:   bridge window [mem 0xe6200000-0xe62fffff 64bit pref]
Apr 10 12:58:05 kernel: [    0.206138] pci 0000:00:18.7: PCI bridge to [bus 22]
Apr 10 12:58:05 kernel: [    0.206168] pci 0000:00:18.7:   bridge window [mem 0xfb600000-0xfb6fffff]
Apr 10 12:58:05 kernel: [    0.206199] pci 0000:00:18.7:   bridge window [mem 0xe5e00000-0xe5efffff 64bit pref]
Apr 10 12:58:05 kernel: [    0.207587] pci_bus 0000:00: on NUMA node 0
Apr 10 12:58:05 kernel: [    0.207698] ACPI: PCI Interrupt Link [LNKA] (IRQs 3 4 5 6 7 *9 10 11 14 15)
Apr 10 12:58:05 kernel: [    0.207758] ACPI: PCI Interrupt Link [LNKB] (IRQs 3 4 5 6 7 9 10 11 14 15) *0, disabled.
Apr 10 12:58:05 kernel: [    0.207815] ACPI: PCI Interrupt Link [LNKC] (IRQs 3 4 5 6 7 9 10 *11 14 15)
Apr 10 12:58:05 kernel: [    0.207870] ACPI: PCI Interrupt Link [LNKD] (IRQs 3 4 5 6 7 9 *10 11 14 15)
Apr 10 12:58:05 kernel: [    0.212303] ACPI: Enabled 2 GPEs in block 00 to 0F
Apr 10 12:58:05 kernel: [    0.212365] vgaarb: setting as boot device: PCI:0000:00:0f.0
Apr 10 12:58:05 kernel: [    0.212367] vgaarb: device added: PCI:0000:00:0f.0,decodes=io+mem,owns=io+mem,locks=none
Apr 10 12:58:05 kernel: [    0.212369] vgaarb: loaded
Apr 10 12:58:05 kernel: [    0.212370] vgaarb: bridge control possible 0000:00:0f.0
Apr 10 12:58:05 kernel: [    0.212414] PCI: Using ACPI for IRQ routing
Apr 10 12:58:05 kernel: [    0.233795] PCI: pci_cache_line_size set to 64 bytes
Apr 10 12:58:05 kernel: [    0.234446] e820: reserve RAM buffer [mem 0x0009f800-0x0009ffff]
Apr 10 12:58:05 kernel: [    0.234447] e820: reserve RAM buffer [mem 0x7fef0000-0x7fffffff]
Apr 10 12:58:05 kernel: [    0.234605] hpet0: at MMIO 0xfed00000, IRQs 2, 8, 0, 0, 0, 0, 0, 0, 0, 0, 0, 0, 0, 0, 0, 0
Apr 10 12:58:05 kernel: [    0.234611] hpet0: 16 comparators, 64-bit 14.318180 MHz counter
Apr 10 12:58:05 kernel: [    0.237692] amd_nb: Cannot enumerate AMD northbridges
Apr 10 12:58:05 kernel: [    0.237702] Switched to clocksource hpet
Apr 10 12:58:05 kernel: [    0.241153] pnp: PnP ACPI init
Apr 10 12:58:05 kernel: [    0.241160] ACPI: bus type PNP registered
Apr 10 12:58:05 kernel: [    0.241281] system 00:00: [io  0x1000-0x103f] has been reserved
Apr 10 12:58:05 kernel: [    0.241283] system 00:00: [io  0x1040-0x104f] has been reserved
Apr 10 12:58:05 kernel: [    0.241285] system 00:00: [io  0x0cf0-0x0cf1] has been reserved
Apr 10 12:58:05 kernel: [    0.241287] system 00:00: Plug and Play ACPI device, IDs PNP0c02 (active)
Apr 10 12:58:05 kernel: [    0.241312] pnp 00:01: Plug and Play ACPI device, IDs PNP0b00 (active)
Apr 10 12:58:05 kernel: [    0.241330] pnp 00:02: Plug and Play ACPI device, IDs PNP0303 (active)
Apr 10 12:58:05 kernel: [    0.241347] pnp 00:03: Plug and Play ACPI device, IDs PNP0f13 (active)
Apr 10 12:58:05 kernel: [    0.241485] system 00:04: [mem 0xfed00000-0xfed003ff] has been reserved
Apr 10 12:58:05 kernel: [    0.241487] system 00:04: Plug and Play ACPI device, IDs PNP0103 PNP0c01 (active)
Apr 10 12:58:05 kernel: [    0.242686] pnp 00:05: [dma 2]
Apr 10 12:58:05 kernel: [    0.242720] pnp 00:05: Plug and Play ACPI device, IDs PNP0700 (active)
Apr 10 12:58:05 kernel: [    0.242876] system 00:06: [io  0xfce0-0xfcff] has been reserved
Apr 10 12:58:05 kernel: [    0.242878] system 00:06: [mem 0xf0000000-0xf7ffffff] has been reserved
Apr 10 12:58:05 kernel: [    0.242880] system 00:06: [mem 0xfe800000-0xfe9fffff] has been reserved
Apr 10 12:58:05 kernel: [    0.242882] system 00:06: Plug and Play ACPI device, IDs PNP0c02 (active)
Apr 10 12:58:05 kernel: [    0.245975] pnp: PnP ACPI: found 7 devices
Apr 10 12:58:05 kernel: [    0.245976] ACPI: bus type PNP unregistered
Apr 10 12:58:05 kernel: [    0.245980] PnPBIOS: Disabled by ACPI PNP
Apr 10 12:58:05 kernel: [    0.281473] pci 0000:00:15.0: bridge window [mem 0x00100000-0x000fffff 64bit pref] to [bus 03] add_size 200000
Apr 10 12:58:05 kernel: [    0.281608] pci 0000:00:15.3: bridge window [io  0x1000-0x0fff] to [bus 06] add_size 1000
Apr 10 12:58:05 kernel: [    0.281654] pci 0000:00:15.4: bridge window [io  0x1000-0x0fff] to [bus 07] add_size 1000
Apr 10 12:58:05 kernel: [    0.281702] pci 0000:00:15.5: bridge window [io  0x1000-0x0fff] to [bus 08] add_size 1000
Apr 10 12:58:05 kernel: [    0.281747] pci 0000:00:15.6: bridge window [io  0x1000-0x0fff] to [bus 09] add_size 1000
Apr 10 12:58:05 kernel: [    0.281793] pci 0000:00:15.7: bridge window [io  0x1000-0x0fff] to [bus 0a] add_size 1000
Apr 10 12:58:05 kernel: [    0.281840] pci 0000:00:16.0: bridge window [mem 0x00100000-0x000fffff 64bit pref] to [bus 0b] add_size 200000
Apr 10 12:58:05 kernel: [    0.281979] pci 0000:00:16.3: bridge window [io  0x1000-0x0fff] to [bus 0e] add_size 1000
Apr 10 12:58:05 kernel: [    0.282025] pci 0000:00:16.4: bridge window [io  0x1000-0x0fff] to [bus 0f] add_size 1000
Apr 10 12:58:05 kernel: [    0.282071] pci 0000:00:16.5: bridge window [io  0x1000-0x0fff] to [bus 10] add_size 1000
Apr 10 12:58:05 kernel: [    0.282116] pci 0000:00:16.6: bridge window [io  0x1000-0x0fff] to [bus 11] add_size 1000
Apr 10 12:58:05 kernel: [    0.282162] pci 0000:00:16.7: bridge window [io  0x1000-0x0fff] to [bus 12] add_size 1000
Apr 10 12:58:05 kernel: [    0.282209] pci 0000:00:17.0: bridge window [mem 0x00100000-0x000fffff 64bit pref] to [bus 13] add_size 200000
Apr 10 12:58:05 kernel: [    0.282343] pci 0000:00:17.3: bridge window [io  0x1000-0x0fff] to [bus 16] add_size 1000
Apr 10 12:58:05 kernel: [    0.282389] pci 0000:00:17.4: bridge window [io  0x1000-0x0fff] to [bus 17] add_size 1000
Apr 10 12:58:05 kernel: [    0.282434] pci 0000:00:17.5: bridge window [io  0x1000-0x0fff] to [bus 18] add_size 1000
Apr 10 12:58:05 kernel: [    0.282480] pci 0000:00:17.6: bridge window [io  0x1000-0x0fff] to [bus 19] add_size 1000
Apr 10 12:58:05 kernel: [    0.282526] pci 0000:00:17.7: bridge window [io  0x1000-0x0fff] to [bus 1a] add_size 1000
Apr 10 12:58:05 kernel: [    0.282659] pci 0000:00:18.2: bridge window [io  0x1000-0x0fff] to [bus 1d] add_size 1000
Apr 10 12:58:05 kernel: [    0.282705] pci 0000:00:18.3: bridge window [io  0x1000-0x0fff] to [bus 1e] add_size 1000
Apr 10 12:58:05 kernel: [    0.282751] pci 0000:00:18.4: bridge window [io  0x1000-0x0fff] to [bus 1f] add_size 1000
Apr 10 12:58:05 kernel: [    0.282797] pci 0000:00:18.5: bridge window [io  0x1000-0x0fff] to [bus 20] add_size 1000
Apr 10 12:58:05 kernel: [    0.282842] pci 0000:00:18.6: bridge window [io  0x1000-0x0fff] to [bus 21] add_size 1000
Apr 10 12:58:05 kernel: [    0.282888] pci 0000:00:18.7: bridge window [io  0x1000-0x0fff] to [bus 22] add_size 1000
Apr 10 12:58:05 kernel: [    0.282897] pci 0000:00:15.0: res[15]=[mem 0x00100000-0x000fffff 64bit pref] get_res_add_size add_size 200000
Apr 10 12:58:05 kernel: [    0.282899] pci 0000:00:16.0: res[15]=[mem 0x00100000-0x000fffff 64bit pref] get_res_add_size add_size 200000
Apr 10 12:58:05 kernel: [    0.282901] pci 0000:00:17.0: res[15]=[mem 0x00100000-0x000fffff 64bit pref] get_res_add_size add_size 200000
Apr 10 12:58:05 kernel: [    0.282903] pci 0000:00:15.3: res[13]=[io  0x1000-0x0fff] get_res_add_size add_size 1000
Apr 10 12:58:05 kernel: [    0.282905] pci 0000:00:15.4: res[13]=[io  0x1000-0x0fff] get_res_add_size add_size 1000
Apr 10 12:58:05 kernel: [    0.282906] pci 0000:00:15.5: res[13]=[io  0x1000-0x0fff] get_res_add_size add_size 1000
Apr 10 12:58:05 kernel: [    0.282908] pci 0000:00:15.6: res[13]=[io  0x1000-0x0fff] get_res_add_size add_size 1000
Apr 10 12:58:05 kernel: [    0.282910] pci 0000:00:15.7: res[13]=[io  0x1000-0x0fff] get_res_add_size add_size 1000
Apr 10 12:58:05 kernel: [    0.282912] pci 0000:00:16.3: res[13]=[io  0x1000-0x0fff] get_res_add_size add_size 1000
Apr 10 12:58:05 kernel: [    0.282913] pci 0000:00:16.4: res[13]=[io  0x1000-0x0fff] get_res_add_size add_size 1000
Apr 10 12:58:05 kernel: [    0.282915] pci 0000:00:16.5: res[13]=[io  0x1000-0x0fff] get_res_add_size add_size 1000
Apr 10 12:58:05 kernel: [    0.282917] pci 0000:00:16.6: res[13]=[io  0x1000-0x0fff] get_res_add_size add_size 1000
Apr 10 12:58:05 kernel: [    0.282918] pci 0000:00:16.7: res[13]=[io  0x1000-0x0fff] get_res_add_size add_size 1000
Apr 10 12:58:05 kernel: [    0.282920] pci 0000:00:17.3: res[13]=[io  0x1000-0x0fff] get_res_add_size add_size 1000
Apr 10 12:58:05 kernel: [    0.282922] pci 0000:00:17.4: res[13]=[io  0x1000-0x0fff] get_res_add_size add_size 1000
Apr 10 12:58:05 kernel: [    0.282923] pci 0000:00:17.5: res[13]=[io  0x1000-0x0fff] get_res_add_size add_size 1000
Apr 10 12:58:05 kernel: [    0.282925] pci 0000:00:17.6: res[13]=[io  0x1000-0x0fff] get_res_add_size add_size 1000
Apr 10 12:58:05 kernel: [    0.282927] pci 0000:00:17.7: res[13]=[io  0x1000-0x0fff] get_res_add_size add_size 1000
Apr 10 12:58:05 kernel: [    0.282929] pci 0000:00:18.2: res[13]=[io  0x1000-0x0fff] get_res_add_size add_size 1000
Apr 10 12:58:05 kernel: [    0.282930] pci 0000:00:18.3: res[13]=[io  0x1000-0x0fff] get_res_add_size add_size 1000
Apr 10 12:58:05 kernel: [    0.282932] pci 0000:00:18.4: res[13]=[io  0x1000-0x0fff] get_res_add_size add_size 1000
Apr 10 12:58:05 kernel: [    0.282934] pci 0000:00:18.5: res[13]=[io  0x1000-0x0fff] get_res_add_size add_size 1000
Apr 10 12:58:05 kernel: [    0.282935] pci 0000:00:18.6: res[13]=[io  0x1000-0x0fff] get_res_add_size add_size 1000
Apr 10 12:58:05 kernel: [    0.282937] pci 0000:00:18.7: res[13]=[io  0x1000-0x0fff] get_res_add_size add_size 1000
Apr 10 12:58:05 kernel: [    0.282941] pci 0000:00:15.0: BAR 15: assigned [mem 0x80000000-0x801fffff 64bit pref]
Apr 10 12:58:05 kernel: [    0.282944] pci 0000:00:16.0: BAR 15: assigned [mem 0x80200000-0x803fffff 64bit pref]
Apr 10 12:58:05 kernel: [    0.282947] pci 0000:00:17.0: BAR 15: assigned [mem 0x80400000-0x805fffff 64bit pref]
Apr 10 12:58:05 kernel: [    0.282950] pci 0000:00:0f.0: BAR 6: assigned [mem 0x80600000-0x80607fff pref]
Apr 10 12:58:05 kernel: [    0.282953] pci 0000:00:15.3: BAR 13: can't assign io (size 0x1000)
Apr 10 12:58:05 kernel: [    0.282956] pci 0000:00:15.4: BAR 13: can't assign io (size 0x1000)
Apr 10 12:58:05 kernel: [    0.282958] pci 0000:00:15.5: BAR 13: can't assign io (size 0x1000)
Apr 10 12:58:05 kernel: [    0.282960] pci 0000:00:15.6: BAR 13: can't assign io (size 0x1000)
Apr 10 12:58:05 kernel: [    0.282962] pci 0000:00:15.7: BAR 13: can't assign io (size 0x1000)
Apr 10 12:58:05 kernel: [    0.282965] pci 0000:00:16.3: BAR 13: can't assign io (size 0x1000)
Apr 10 12:58:05 kernel: [    0.282967] pci 0000:00:16.4: BAR 13: can't assign io (size 0x1000)
Apr 10 12:58:05 kernel: [    0.282969] pci 0000:00:16.5: BAR 13: can't assign io (size 0x1000)
Apr 10 12:58:05 kernel: [    0.282971] pci 0000:00:16.6: BAR 13: can't assign io (size 0x1000)
Apr 10 12:58:05 kernel: [    0.282974] pci 0000:00:16.7: BAR 13: can't assign io (size 0x1000)
Apr 10 12:58:05 kernel: [    0.282977] pci 0000:00:17.3: BAR 13: can't assign io (size 0x1000)
Apr 10 12:58:05 kernel: [    0.282980] pci 0000:00:17.4: BAR 13: can't assign io (size 0x1000)
Apr 10 12:58:05 kernel: [    0.282983] pci 0000:00:17.5: BAR 13: can't assign io (size 0x1000)
Apr 10 12:58:05 kernel: [    0.282987] pci 0000:00:17.6: BAR 13: can't assign io (size 0x1000)
Apr 10 12:58:05 kernel: [    0.282989] pci 0000:00:17.7: BAR 13: can't assign io (size 0x1000)
Apr 10 12:58:05 kernel: [    0.282991] pci 0000:00:18.2: BAR 13: can't assign io (size 0x1000)
Apr 10 12:58:05 kernel: [    0.282994] pci 0000:00:18.3: BAR 13: can't assign io (size 0x1000)
Apr 10 12:58:05 kernel: [    0.282996] pci 0000:00:18.4: BAR 13: can't assign io (size 0x1000)
Apr 10 12:58:05 kernel: [    0.282998] pci 0000:00:18.5: BAR 13: can't assign io (size 0x1000)
Apr 10 12:58:05 kernel: [    0.283000] pci 0000:00:18.6: BAR 13: can't assign io (size 0x1000)
Apr 10 12:58:05 kernel: [    0.283002] pci 0000:00:18.7: BAR 13: can't assign io (size 0x1000)
Apr 10 12:58:05 kernel: [    0.283007] pci 0000:00:18.7: BAR 13: can't assign io (size 0x1000)
Apr 10 12:58:05 kernel: [    0.283009] pci 0000:00:18.6: BAR 13: can't assign io (size 0x1000)
Apr 10 12:58:05 kernel: [    0.283011] pci 0000:00:18.5: BAR 13: can't assign io (size 0x1000)
Apr 10 12:58:05 kernel: [    0.283013] pci 0000:00:18.4: BAR 13: can't assign io (size 0x1000)
Apr 10 12:58:05 kernel: [    0.283016] pci 0000:00:18.3: BAR 13: can't assign io (size 0x1000)
Apr 10 12:58:05 kernel: [    0.283018] pci 0000:00:18.2: BAR 13: can't assign io (size 0x1000)
Apr 10 12:58:05 kernel: [    0.283020] pci 0000:00:17.7: BAR 13: can't assign io (size 0x1000)
Apr 10 12:58:05 kernel: [    0.283022] pci 0000:00:17.6: BAR 13: can't assign io (size 0x1000)
Apr 10 12:58:05 kernel: [    0.283024] pci 0000:00:17.5: BAR 13: can't assign io (size 0x1000)
Apr 10 12:58:05 kernel: [    0.283026] pci 0000:00:17.4: BAR 13: can't assign io (size 0x1000)
Apr 10 12:58:05 kernel: [    0.283028] pci 0000:00:17.3: BAR 13: can't assign io (size 0x1000)
Apr 10 12:58:05 kernel: [    0.283031] pci 0000:00:16.7: BAR 13: can't assign io (size 0x1000)
Apr 10 12:58:05 kernel: [    0.283033] pci 0000:00:16.6: BAR 13: can't assign io (size 0x1000)
Apr 10 12:58:05 kernel: [    0.283035] pci 0000:00:16.5: BAR 13: can't assign io (size 0x1000)
Apr 10 12:58:05 kernel: [    0.283037] pci 0000:00:16.4: BAR 13: can't assign io (size 0x1000)
Apr 10 12:58:05 kernel: [    0.283039] pci 0000:00:16.3: BAR 13: can't assign io (size 0x1000)
Apr 10 12:58:05 kernel: [    0.283041] pci 0000:00:15.7: BAR 13: can't assign io (size 0x1000)
Apr 10 12:58:05 kernel: [    0.283043] pci 0000:00:15.6: BAR 13: can't assign io (size 0x1000)
Apr 10 12:58:05 kernel: [    0.283045] pci 0000:00:15.5: BAR 13: can't assign io (size 0x1000)
Apr 10 12:58:05 kernel: [    0.283048] pci 0000:00:15.4: BAR 13: can't assign io (size 0x1000)
Apr 10 12:58:05 kernel: [    0.283050] pci 0000:00:15.3: BAR 13: can't assign io (size 0x1000)
Apr 10 12:58:05 kernel: [    0.283053] pci 0000:00:01.0: PCI bridge to [bus 01]
Apr 10 12:58:05 kernel: [    0.283123] pci 0000:00:11.0: PCI bridge to [bus 02]
Apr 10 12:58:05 kernel: [    0.283132] pci 0000:00:11.0:   bridge window [io  0x2000-0x3fff]
Apr 10 12:58:05 kernel: [    0.283156] pci 0000:00:11.0:   bridge window [mem 0xfd600000-0xfdffffff]
Apr 10 12:58:05 kernel: [    0.283172] pci 0000:00:11.0:   bridge window [mem 0xe7b00000-0xe7ffffff 64bit pref]
Apr 10 12:58:05 kernel: [    0.283204] pci 0000:03:00.0: BAR 6: assigned [mem 0xfd500000-0xfd50ffff pref]
Apr 10 12:58:05 kernel: [    0.283206] pci 0000:00:15.0: PCI bridge to [bus 03]
Apr 10 12:58:05 kernel: [    0.283215] pci 0000:00:15.0:   bridge window [io  0x4000-0x4fff]
Apr 10 12:58:05 kernel: [    0.283239] pci 0000:00:15.0:   bridge window [mem 0xfd500000-0xfd5fffff]
Apr 10 12:58:05 kernel: [    0.283255] pci 0000:00:15.0:   bridge window [mem 0x80000000-0x801fffff 64bit pref]
Apr 10 12:58:05 kernel: [    0.283299] pci 0000:00:15.1: PCI bridge to [bus 04]
Apr 10 12:58:05 kernel: [    0.283309] pci 0000:00:15.1:   bridge window [io  0x8000-0x8fff]
Apr 10 12:58:05 kernel: [    0.283333] pci 0000:00:15.1:   bridge window [mem 0xfd100000-0xfd1fffff]
Apr 10 12:58:05 kernel: [    0.283349] pci 0000:00:15.1:   bridge window [mem 0xe7900000-0xe79fffff 64bit pref]
Apr 10 12:58:05 kernel: [    0.283387] pci 0000:00:15.2: PCI bridge to [bus 05]
Apr 10 12:58:05 kernel: [    0.283397] pci 0000:00:15.2:   bridge window [io  0xc000-0xcfff]
Apr 10 12:58:05 kernel: [    0.283420] pci 0000:00:15.2:   bridge window [mem 0xfcd00000-0xfcdfffff]
Apr 10 12:58:05 kernel: [    0.283437] pci 0000:00:15.2:   bridge window [mem 0xe7500000-0xe75fffff 64bit pref]
Apr 10 12:58:05 kernel: [    0.283474] pci 0000:00:15.3: PCI bridge to [bus 06]
Apr 10 12:58:05 kernel: [    0.283498] pci 0000:00:15.3:   bridge window [mem 0xfc900000-0xfc9fffff]
Apr 10 12:58:05 kernel: [    0.283515] pci 0000:00:15.3:   bridge window [mem 0xe7100000-0xe71fffff 64bit pref]
Apr 10 12:58:05 kernel: [    0.283552] pci 0000:00:15.4: PCI bridge to [bus 07]
Apr 10 12:58:05 kernel: [    0.283576] pci 0000:00:15.4:   bridge window [mem 0xfc500000-0xfc5fffff]
Apr 10 12:58:05 kernel: [    0.283592] pci 0000:00:15.4:   bridge window [mem 0xe6d00000-0xe6dfffff 64bit pref]
Apr 10 12:58:05 kernel: [    0.283629] pci 0000:00:15.5: PCI bridge to [bus 08]
Apr 10 12:58:05 kernel: [    0.283654] pci 0000:00:15.5:   bridge window [mem 0xfc100000-0xfc1fffff]
Apr 10 12:58:05 kernel: [    0.283670] pci 0000:00:15.5:   bridge window [mem 0xe6900000-0xe69fffff 64bit pref]
Apr 10 12:58:05 kernel: [    0.283706] pci 0000:00:15.6: PCI bridge to [bus 09]
Apr 10 12:58:05 kernel: [    0.283731] pci 0000:00:15.6:   bridge window [mem 0xfbd00000-0xfbdfffff]
Apr 10 12:58:05 kernel: [    0.283747] pci 0000:00:15.6:   bridge window [mem 0xe6500000-0xe65fffff 64bit pref]
Apr 10 12:58:05 kernel: [    0.283784] pci 0000:00:15.7: PCI bridge to [bus 0a]
Apr 10 12:58:05 kernel: [    0.283808] pci 0000:00:15.7:   bridge window [mem 0xfb900000-0xfb9fffff]
Apr 10 12:58:05 kernel: [    0.283824] pci 0000:00:15.7:   bridge window [mem 0xe6100000-0xe61fffff 64bit pref]
Apr 10 12:58:05 kernel: [    0.283862] pci 0000:0b:00.0: BAR 6: assigned [mem 0xfd400000-0xfd40ffff pref]
Apr 10 12:58:05 kernel: [    0.283864] pci 0000:00:16.0: PCI bridge to [bus 0b]
Apr 10 12:58:05 kernel: [    0.283873] pci 0000:00:16.0:   bridge window [io  0x5000-0x5fff]
Apr 10 12:58:05 kernel: [    0.283897] pci 0000:00:16.0:   bridge window [mem 0xfd400000-0xfd4fffff]
Apr 10 12:58:05 kernel: [    0.283913] pci 0000:00:16.0:   bridge window [mem 0x80200000-0x803fffff 64bit pref]
Apr 10 12:58:05 kernel: [    0.283950] pci 0000:00:16.1: PCI bridge to [bus 0c]
Apr 10 12:58:05 kernel: [    0.283960] pci 0000:00:16.1:   bridge window [io  0x9000-0x9fff]
Apr 10 12:58:05 kernel: [    0.283983] pci 0000:00:16.1:   bridge window [mem 0xfd000000-0xfd0fffff]
Apr 10 12:58:05 kernel: [    0.284000] pci 0000:00:16.1:   bridge window [mem 0xe7800000-0xe78fffff 64bit pref]
Apr 10 12:58:05 kernel: [    0.284036] pci 0000:00:16.2: PCI bridge to [bus 0d]
Apr 10 12:58:05 kernel: [    0.284046] pci 0000:00:16.2:   bridge window [io  0xd000-0xdfff]
Apr 10 12:58:05 kernel: [    0.284070] pci 0000:00:16.2:   bridge window [mem 0xfcc00000-0xfccfffff]
Apr 10 12:58:05 kernel: [    0.284086] pci 0000:00:16.2:   bridge window [mem 0xe7400000-0xe74fffff 64bit pref]
Apr 10 12:58:05 kernel: [    0.284122] pci 0000:00:16.3: PCI bridge to [bus 0e]
Apr 10 12:58:05 kernel: [    0.284147] pci 0000:00:16.3:   bridge window [mem 0xfc800000-0xfc8fffff]
Apr 10 12:58:05 kernel: [    0.284163] pci 0000:00:16.3:   bridge window [mem 0xe7000000-0xe70fffff 64bit pref]
Apr 10 12:58:05 kernel: [    0.284200] pci 0000:00:16.4: PCI bridge to [bus 0f]
Apr 10 12:58:05 kernel: [    0.284224] pci 0000:00:16.4:   bridge window [mem 0xfc400000-0xfc4fffff]
Apr 10 12:58:05 kernel: [    0.284241] pci 0000:00:16.4:   bridge window [mem 0xe6c00000-0xe6cfffff 64bit pref]
Apr 10 12:58:05 kernel: [    0.284277] pci 0000:00:16.5: PCI bridge to [bus 10]
Apr 10 12:58:05 kernel: [    0.284301] pci 0000:00:16.5:   bridge window [mem 0xfc000000-0xfc0fffff]
Apr 10 12:58:05 kernel: [    0.284318] pci 0000:00:16.5:   bridge window [mem 0xe6800000-0xe68fffff 64bit pref]
Apr 10 12:58:05 kernel: [    0.284354] pci 0000:00:16.6: PCI bridge to [bus 11]
Apr 10 12:58:05 kernel: [    0.284379] pci 0000:00:16.6:   bridge window [mem 0xfbc00000-0xfbcfffff]
Apr 10 12:58:05 kernel: [    0.284395] pci 0000:00:16.6:   bridge window [mem 0xe6400000-0xe64fffff 64bit pref]
Apr 10 12:58:05 kernel: [    0.284432] pci 0000:00:16.7: PCI bridge to [bus 12]
Apr 10 12:58:05 kernel: [    0.284456] pci 0000:00:16.7:   bridge window [mem 0xfb800000-0xfb8fffff]
Apr 10 12:58:05 kernel: [    0.284473] pci 0000:00:16.7:   bridge window [mem 0xe6000000-0xe60fffff 64bit pref]
Apr 10 12:58:05 kernel: [    0.284510] pci 0000:13:00.0: BAR 6: assigned [mem 0xfd300000-0xfd30ffff pref]
Apr 10 12:58:05 kernel: [    0.284512] pci 0000:00:17.0: PCI bridge to [bus 13]
Apr 10 12:58:05 kernel: [    0.284521] pci 0000:00:17.0:   bridge window [io  0x6000-0x6fff]
Apr 10 12:58:05 kernel: [    0.284545] pci 0000:00:17.0:   bridge window [mem 0xfd300000-0xfd3fffff]
Apr 10 12:58:05 kernel: [    0.284561] pci 0000:00:17.0:   bridge window [mem 0x80400000-0x805fffff 64bit pref]
Apr 10 12:58:05 kernel: [    0.284598] pci 0000:00:17.1: PCI bridge to [bus 14]
Apr 10 12:58:05 kernel: [    0.284607] pci 0000:00:17.1:   bridge window [io  0xa000-0xafff]
Apr 10 12:58:05 kernel: [    0.284631] pci 0000:00:17.1:   bridge window [mem 0xfcf00000-0xfcffffff]
Apr 10 12:58:05 kernel: [    0.284647] pci 0000:00:17.1:   bridge window [mem 0xe7700000-0xe77fffff 64bit pref]
Apr 10 12:58:05 kernel: [    0.284684] pci 0000:00:17.2: PCI bridge to [bus 15]
Apr 10 12:58:05 kernel: [    0.284693] pci 0000:00:17.2:   bridge window [io  0xe000-0xefff]
Apr 10 12:58:05 kernel: [    0.284717] pci 0000:00:17.2:   bridge window [mem 0xfcb00000-0xfcbfffff]
Apr 10 12:58:05 kernel: [    0.284734] pci 0000:00:17.2:   bridge window [mem 0xe7300000-0xe73fffff 64bit pref]
Apr 10 12:58:05 kernel: [    0.284770] pci 0000:00:17.3: PCI bridge to [bus 16]
Apr 10 12:58:05 kernel: [    0.284795] pci 0000:00:17.3:   bridge window [mem 0xfc700000-0xfc7fffff]
Apr 10 12:58:05 kernel: [    0.284811] pci 0000:00:17.3:   bridge window [mem 0xe6f00000-0xe6ffffff 64bit pref]
Apr 10 12:58:05 kernel: [    0.284848] pci 0000:00:17.4: PCI bridge to [bus 17]
Apr 10 12:58:05 kernel: [    0.284872] pci 0000:00:17.4:   bridge window [mem 0xfc300000-0xfc3fffff]
Apr 10 12:58:05 kernel: [    0.284888] pci 0000:00:17.4:   bridge window [mem 0xe6b00000-0xe6bfffff 64bit pref]
Apr 10 12:58:05 kernel: [    0.284924] pci 0000:00:17.5: PCI bridge to [bus 18]
Apr 10 12:58:05 kernel: [    0.284949] pci 0000:00:17.5:   bridge window [mem 0xfbf00000-0xfbffffff]
Apr 10 12:58:05 kernel: [    0.284965] pci 0000:00:17.5:   bridge window [mem 0xe6700000-0xe67fffff 64bit pref]
Apr 10 12:58:05 kernel: [    0.285002] pci 0000:00:17.6: PCI bridge to [bus 19]
Apr 10 12:58:05 kernel: [    0.285026] pci 0000:00:17.6:   bridge window [mem 0xfbb00000-0xfbbfffff]
Apr 10 12:58:05 kernel: [    0.285043] pci 0000:00:17.6:   bridge window [mem 0xe6300000-0xe63fffff 64bit pref]
Apr 10 12:58:05 kernel: [    0.285079] pci 0000:00:17.7: PCI bridge to [bus 1a]
Apr 10 12:58:05 kernel: [    0.285103] pci 0000:00:17.7:   bridge window [mem 0xfb700000-0xfb7fffff]
Apr 10 12:58:05 kernel: [    0.285120] pci 0000:00:17.7:   bridge window [mem 0xe5f00000-0xe5ffffff 64bit pref]
Apr 10 12:58:05 kernel: [    0.285156] pci 0000:00:18.0: PCI bridge to [bus 1b]
Apr 10 12:58:05 kernel: [    0.285166] pci 0000:00:18.0:   bridge window [io  0x7000-0x7fff]
Apr 10 12:58:05 kernel: [    0.285189] pci 0000:00:18.0:   bridge window [mem 0xfd200000-0xfd2fffff]
Apr 10 12:58:05 kernel: [    0.285206] pci 0000:00:18.0:   bridge window [mem 0xe7a00000-0xe7afffff 64bit pref]
Apr 10 12:58:05 kernel: [    0.285242] pci 0000:00:18.1: PCI bridge to [bus 1c]
Apr 10 12:58:05 kernel: [    0.285252] pci 0000:00:18.1:   bridge window [io  0xb000-0xbfff]
Apr 10 12:58:05 kernel: [    0.285275] pci 0000:00:18.1:   bridge window [mem 0xfce00000-0xfcefffff]
Apr 10 12:58:05 kernel: [    0.285292] pci 0000:00:18.1:   bridge window [mem 0xe7600000-0xe76fffff 64bit pref]
Apr 10 12:58:05 kernel: [    0.285329] pci 0000:00:18.2: PCI bridge to [bus 1d]
Apr 10 12:58:05 kernel: [    0.285353] pci 0000:00:18.2:   bridge window [mem 0xfca00000-0xfcafffff]
Apr 10 12:58:05 kernel: [    0.285369] pci 0000:00:18.2:   bridge window [mem 0xe7200000-0xe72fffff 64bit pref]
Apr 10 12:58:05 kernel: [    0.285406] pci 0000:00:18.3: PCI bridge to [bus 1e]
Apr 10 12:58:05 kernel: [    0.285430] pci 0000:00:18.3:   bridge window [mem 0xfc600000-0xfc6fffff]
Apr 10 12:58:05 kernel: [    0.285447] pci 0000:00:18.3:   bridge window [mem 0xe6e00000-0xe6efffff 64bit pref]
Apr 10 12:58:05 kernel: [    0.285483] pci 0000:00:18.4: PCI bridge to [bus 1f]
Apr 10 12:58:05 kernel: [    0.285507] pci 0000:00:18.4:   bridge window [mem 0xfc200000-0xfc2fffff]
Apr 10 12:58:05 kernel: [    0.285524] pci 0000:00:18.4:   bridge window [mem 0xe6a00000-0xe6afffff 64bit pref]
Apr 10 12:58:05 kernel: [    0.285560] pci 0000:00:18.5: PCI bridge to [bus 20]
Apr 10 12:58:05 kernel: [    0.285585] pci 0000:00:18.5:   bridge window [mem 0xfbe00000-0xfbefffff]
Apr 10 12:58:05 kernel: [    0.285601] pci 0000:00:18.5:   bridge window [mem 0xe6600000-0xe66fffff 64bit pref]
Apr 10 12:58:05 kernel: [    0.285637] pci 0000:00:18.6: PCI bridge to [bus 21]
Apr 10 12:58:05 kernel: [    0.285662] pci 0000:00:18.6:   bridge window [mem 0xfba00000-0xfbafffff]
Apr 10 12:58:05 kernel: [    0.285678] pci 0000:00:18.6:   bridge window [mem 0xe6200000-0xe62fffff 64bit pref]
Apr 10 12:58:05 kernel: [    0.285721] pci 0000:00:18.7: PCI bridge to [bus 22]
Apr 10 12:58:05 kernel: [    0.285745] pci 0000:00:18.7:   bridge window [mem 0xfb600000-0xfb6fffff]
Apr 10 12:58:05 kernel: [    0.285762] pci 0000:00:18.7:   bridge window [mem 0xe5e00000-0xe5efffff 64bit pref]
Apr 10 12:58:05 kernel: [    0.285799] pci_bus 0000:00: resource 4 [mem 0x000a0000-0x000bffff]
Apr 10 12:58:05 kernel: [    0.285801] pci_bus 0000:00: resource 5 [mem 0x000cc000-0x000cffff]
Apr 10 12:58:05 kernel: [    0.285803] pci_bus 0000:00: resource 6 [mem 0x000d0000-0x000d3fff]
Apr 10 12:58:05 kernel: [    0.285804] pci_bus 0000:00: resource 7 [mem 0x000d4000-0x000d7fff]
Apr 10 12:58:05 kernel: [    0.285806] pci_bus 0000:00: resource 8 [mem 0x000d8000-0x000dbfff]
Apr 10 12:58:05 kernel: [    0.285808] pci_bus 0000:00: resource 9 [mem 0x80000000-0xfebfffff]
Apr 10 12:58:05 kernel: [    0.285809] pci_bus 0000:00: resource 10 [io  0x0000-0x0cf7]
Apr 10 12:58:05 kernel: [    0.285811] pci_bus 0000:00: resource 11 [io  0x0d00-0xfeff]
Apr 10 12:58:05 kernel: [    0.285813] pci_bus 0000:02: resource 0 [io  0x2000-0x3fff]
Apr 10 12:58:05 kernel: [    0.285815] pci_bus 0000:02: resource 1 [mem 0xfd600000-0xfdffffff]
Apr 10 12:58:05 kernel: [    0.285816] pci_bus 0000:02: resource 2 [mem 0xe7b00000-0xe7ffffff 64bit pref]
Apr 10 12:58:05 kernel: [    0.285818] pci_bus 0000:02: resource 4 [mem 0x000a0000-0x000bffff]
Apr 10 12:58:05 kernel: [    0.285820] pci_bus 0000:02: resource 5 [mem 0x000cc000-0x000cffff]
Apr 10 12:58:05 kernel: [    0.285821] pci_bus 0000:02: resource 6 [mem 0x000d0000-0x000d3fff]
Apr 10 12:58:05 kernel: [    0.285823] pci_bus 0000:02: resource 7 [mem 0x000d4000-0x000d7fff]
Apr 10 12:58:05 kernel: [    0.285824] pci_bus 0000:02: resource 8 [mem 0x000d8000-0x000dbfff]
Apr 10 12:58:05 kernel: [    0.285826] pci_bus 0000:02: resource 9 [mem 0x80000000-0xfebfffff]
Apr 10 12:58:05 kernel: [    0.285828] pci_bus 0000:02: resource 10 [io  0x0000-0x0cf7]
Apr 10 12:58:05 kernel: [    0.285829] pci_bus 0000:02: resource 11 [io  0x0d00-0xfeff]
Apr 10 12:58:05 kernel: [    0.285831] pci_bus 0000:03: resource 0 [io  0x4000-0x4fff]
Apr 10 12:58:05 kernel: [    0.285833] pci_bus 0000:03: resource 1 [mem 0xfd500000-0xfd5fffff]
Apr 10 12:58:05 kernel: [    0.285834] pci_bus 0000:03: resource 2 [mem 0x80000000-0x801fffff 64bit pref]
Apr 10 12:58:05 kernel: [    0.285836] pci_bus 0000:04: resource 0 [io  0x8000-0x8fff]
Apr 10 12:58:05 kernel: [    0.285838] pci_bus 0000:04: resource 1 [mem 0xfd100000-0xfd1fffff]
Apr 10 12:58:05 kernel: [    0.285839] pci_bus 0000:04: resource 2 [mem 0xe7900000-0xe79fffff 64bit pref]
Apr 10 12:58:05 kernel: [    0.285841] pci_bus 0000:05: resource 0 [io  0xc000-0xcfff]
Apr 10 12:58:05 kernel: [    0.285843] pci_bus 0000:05: resource 1 [mem 0xfcd00000-0xfcdfffff]
Apr 10 12:58:05 kernel: [    0.285844] pci_bus 0000:05: resource 2 [mem 0xe7500000-0xe75fffff 64bit pref]
Apr 10 12:58:05 kernel: [    0.285846] pci_bus 0000:06: resource 1 [mem 0xfc900000-0xfc9fffff]
Apr 10 12:58:05 kernel: [    0.285848] pci_bus 0000:06: resource 2 [mem 0xe7100000-0xe71fffff 64bit pref]
Apr 10 12:58:05 kernel: [    0.285849] pci_bus 0000:07: resource 1 [mem 0xfc500000-0xfc5fffff]
Apr 10 12:58:05 kernel: [    0.285851] pci_bus 0000:07: resource 2 [mem 0xe6d00000-0xe6dfffff 64bit pref]
Apr 10 12:58:05 kernel: [    0.285853] pci_bus 0000:08: resource 1 [mem 0xfc100000-0xfc1fffff]
Apr 10 12:58:05 kernel: [    0.285855] pci_bus 0000:08: resource 2 [mem 0xe6900000-0xe69fffff 64bit pref]
Apr 10 12:58:05 kernel: [    0.285856] pci_bus 0000:09: resource 1 [mem 0xfbd00000-0xfbdfffff]
Apr 10 12:58:05 kernel: [    0.285858] pci_bus 0000:09: resource 2 [mem 0xe6500000-0xe65fffff 64bit pref]
Apr 10 12:58:05 kernel: [    0.285860] pci_bus 0000:0a: resource 1 [mem 0xfb900000-0xfb9fffff]
Apr 10 12:58:05 kernel: [    0.285862] pci_bus 0000:0a: resource 2 [mem 0xe6100000-0xe61fffff 64bit pref]
Apr 10 12:58:05 kernel: [    0.285863] pci_bus 0000:0b: resource 0 [io  0x5000-0x5fff]
Apr 10 12:58:05 kernel: [    0.285865] pci_bus 0000:0b: resource 1 [mem 0xfd400000-0xfd4fffff]
Apr 10 12:58:05 kernel: [    0.285867] pci_bus 0000:0b: resource 2 [mem 0x80200000-0x803fffff 64bit pref]
Apr 10 12:58:05 kernel: [    0.285868] pci_bus 0000:0c: resource 0 [io  0x9000-0x9fff]
Apr 10 12:58:05 kernel: [    0.285870] pci_bus 0000:0c: resource 1 [mem 0xfd000000-0xfd0fffff]
Apr 10 12:58:05 kernel: [    0.285872] pci_bus 0000:0c: resource 2 [mem 0xe7800000-0xe78fffff 64bit pref]
Apr 10 12:58:05 kernel: [    0.285873] pci_bus 0000:0d: resource 0 [io  0xd000-0xdfff]
Apr 10 12:58:05 kernel: [    0.285875] pci_bus 0000:0d: resource 1 [mem 0xfcc00000-0xfccfffff]
Apr 10 12:58:05 kernel: [    0.285877] pci_bus 0000:0d: resource 2 [mem 0xe7400000-0xe74fffff 64bit pref]
Apr 10 12:58:05 kernel: [    0.285878] pci_bus 0000:0e: resource 1 [mem 0xfc800000-0xfc8fffff]
Apr 10 12:58:05 kernel: [    0.285880] pci_bus 0000:0e: resource 2 [mem 0xe7000000-0xe70fffff 64bit pref]
Apr 10 12:58:05 kernel: [    0.285882] pci_bus 0000:0f: resource 1 [mem 0xfc400000-0xfc4fffff]
Apr 10 12:58:05 kernel: [    0.285883] pci_bus 0000:0f: resource 2 [mem 0xe6c00000-0xe6cfffff 64bit pref]
Apr 10 12:58:05 kernel: [    0.285885] pci_bus 0000:10: resource 1 [mem 0xfc000000-0xfc0fffff]
Apr 10 12:58:05 kernel: [    0.285887] pci_bus 0000:10: resource 2 [mem 0xe6800000-0xe68fffff 64bit pref]
Apr 10 12:58:05 kernel: [    0.285888] pci_bus 0000:11: resource 1 [mem 0xfbc00000-0xfbcfffff]
Apr 10 12:58:05 kernel: [    0.285890] pci_bus 0000:11: resource 2 [mem 0xe6400000-0xe64fffff 64bit pref]
Apr 10 12:58:05 kernel: [    0.285892] pci_bus 0000:12: resource 1 [mem 0xfb800000-0xfb8fffff]
Apr 10 12:58:05 kernel: [    0.285893] pci_bus 0000:12: resource 2 [mem 0xe6000000-0xe60fffff 64bit pref]
Apr 10 12:58:05 kernel: [    0.285895] pci_bus 0000:13: resource 0 [io  0x6000-0x6fff]
Apr 10 12:58:05 kernel: [    0.285897] pci_bus 0000:13: resource 1 [mem 0xfd300000-0xfd3fffff]
Apr 10 12:58:05 kernel: [    0.285898] pci_bus 0000:13: resource 2 [mem 0x80400000-0x805fffff 64bit pref]
Apr 10 12:58:05 kernel: [    0.285900] pci_bus 0000:14: resource 0 [io  0xa000-0xafff]
Apr 10 12:58:05 kernel: [    0.285902] pci_bus 0000:14: resource 1 [mem 0xfcf00000-0xfcffffff]
Apr 10 12:58:05 kernel: [    0.285903] pci_bus 0000:14: resource 2 [mem 0xe7700000-0xe77fffff 64bit pref]
Apr 10 12:58:05 kernel: [    0.285905] pci_bus 0000:15: resource 0 [io  0xe000-0xefff]
Apr 10 12:58:05 kernel: [    0.285907] pci_bus 0000:15: resource 1 [mem 0xfcb00000-0xfcbfffff]
Apr 10 12:58:05 kernel: [    0.285908] pci_bus 0000:15: resource 2 [mem 0xe7300000-0xe73fffff 64bit pref]
Apr 10 12:58:05 kernel: [    0.285910] pci_bus 0000:16: resource 1 [mem 0xfc700000-0xfc7fffff]
Apr 10 12:58:05 kernel: [    0.285912] pci_bus 0000:16: resource 2 [mem 0xe6f00000-0xe6ffffff 64bit pref]
Apr 10 12:58:05 kernel: [    0.285914] pci_bus 0000:17: resource 1 [mem 0xfc300000-0xfc3fffff]
Apr 10 12:58:05 kernel: [    0.285915] pci_bus 0000:17: resource 2 [mem 0xe6b00000-0xe6bfffff 64bit pref]
Apr 10 12:58:05 kernel: [    0.285917] pci_bus 0000:18: resource 1 [mem 0xfbf00000-0xfbffffff]
Apr 10 12:58:05 kernel: [    0.285919] pci_bus 0000:18: resource 2 [mem 0xe6700000-0xe67fffff 64bit pref]
Apr 10 12:58:05 kernel: [    0.285921] pci_bus 0000:19: resource 1 [mem 0xfbb00000-0xfbbfffff]
Apr 10 12:58:05 kernel: [    0.285922] pci_bus 0000:19: resource 2 [mem 0xe6300000-0xe63fffff 64bit pref]
Apr 10 12:58:05 kernel: [    0.285924] pci_bus 0000:1a: resource 1 [mem 0xfb700000-0xfb7fffff]
Apr 10 12:58:05 kernel: [    0.285926] pci_bus 0000:1a: resource 2 [mem 0xe5f00000-0xe5ffffff 64bit pref]
Apr 10 12:58:05 kernel: [    0.285927] pci_bus 0000:1b: resource 0 [io  0x7000-0x7fff]
Apr 10 12:58:05 kernel: [    0.285929] pci_bus 0000:1b: resource 1 [mem 0xfd200000-0xfd2fffff]
Apr 10 12:58:05 kernel: [    0.285931] pci_bus 0000:1b: resource 2 [mem 0xe7a00000-0xe7afffff 64bit pref]
Apr 10 12:58:05 kernel: [    0.285932] pci_bus 0000:1c: resource 0 [io  0xb000-0xbfff]
Apr 10 12:58:05 kernel: [    0.285934] pci_bus 0000:1c: resource 1 [mem 0xfce00000-0xfcefffff]
Apr 10 12:58:05 kernel: [    0.285936] pci_bus 0000:1c: resource 2 [mem 0xe7600000-0xe76fffff 64bit pref]
Apr 10 12:58:05 kernel: [    0.285937] pci_bus 0000:1d: resource 1 [mem 0xfca00000-0xfcafffff]
Apr 10 12:58:05 kernel: [    0.285939] pci_bus 0000:1d: resource 2 [mem 0xe7200000-0xe72fffff 64bit pref]
Apr 10 12:58:05 kernel: [    0.285941] pci_bus 0000:1e: resource 1 [mem 0xfc600000-0xfc6fffff]
Apr 10 12:58:05 kernel: [    0.285942] pci_bus 0000:1e: resource 2 [mem 0xe6e00000-0xe6efffff 64bit pref]
Apr 10 12:58:05 kernel: [    0.285944] pci_bus 0000:1f: resource 1 [mem 0xfc200000-0xfc2fffff]
Apr 10 12:58:05 kernel: [    0.285946] pci_bus 0000:1f: resource 2 [mem 0xe6a00000-0xe6afffff 64bit pref]
Apr 10 12:58:05 kernel: [    0.285947] pci_bus 0000:20: resource 1 [mem 0xfbe00000-0xfbefffff]
Apr 10 12:58:05 kernel: [    0.285949] pci_bus 0000:20: resource 2 [mem 0xe6600000-0xe66fffff 64bit pref]
Apr 10 12:58:05 kernel: [    0.285951] pci_bus 0000:21: resource 1 [mem 0xfba00000-0xfbafffff]
Apr 10 12:58:05 kernel: [    0.285952] pci_bus 0000:21: resource 2 [mem 0xe6200000-0xe62fffff 64bit pref]
Apr 10 12:58:05 kernel: [    0.285954] pci_bus 0000:22: resource 1 [mem 0xfb600000-0xfb6fffff]
Apr 10 12:58:05 kernel: [    0.285956] pci_bus 0000:22: resource 2 [mem 0xe5e00000-0xe5efffff 64bit pref]
Apr 10 12:58:05 kernel: [    0.285973] NET: Registered protocol family 2
Apr 10 12:58:05 kernel: [    0.286097] TCP established hash table entries: 8192 (order: 3, 32768 bytes)
Apr 10 12:58:05 kernel: [    0.286106] TCP bind hash table entries: 8192 (order: 3, 32768 bytes)
Apr 10 12:58:05 kernel: [    0.286112] TCP: Hash tables configured (established 8192 bind 8192)
Apr 10 12:58:05 kernel: [    0.286120] TCP: reno registered
Apr 10 12:58:05 kernel: [    0.286122] UDP hash table entries: 512 (order: 1, 8192 bytes)
Apr 10 12:58:05 kernel: [    0.286125] UDP-Lite hash table entries: 512 (order: 1, 8192 bytes)
Apr 10 12:58:05 kernel: [    0.286147] NET: Registered protocol family 1
Apr 10 12:58:05 kernel: [    0.286156] pci 0000:00:00.0: Limiting direct PCI/PCI transfers
Apr 10 12:58:05 kernel: [    0.286217] pci 0000:00:0f.0: Video device with shadowed ROM
Apr 10 12:58:05 kernel: [    0.286493] PCI: CLS 32 bytes, default 64
Apr 10 12:58:05 kernel: [    0.286525] Unpacking initramfs...
Apr 10 12:58:05 kernel: [    0.395207] Freeing initrd memory: 6156K (f71fb000 - f77fe000)
Apr 10 12:58:05 kernel: [    0.395251] Simple Boot Flag at 0x36 set to 0x1
Apr 10 12:58:05 kernel: [    0.395286] Switched to clocksource tsc
Apr 10 12:58:05 kernel: [    0.395361] microcode: CPU0 sig=0x306f2, pf=0x1, revision=0x38
Apr 10 12:58:05 kernel: [    0.395390] microcode: Microcode Update Driver: v2.00 <tigran@aivazian.fsnet.co.uk>, Peter Oruba
Apr 10 12:58:05 kernel: [    0.395592] futex hash table entries: 256 (order: -1, 3072 bytes)
Apr 10 12:58:05 kernel: [    0.395612] audit: initializing netlink subsys (disabled)
Apr 10 12:58:05 kernel: [    0.395624] audit: type=2000 audit(1491829084.381:1): initialized
Apr 10 12:58:05 kernel: [    0.395835] HugeTLB registered 4 MB page size, pre-allocated 0 pages
Apr 10 12:58:05 kernel: [    0.395847] zbud: loaded
Apr 10 12:58:05 kernel: [    0.395901] VFS: Disk quotas dquot_6.5.2
Apr 10 12:58:05 kernel: [    0.395909] Dquot-cache hash table entries: 1024 (order 0, 4096 bytes)
Apr 10 12:58:05 kernel: [    0.395947] msgmni has been set to 1727
Apr 10 12:58:05 kernel: [    0.396671] alg: No test for stdrng (krng)
Apr 10 12:58:05 kernel: [    0.396685] bounce: pool size: 64 pages
Apr 10 12:58:05 kernel: [    0.396693] Block layer SCSI generic (bsg) driver version 0.4 loaded (major 252)
Apr 10 12:58:05 kernel: [    0.396730] io scheduler noop registered
Apr 10 12:58:05 kernel: [    0.396732] io scheduler deadline registered
Apr 10 12:58:05 kernel: [    0.396755] io scheduler cfq registered (default)
Apr 10 12:58:05 kernel: [    0.397034] pcieport 0000:00:15.0: irq 40 for MSI/MSI-X
Apr 10 12:58:05 kernel: [    0.397510] pcieport 0000:00:15.1: irq 41 for MSI/MSI-X
Apr 10 12:58:05 kernel: [    0.397987] pcieport 0000:00:15.2: irq 42 for MSI/MSI-X
Apr 10 12:58:05 kernel: [    0.398462] pcieport 0000:00:15.3: irq 43 for MSI/MSI-X
Apr 10 12:58:05 kernel: [    0.398929] pcieport 0000:00:15.4: irq 44 for MSI/MSI-X
Apr 10 12:58:05 kernel: [    0.399401] pcieport 0000:00:15.5: irq 45 for MSI/MSI-X
Apr 10 12:58:05 kernel: [    0.399868] pcieport 0000:00:15.6: irq 46 for MSI/MSI-X
Apr 10 12:58:05 kernel: [    0.400333] pcieport 0000:00:15.7: irq 47 for MSI/MSI-X
Apr 10 12:58:05 kernel: [    0.400793] pcieport 0000:00:16.0: irq 48 for MSI/MSI-X
Apr 10 12:58:05 kernel: [    0.401263] pcieport 0000:00:16.1: irq 49 for MSI/MSI-X
Apr 10 12:58:05 kernel: [    0.401742] pcieport 0000:00:16.2: irq 50 for MSI/MSI-X
Apr 10 12:58:05 kernel: [    0.402204] pcieport 0000:00:16.3: irq 51 for MSI/MSI-X
Apr 10 12:58:05 kernel: [    0.402668] pcieport 0000:00:16.4: irq 52 for MSI/MSI-X
Apr 10 12:58:05 kernel: [    0.403136] pcieport 0000:00:16.5: irq 53 for MSI/MSI-X
Apr 10 12:58:05 kernel: [    0.403602] pcieport 0000:00:16.6: irq 54 for MSI/MSI-X
Apr 10 12:58:05 kernel: [    0.404067] pcieport 0000:00:16.7: irq 55 for MSI/MSI-X
Apr 10 12:58:05 kernel: [    0.404534] pcieport 0000:00:17.0: irq 56 for MSI/MSI-X
Apr 10 12:58:05 kernel: [    0.405002] pcieport 0000:00:17.1: irq 57 for MSI/MSI-X
Apr 10 12:58:05 kernel: [    0.405462] pcieport 0000:00:17.2: irq 58 for MSI/MSI-X
Apr 10 12:58:05 kernel: [    0.405937] pcieport 0000:00:17.3: irq 59 for MSI/MSI-X
Apr 10 12:58:05 kernel: [    0.406397] pcieport 0000:00:17.4: irq 60 for MSI/MSI-X
Apr 10 12:58:05 kernel: [    0.406867] pcieport 0000:00:17.5: irq 61 for MSI/MSI-X
Apr 10 12:58:05 kernel: [    0.407327] pcieport 0000:00:17.6: irq 62 for MSI/MSI-X
Apr 10 12:58:05 kernel: [    0.407792] pcieport 0000:00:17.7: irq 63 for MSI/MSI-X
Apr 10 12:58:05 kernel: [    0.408262] pcieport 0000:00:18.0: irq 64 for MSI/MSI-X
Apr 10 12:58:05 kernel: [    0.408730] pcieport 0000:00:18.1: irq 65 for MSI/MSI-X
Apr 10 12:58:05 kernel: [    0.409203] pcieport 0000:00:18.2: irq 66 for MSI/MSI-X
Apr 10 12:58:05 kernel: [    0.409665] pcieport 0000:00:18.3: irq 67 for MSI/MSI-X
Apr 10 12:58:05 kernel: [    0.410133] pcieport 0000:00:18.4: irq 68 for MSI/MSI-X
Apr 10 12:58:05 kernel: [    0.410598] pcieport 0000:00:18.5: irq 69 for MSI/MSI-X
Apr 10 12:58:05 kernel: [    0.411062] pcieport 0000:00:18.6: irq 70 for MSI/MSI-X
Apr 10 12:58:05 kernel: [    0.411532] pcieport 0000:00:18.7: irq 71 for MSI/MSI-X
Apr 10 12:58:05 kernel: [    0.411900] pcieport 0000:00:15.0: Signaling PME through PCIe PME interrupt
Apr 10 12:58:05 kernel: [    0.411902] pci 0000:03:00.0: Signaling PME through PCIe PME interrupt
Apr 10 12:58:05 kernel: [    0.411919] pcie_pme 0000:00:15.0:pcie01: service driver pcie_pme loaded
Apr 10 12:58:05 kernel: [    0.411962] pcieport 0000:00:15.1: Signaling PME through PCIe PME interrupt
Apr 10 12:58:05 kernel: [    0.411978] pcie_pme 0000:00:15.1:pcie01: service driver pcie_pme loaded
Apr 10 12:58:05 kernel: [    0.412020] pcieport 0000:00:15.2: Signaling PME through PCIe PME interrupt
Apr 10 12:58:05 kernel: [    0.412036] pcie_pme 0000:00:15.2:pcie01: service driver pcie_pme loaded
Apr 10 12:58:05 kernel: [    0.412083] pcieport 0000:00:15.3: Signaling PME through PCIe PME interrupt
Apr 10 12:58:05 kernel: [    0.412100] pcie_pme 0000:00:15.3:pcie01: service driver pcie_pme loaded
Apr 10 12:58:05 kernel: [    0.412143] pcieport 0000:00:15.4: Signaling PME through PCIe PME interrupt
Apr 10 12:58:05 kernel: [    0.412159] pcie_pme 0000:00:15.4:pcie01: service driver pcie_pme loaded
Apr 10 12:58:05 kernel: [    0.412206] pcieport 0000:00:15.5: Signaling PME through PCIe PME interrupt
Apr 10 12:58:05 kernel: [    0.412222] pcie_pme 0000:00:15.5:pcie01: service driver pcie_pme loaded
Apr 10 12:58:05 kernel: [    0.412264] pcieport 0000:00:15.6: Signaling PME through PCIe PME interrupt
Apr 10 12:58:05 kernel: [    0.412281] pcie_pme 0000:00:15.6:pcie01: service driver pcie_pme loaded
Apr 10 12:58:05 kernel: [    0.412322] pcieport 0000:00:15.7: Signaling PME through PCIe PME interrupt
Apr 10 12:58:05 kernel: [    0.412339] pcie_pme 0000:00:15.7:pcie01: service driver pcie_pme loaded
Apr 10 12:58:05 kernel: [    0.412381] pcieport 0000:00:16.0: Signaling PME through PCIe PME interrupt
Apr 10 12:58:05 kernel: [    0.412383] pci 0000:0b:00.0: Signaling PME through PCIe PME interrupt
Apr 10 12:58:05 kernel: [    0.412399] pcie_pme 0000:00:16.0:pcie01: service driver pcie_pme loaded
Apr 10 12:58:05 kernel: [    0.412441] pcieport 0000:00:16.1: Signaling PME through PCIe PME interrupt
Apr 10 12:58:05 kernel: [    0.412457] pcie_pme 0000:00:16.1:pcie01: service driver pcie_pme loaded
Apr 10 12:58:05 kernel: [    0.412499] pcieport 0000:00:16.2: Signaling PME through PCIe PME interrupt
Apr 10 12:58:05 kernel: [    0.412515] pcie_pme 0000:00:16.2:pcie01: service driver pcie_pme loaded
Apr 10 12:58:05 kernel: [    0.412557] pcieport 0000:00:16.3: Signaling PME through PCIe PME interrupt
Apr 10 12:58:05 kernel: [    0.412574] pcie_pme 0000:00:16.3:pcie01: service driver pcie_pme loaded
Apr 10 12:58:05 kernel: [    0.412615] pcieport 0000:00:16.4: Signaling PME through PCIe PME interrupt
Apr 10 12:58:05 kernel: [    0.412632] pcie_pme 0000:00:16.4:pcie01: service driver pcie_pme loaded
Apr 10 12:58:05 kernel: [    0.412678] pcieport 0000:00:16.5: Signaling PME through PCIe PME interrupt
Apr 10 12:58:05 kernel: [    0.412695] pcie_pme 0000:00:16.5:pcie01: service driver pcie_pme loaded
Apr 10 12:58:05 kernel: [    0.412737] pcieport 0000:00:16.6: Signaling PME through PCIe PME interrupt
Apr 10 12:58:05 kernel: [    0.412754] pcie_pme 0000:00:16.6:pcie01: service driver pcie_pme loaded
Apr 10 12:58:05 kernel: [    0.412796] pcieport 0000:00:16.7: Signaling PME through PCIe PME interrupt
Apr 10 12:58:05 kernel: [    0.412812] pcie_pme 0000:00:16.7:pcie01: service driver pcie_pme loaded
Apr 10 12:58:05 kernel: [    0.412854] pcieport 0000:00:17.0: Signaling PME through PCIe PME interrupt
Apr 10 12:58:05 kernel: [    0.412856] pci 0000:13:00.0: Signaling PME through PCIe PME interrupt
Apr 10 12:58:05 kernel: [    0.412872] pcie_pme 0000:00:17.0:pcie01: service driver pcie_pme loaded
Apr 10 12:58:05 kernel: [    0.412914] pcieport 0000:00:17.1: Signaling PME through PCIe PME interrupt
Apr 10 12:58:05 kernel: [    0.412931] pcie_pme 0000:00:17.1:pcie01: service driver pcie_pme loaded
Apr 10 12:58:05 kernel: [    0.412973] pcieport 0000:00:17.2: Signaling PME through PCIe PME interrupt
Apr 10 12:58:05 kernel: [    0.412989] pcie_pme 0000:00:17.2:pcie01: service driver pcie_pme loaded
Apr 10 12:58:05 kernel: [    0.413031] pcieport 0000:00:17.3: Signaling PME through PCIe PME interrupt
Apr 10 12:58:05 kernel: [    0.413048] pcie_pme 0000:00:17.3:pcie01: service driver pcie_pme loaded
Apr 10 12:58:05 kernel: [    0.413090] pcieport 0000:00:17.4: Signaling PME through PCIe PME interrupt
Apr 10 12:58:05 kernel: [    0.413106] pcie_pme 0000:00:17.4:pcie01: service driver pcie_pme loaded
Apr 10 12:58:05 kernel: [    0.413148] pcieport 0000:00:17.5: Signaling PME through PCIe PME interrupt
Apr 10 12:58:05 kernel: [    0.413165] pcie_pme 0000:00:17.5:pcie01: service driver pcie_pme loaded
Apr 10 12:58:05 kernel: [    0.413207] pcieport 0000:00:17.6: Signaling PME through PCIe PME interrupt
Apr 10 12:58:05 kernel: [    0.413223] pcie_pme 0000:00:17.6:pcie01: service driver pcie_pme loaded
Apr 10 12:58:05 kernel: [    0.413270] pcieport 0000:00:17.7: Signaling PME through PCIe PME interrupt
Apr 10 12:58:05 kernel: [    0.413286] pcie_pme 0000:00:17.7:pcie01: service driver pcie_pme loaded
Apr 10 12:58:05 kernel: [    0.413329] pcieport 0000:00:18.0: Signaling PME through PCIe PME interrupt
Apr 10 12:58:05 kernel: [    0.413345] pcie_pme 0000:00:18.0:pcie01: service driver pcie_pme loaded
Apr 10 12:58:05 kernel: [    0.413387] pcieport 0000:00:18.1: Signaling PME through PCIe PME interrupt
Apr 10 12:58:05 kernel: [    0.413404] pcie_pme 0000:00:18.1:pcie01: service driver pcie_pme loaded
Apr 10 12:58:05 kernel: [    0.413446] pcieport 0000:00:18.2: Signaling PME through PCIe PME interrupt
Apr 10 12:58:05 kernel: [    0.413462] pcie_pme 0000:00:18.2:pcie01: service driver pcie_pme loaded
Apr 10 12:58:05 kernel: [    0.413504] pcieport 0000:00:18.3: Signaling PME through PCIe PME interrupt
Apr 10 12:58:05 kernel: [    0.413521] pcie_pme 0000:00:18.3:pcie01: service driver pcie_pme loaded
Apr 10 12:58:05 kernel: [    0.413563] pcieport 0000:00:18.4: Signaling PME through PCIe PME interrupt
Apr 10 12:58:05 kernel: [    0.413580] pcie_pme 0000:00:18.4:pcie01: service driver pcie_pme loaded
Apr 10 12:58:05 kernel: [    0.413622] pcieport 0000:00:18.5: Signaling PME through PCIe PME interrupt
Apr 10 12:58:05 kernel: [    0.413638] pcie_pme 0000:00:18.5:pcie01: service driver pcie_pme loaded
Apr 10 12:58:05 kernel: [    0.413688] pcieport 0000:00:18.6: Signaling PME through PCIe PME interrupt
Apr 10 12:58:05 kernel: [    0.413704] pcie_pme 0000:00:18.6:pcie01: service driver pcie_pme loaded
Apr 10 12:58:05 kernel: [    0.413746] pcieport 0000:00:18.7: Signaling PME through PCIe PME interrupt
Apr 10 12:58:05 kernel: [    0.413763] pcie_pme 0000:00:18.7:pcie01: service driver pcie_pme loaded
Apr 10 12:58:05 kernel: [    0.413782] pci_hotplug: PCI Hot Plug PCI Core version: 0.5
Apr 10 12:58:05 kernel: [    0.414165] pciehp 0000:00:15.0:pcie04: Slot #160 AttnBtn+ AttnInd- PwrInd- PwrCtrl+ MRL- Interlock- NoCompl+ LLActRep+
Apr 10 12:58:05 kernel: [    0.414215] pciehp 0000:00:15.0:pcie04: service driver pciehp loaded
Apr 10 12:58:05 kernel: [    0.414264] pciehp 0000:00:15.1:pcie04: Slot #161 AttnBtn+ AttnInd- PwrInd- PwrCtrl+ MRL- Interlock- NoCompl+ LLActRep+
Apr 10 12:58:05 kernel: [    0.414309] pciehp 0000:00:15.1:pcie04: service driver pciehp loaded
Apr 10 12:58:05 kernel: [    0.414363] pciehp 0000:00:15.2:pcie04: Slot #162 AttnBtn+ AttnInd- PwrInd- PwrCtrl+ MRL- Interlock- NoCompl+ LLActRep+
Apr 10 12:58:05 kernel: [    0.414409] pciehp 0000:00:15.2:pcie04: service driver pciehp loaded
Apr 10 12:58:05 kernel: [    0.414457] pciehp 0000:00:15.3:pcie04: Slot #163 AttnBtn+ AttnInd- PwrInd- PwrCtrl+ MRL- Interlock- NoCompl+ LLActRep+
Apr 10 12:58:05 kernel: [    0.414508] pciehp 0000:00:15.3:pcie04: service driver pciehp loaded
Apr 10 12:58:05 kernel: [    0.414556] pciehp 0000:00:15.4:pcie04: Slot #164 AttnBtn+ AttnInd- PwrInd- PwrCtrl+ MRL- Interlock- NoCompl+ LLActRep+
Apr 10 12:58:05 kernel: [    0.414601] pciehp 0000:00:15.4:pcie04: service driver pciehp loaded
Apr 10 12:58:05 kernel: [    0.414649] pciehp 0000:00:15.5:pcie04: Slot #165 AttnBtn+ AttnInd- PwrInd- PwrCtrl+ MRL- Interlock- NoCompl+ LLActRep+
Apr 10 12:58:05 kernel: [    0.414694] pciehp 0000:00:15.5:pcie04: service driver pciehp loaded
Apr 10 12:58:05 kernel: [    0.414742] pciehp 0000:00:15.6:pcie04: Slot #166 AttnBtn+ AttnInd- PwrInd- PwrCtrl+ MRL- Interlock- NoCompl+ LLActRep+
Apr 10 12:58:05 kernel: [    0.414787] pciehp 0000:00:15.6:pcie04: service driver pciehp loaded
Apr 10 12:58:05 kernel: [    0.414835] pciehp 0000:00:15.7:pcie04: Slot #167 AttnBtn+ AttnInd- PwrInd- PwrCtrl+ MRL- Interlock- NoCompl+ LLActRep+
Apr 10 12:58:05 kernel: [    0.414880] pciehp 0000:00:15.7:pcie04: service driver pciehp loaded
Apr 10 12:58:05 kernel: [    0.414928] pciehp 0000:00:16.0:pcie04: Slot #192 AttnBtn+ AttnInd- PwrInd- PwrCtrl+ MRL- Interlock- NoCompl+ LLActRep+
Apr 10 12:58:05 kernel: [    0.414973] pciehp 0000:00:16.0:pcie04: service driver pciehp loaded
Apr 10 12:58:05 kernel: [    0.415021] pciehp 0000:00:16.1:pcie04: Slot #193 AttnBtn+ AttnInd- PwrInd- PwrCtrl+ MRL- Interlock- NoCompl+ LLActRep+
Apr 10 12:58:05 kernel: [    0.415076] pciehp 0000:00:16.1:pcie04: service driver pciehp loaded
Apr 10 12:58:05 kernel: [    0.415124] pciehp 0000:00:16.2:pcie04: Slot #194 AttnBtn+ AttnInd- PwrInd- PwrCtrl+ MRL- Interlock- NoCompl+ LLActRep+
Apr 10 12:58:05 kernel: [    0.415169] pciehp 0000:00:16.2:pcie04: service driver pciehp loaded
Apr 10 12:58:05 kernel: [    0.415217] pciehp 0000:00:16.3:pcie04: Slot #195 AttnBtn+ AttnInd- PwrInd- PwrCtrl+ MRL- Interlock- NoCompl+ LLActRep+
Apr 10 12:58:05 kernel: [    0.415262] pciehp 0000:00:16.3:pcie04: service driver pciehp loaded
Apr 10 12:58:05 kernel: [    0.415310] pciehp 0000:00:16.4:pcie04: Slot #196 AttnBtn+ AttnInd- PwrInd- PwrCtrl+ MRL- Interlock- NoCompl+ LLActRep+
Apr 10 12:58:05 kernel: [    0.415355] pciehp 0000:00:16.4:pcie04: service driver pciehp loaded
Apr 10 12:58:05 kernel: [    0.415403] pciehp 0000:00:16.5:pcie04: Slot #197 AttnBtn+ AttnInd- PwrInd- PwrCtrl+ MRL- Interlock- NoCompl+ LLActRep+
Apr 10 12:58:05 kernel: [    0.415449] pciehp 0000:00:16.5:pcie04: service driver pciehp loaded
Apr 10 12:58:05 kernel: [    0.415497] pciehp 0000:00:16.6:pcie04: Slot #198 AttnBtn+ AttnInd- PwrInd- PwrCtrl+ MRL- Interlock- NoCompl+ LLActRep+
Apr 10 12:58:05 kernel: [    0.415543] pciehp 0000:00:16.6:pcie04: service driver pciehp loaded
Apr 10 12:58:05 kernel: [    0.415591] pciehp 0000:00:16.7:pcie04: Slot #199 AttnBtn+ AttnInd- PwrInd- PwrCtrl+ MRL- Interlock- NoCompl+ LLActRep+
Apr 10 12:58:05 kernel: [    0.415636] pciehp 0000:00:16.7:pcie04: service driver pciehp loaded
Apr 10 12:58:05 kernel: [    0.415684] pciehp 0000:00:17.0:pcie04: Slot #224 AttnBtn+ AttnInd- PwrInd- PwrCtrl+ MRL- Interlock- NoCompl+ LLActRep+
Apr 10 12:58:05 kernel: [    0.415729] pciehp 0000:00:17.0:pcie04: service driver pciehp loaded
Apr 10 12:58:05 kernel: [    0.415777] pciehp 0000:00:17.1:pcie04: Slot #225 AttnBtn+ AttnInd- PwrInd- PwrCtrl+ MRL- Interlock- NoCompl+ LLActRep+
Apr 10 12:58:05 kernel: [    0.415827] pciehp 0000:00:17.1:pcie04: service driver pciehp loaded
Apr 10 12:58:05 kernel: [    0.415875] pciehp 0000:00:17.2:pcie04: Slot #226 AttnBtn+ AttnInd- PwrInd- PwrCtrl+ MRL- Interlock- NoCompl+ LLActRep+
Apr 10 12:58:05 kernel: [    0.415920] pciehp 0000:00:17.2:pcie04: service driver pciehp loaded
Apr 10 12:58:05 kernel: [    0.415968] pciehp 0000:00:17.3:pcie04: Slot #227 AttnBtn+ AttnInd- PwrInd- PwrCtrl+ MRL- Interlock- NoCompl+ LLActRep+
Apr 10 12:58:05 kernel: [    0.416013] pciehp 0000:00:17.3:pcie04: service driver pciehp loaded
Apr 10 12:58:05 kernel: [    0.416061] pciehp 0000:00:17.4:pcie04: Slot #228 AttnBtn+ AttnInd- PwrInd- PwrCtrl+ MRL- Interlock- NoCompl+ LLActRep+
Apr 10 12:58:05 kernel: [    0.416105] pciehp 0000:00:17.4:pcie04: service driver pciehp loaded
Apr 10 12:58:05 kernel: [    0.416158] pciehp 0000:00:17.5:pcie04: Slot #229 AttnBtn+ AttnInd- PwrInd- PwrCtrl+ MRL- Interlock- NoCompl+ LLActRep+
Apr 10 12:58:05 kernel: [    0.416203] pciehp 0000:00:17.5:pcie04: service driver pciehp loaded
Apr 10 12:58:05 kernel: [    0.416252] pciehp 0000:00:17.6:pcie04: Slot #230 AttnBtn+ AttnInd- PwrInd- PwrCtrl+ MRL- Interlock- NoCompl+ LLActRep+
Apr 10 12:58:05 kernel: [    0.416301] pciehp 0000:00:17.6:pcie04: service driver pciehp loaded
Apr 10 12:58:05 kernel: [    0.416349] pciehp 0000:00:17.7:pcie04: Slot #231 AttnBtn+ AttnInd- PwrInd- PwrCtrl+ MRL- Interlock- NoCompl+ LLActRep+
Apr 10 12:58:05 kernel: [    0.416394] pciehp 0000:00:17.7:pcie04: service driver pciehp loaded
Apr 10 12:58:05 kernel: [    0.416442] pciehp 0000:00:18.0:pcie04: Slot #256 AttnBtn+ AttnInd- PwrInd- PwrCtrl+ MRL- Interlock- NoCompl+ LLActRep+
Apr 10 12:58:05 kernel: [    0.416487] pciehp 0000:00:18.0:pcie04: service driver pciehp loaded
Apr 10 12:58:05 kernel: [    0.416535] pciehp 0000:00:18.1:pcie04: Slot #257 AttnBtn+ AttnInd- PwrInd- PwrCtrl+ MRL- Interlock- NoCompl+ LLActRep+
Apr 10 12:58:05 kernel: [    0.416579] pciehp 0000:00:18.1:pcie04: service driver pciehp loaded
Apr 10 12:58:05 kernel: [    0.416627] pciehp 0000:00:18.2:pcie04: Slot #258 AttnBtn+ AttnInd- PwrInd- PwrCtrl+ MRL- Interlock- NoCompl+ LLActRep+
Apr 10 12:58:05 kernel: [    0.416672] pciehp 0000:00:18.2:pcie04: service driver pciehp loaded
Apr 10 12:58:05 kernel: [    0.416720] pciehp 0000:00:18.3:pcie04: Slot #259 AttnBtn+ AttnInd- PwrInd- PwrCtrl+ MRL- Interlock- NoCompl+ LLActRep+
Apr 10 12:58:05 kernel: [    0.416771] pciehp 0000:00:18.3:pcie04: service driver pciehp loaded
Apr 10 12:58:05 kernel: [    0.416819] pciehp 0000:00:18.4:pcie04: Slot #260 AttnBtn+ AttnInd- PwrInd- PwrCtrl+ MRL- Interlock- NoCompl+ LLActRep+
Apr 10 12:58:05 kernel: [    0.416864] pciehp 0000:00:18.4:pcie04: service driver pciehp loaded
Apr 10 12:58:05 kernel: [    0.416912] pciehp 0000:00:18.5:pcie04: Slot #261 AttnBtn+ AttnInd- PwrInd- PwrCtrl+ MRL- Interlock- NoCompl+ LLActRep+
